Archive member included to satisfy reference by file (symbol)

../Middlewares/ST/AI/Lib/NetworkRuntime730_CM4_GCC.a(ai_platform.o)
                              ./X-CUBE-AI/App/network.o (ai_buffer_array_item_set_address)
../Middlewares/ST/AI/Lib/NetworkRuntime730_CM4_GCC.a(ai_platform_interface.o)
                              ./X-CUBE-AI/App/network.o (ai_platform_get_weights_map)
../Middlewares/ST/AI/Lib/NetworkRuntime730_CM4_GCC.a(core_mem_manager.o)
                              ../Middlewares/ST/AI/Lib/NetworkRuntime730_CM4_GCC.a(ai_platform_interface.o) (core_mem_alloc)
../Middlewares/ST/AI/Lib/NetworkRuntime730_CM4_GCC.a(core_common.o)
                              ../Middlewares/ST/AI/Lib/NetworkRuntime730_CM4_GCC.a(ai_platform_interface.o) (core_init)
../Middlewares/ST/AI/Lib/NetworkRuntime730_CM4_GCC.a(layers_conv2d_generic_float.o)
                              ./X-CUBE-AI/App/network.o (forward_dense)
../Middlewares/ST/AI/Lib/NetworkRuntime730_CM4_GCC.a(layers_nl_generic_float.o)
                              ./X-CUBE-AI/App/network.o (forward_relu)
../Middlewares/ST/AI/Lib/NetworkRuntime730_CM4_GCC.a(layers.o)
                              ../Middlewares/ST/AI/Lib/NetworkRuntime730_CM4_GCC.a(ai_platform_interface.o) (ai_check_custom_types)
../Middlewares/ST/AI/Lib/NetworkRuntime730_CM4_GCC.a(lite_dense_if32.o)
                              ../Middlewares/ST/AI/Lib/NetworkRuntime730_CM4_GCC.a(layers_conv2d_generic_float.o) (lite_dense_if32of32wf32)
../Middlewares/ST/AI/Lib/NetworkRuntime730_CM4_GCC.a(arm_mat_init_f32.o)
                              ../Middlewares/ST/AI/Lib/NetworkRuntime730_CM4_GCC.a(layers_conv2d_generic_float.o) (st_dsp_arm_mat_init_f32)
../Middlewares/ST/AI/Lib/NetworkRuntime730_CM4_GCC.a(ai_datatypes_internal.o)
                              ../Middlewares/ST/AI/Lib/NetworkRuntime730_CM4_GCC.a(ai_platform_interface.o) (ai_version_get)
../Middlewares/ST/AI/Lib/NetworkRuntime730_CM4_GCC.a(ai_datatypes_format.o)
                              ../Middlewares/ST/AI/Lib/NetworkRuntime730_CM4_GCC.a(ai_platform_interface.o) (ai_array_to_buffer_fmt)
../Middlewares/ST/AI/Lib/NetworkRuntime730_CM4_GCC.a(ai_math_helpers.o)
                              ../Middlewares/ST/AI/Lib/NetworkRuntime730_CM4_GCC.a(layers_nl_generic_float.o) (ai_math_sqrt)
../Middlewares/ST/AI/Lib/NetworkRuntime730_CM4_GCC.a(st_convolve_reference.o)
                              ../Middlewares/ST/AI/Lib/NetworkRuntime730_CM4_GCC.a(ai_math_helpers.o) (align_factor)
/opt/st/stm32cubeide_1.11.0/plugins/com.st.stm32cube.ide.mcu.externaltools.gnu-tools-for-stm32.10.3-2021.10.linux64_1.0.100.202210260954/tools/bin/../lib/gcc/arm-none-eabi/10.3.1/../../../../arm-none-eabi/lib/thumb/v7e-m+fp/hard/libm.a(lib_a-sf_asinh.o)
                              ../Middlewares/ST/AI/Lib/NetworkRuntime730_CM4_GCC.a(layers_nl_generic_float.o) (asinhf)
/opt/st/stm32cubeide_1.11.0/plugins/com.st.stm32cube.ide.mcu.externaltools.gnu-tools-for-stm32.10.3-2021.10.linux64_1.0.100.202210260954/tools/bin/../lib/gcc/arm-none-eabi/10.3.1/../../../../arm-none-eabi/lib/thumb/v7e-m+fp/hard/libm.a(lib_a-sf_atan.o)
                              ../Middlewares/ST/AI/Lib/NetworkRuntime730_CM4_GCC.a(layers_nl_generic_float.o) (atanf)
/opt/st/stm32cubeide_1.11.0/plugins/com.st.stm32cube.ide.mcu.externaltools.gnu-tools-for-stm32.10.3-2021.10.linux64_1.0.100.202210260954/tools/bin/../lib/gcc/arm-none-eabi/10.3.1/../../../../arm-none-eabi/lib/thumb/v7e-m+fp/hard/libm.a(lib_a-sf_ceil.o)
                              ../Middlewares/ST/AI/Lib/NetworkRuntime730_CM4_GCC.a(layers_nl_generic_float.o) (ceilf)
/opt/st/stm32cubeide_1.11.0/plugins/com.st.stm32cube.ide.mcu.externaltools.gnu-tools-for-stm32.10.3-2021.10.linux64_1.0.100.202210260954/tools/bin/../lib/gcc/arm-none-eabi/10.3.1/../../../../arm-none-eabi/lib/thumb/v7e-m+fp/hard/libm.a(lib_a-sf_cos.o)
                              ../Middlewares/ST/AI/Lib/NetworkRuntime730_CM4_GCC.a(layers_nl_generic_float.o) (cosf)
/opt/st/stm32cubeide_1.11.0/plugins/com.st.stm32cube.ide.mcu.externaltools.gnu-tools-for-stm32.10.3-2021.10.linux64_1.0.100.202210260954/tools/bin/../lib/gcc/arm-none-eabi/10.3.1/../../../../arm-none-eabi/lib/thumb/v7e-m+fp/hard/libm.a(lib_a-sf_erf.o)
                              ../Middlewares/ST/AI/Lib/NetworkRuntime730_CM4_GCC.a(layers_nl_generic_float.o) (erff)
/opt/st/stm32cubeide_1.11.0/plugins/com.st.stm32cube.ide.mcu.externaltools.gnu-tools-for-stm32.10.3-2021.10.linux64_1.0.100.202210260954/tools/bin/../lib/gcc/arm-none-eabi/10.3.1/../../../../arm-none-eabi/lib/thumb/v7e-m+fp/hard/libm.a(lib_a-sf_fabs.o)
                              /opt/st/stm32cubeide_1.11.0/plugins/com.st.stm32cube.ide.mcu.externaltools.gnu-tools-for-stm32.10.3-2021.10.linux64_1.0.100.202210260954/tools/bin/../lib/gcc/arm-none-eabi/10.3.1/../../../../arm-none-eabi/lib/thumb/v7e-m+fp/hard/libm.a(lib_a-sf_asinh.o) (fabsf)
[...]
Memory Configuration

Name             Origin             Length             Attributes
CCMRAM           0x0000000010000000 0x0000000000010000 xrw
RAM              0x0000000020000000 0x000000000001c000 xrw
FLASH            0x0000000008000000 0x0000000000080000 xr
*default*        0x0000000000000000 0xffffffffffffffff

Linker script and memory map

LOAD /opt/st/stm32cubeide_1.11.0/plugins/com.st.stm32cube.ide.mcu.externaltools.gnu-tools-for-stm32.10.3-2021.10.linux64_1.0.100.202210260954/tools/bin/../lib/gcc/arm-none-eabi/10.3.1/thumb/v7e-m+fp/hard/crti.o
LOAD /opt/st/stm32cubeide_1.11.0/plugins/com.st.stm32cube.ide.mcu.externaltools.gnu-tools-for-stm32.10.3-2021.10.linux64_1.0.100.202210260954/tools/bin/../lib/gcc/arm-none-eabi/10.3.1/thumb/v7e-m+fp/hard/crtbegin.o
LOAD /opt/st/stm32cubeide_1.11.0/plugins/com.st.stm32cube.ide.mcu.externaltools.gnu-tools-for-stm32.10.3-2021.10.linux64_1.0.100.202210260954/tools/bin/../lib/gcc/arm-none-eabi/10.3.1/../../../../arm-none-eabi/lib/thumb/v7e-m+fp/hard/crt0.o
LOAD ./Core/Src/crc.o
LOAD ./Core/Src/gpio.o
LOAD ./Core/Src/main.o
LOAD ./Core/Src/main_cxx.o
LOAD ./Core/Src/rng.o
LOAD ./Core/Src/stm32f4xx_hal_msp.o
LOAD ./Core/Src/stm32f4xx_it.o
LOAD ./Core/Src/sysmem.o
LOAD ./Core/Src/system_stm32f4xx.o
LOAD ./Core/Src/tim.o
LOAD ./Core/Src/usart.o
LOAD ./Core/Startup/startup_stm32f407vetx.o
LOAD ./Drivers/STM32F4xx_HAL_Driver/Src/stm32f4xx_hal.o
LOAD ./Drivers/STM32F4xx_HAL_Driver/Src/stm32f4xx_hal_cortex.o
LOAD ./Drivers/STM32F4xx_HAL_Driver/Src/stm32f4xx_hal_crc.o
LOAD ./Drivers/STM32F4xx_HAL_Driver/Src/stm32f4xx_hal_dma.o
LOAD ./Drivers/STM32F4xx_HAL_Driver/Src/stm32f4xx_hal_dma_ex.o
LOAD ./Drivers/STM32F4xx_HAL_Driver/Src/stm32f4xx_hal_exti.o
LOAD ./Drivers/STM32F4xx_HAL_Driver/Src/stm32f4xx_hal_flash.o
LOAD ./Drivers/STM32F4xx_HAL_Driver/Src/stm32f4xx_hal_flash_ex.o
LOAD ./Drivers/STM32F4xx_HAL_Driver/Src/stm32f4xx_hal_flash_ramfunc.o
LOAD ./Drivers/STM32F4xx_HAL_Driver/Src/stm32f4xx_hal_gpio.o
LOAD ./Drivers/STM32F4xx_HAL_Driver/Src/stm32f4xx_hal_pwr.o
LOAD ./Drivers/STM32F4xx_HAL_Driver/Src/stm32f4xx_hal_pwr_ex.o
LOAD ./Drivers/STM32F4xx_HAL_Driver/Src/stm32f4xx_hal_rcc.o
LOAD ./Drivers/STM32F4xx_HAL_Driver/Src/stm32f4xx_hal_rcc_ex.o
LOAD ./Drivers/STM32F4xx_HAL_Driver/Src/stm32f4xx_hal_rng.o
LOAD ./Drivers/STM32F4xx_HAL_Driver/Src/stm32f4xx_hal_tim.o
LOAD ./Drivers/STM32F4xx_HAL_Driver/Src/stm32f4xx_hal_tim_ex.o
LOAD ./Drivers/STM32F4xx_HAL_Driver/Src/stm32f4xx_hal_uart.o
LOAD ./X-CUBE-AI/App/network.o
LOAD ./X-CUBE-AI/App/network_data.o
LOAD ./X-CUBE-AI/App/network_data_params.o
LOAD ../Middlewares/ST/AI/Lib/NetworkRuntime730_CM4_GCC.a
START GROUP
LOAD /opt/st/stm32cubeide_1.11.0/plugins/com.st.stm32cube.ide.mcu.externaltools.gnu-tools-for-stm32.10.3-2021.10.linux64_1.0.100.202210260954/tools/bin/../lib/gcc/arm-none-eabi/10.3.1/../../../../arm-none-eabi/lib/thumb/v7e-m+fp/hard/libstdc++.a
LOAD /opt/st/stm32cubeide_1.11.0/plugins/com.st.stm32cube.ide.mcu.externaltools.gnu-tools-for-stm32.10.3-2021.10.linux64_1.0.100.202210260954/tools/bin/../lib/gcc/arm-none-eabi/10.3.1/../../../../arm-none-eabi/lib/thumb/v7e-m+fp/hard/libsupc++.a
END GROUP
LOAD /opt/st/stm32cubeide_1.11.0/plugins/com.st.stm32cube.ide.mcu.externaltools.gnu-tools-for-stm32.10.3-2021.10.linux64_1.0.100.202210260954/tools/bin/../lib/gcc/arm-none-eabi/10.3.1/../../../../arm-none-eabi/lib/thumb/v7e-m+fp/hard/libstdc++.a
LOAD /opt/st/stm32cubeide_1.11.0/plugins/com.st.stm32cube.ide.mcu.externaltools.gnu-tools-for-stm32.10.3-2021.10.linux64_1.0.100.202210260954/tools/bin/../lib/gcc/arm-none-eabi/10.3.1/../../../../arm-none-eabi/lib/thumb/v7e-m+fp/hard/libm.a
LOAD /opt/st/stm32cubeide_1.11.0/plugins/com.st.stm32cube.ide.mcu.externaltools.gnu-tools-for-stm32.10.3-2021.10.linux64_1.0.100.202210260954/tools/bin/../lib/gcc/arm-none-eabi/10.3.1/../../../../arm-none-eabi/lib/thumb/v7e-m+fp/hard/libc.a
START GROUP
LOAD /opt/st/stm32cubeide_1.11.0/plugins/com.st.stm32cube.ide.mcu.externaltools.gnu-tools-for-stm32.10.3-2021.10.linux64_1.0.100.202210260954/tools/bin/../lib/gcc/arm-none-eabi/10.3.1/thumb/v7e-m+fp/hard/libgcc.a
LOAD /opt/st/stm32cubeide_1.11.0/plugins/com.st.stm32cube.ide.mcu.externaltools.gnu-tools-for-stm32.10.3-2021.10.linux64_1.0.100.202210260954/tools/bin/../lib/gcc/arm-none-eabi/10.3.1/../../../../arm-none-eabi/lib/thumb/v7e-m+fp/hard/libc.a
END GROUP
START GROUP
LOAD /opt/st/stm32cubeide_1.11.0/plugins/com.st.stm32cube.ide.mcu.externaltools.gnu-tools-for-stm32.10.3-2021.10.linux64_1.0.100.202210260954/tools/bin/../lib/gcc/arm-none-eabi/10.3.1/thumb/v7e-m+fp/hard/libgcc.a
LOAD /opt/st/stm32cubeide_1.11.0/plugins/com.st.stm32cube.ide.mcu.externaltools.gnu-tools-for-stm32.10.3-2021.10.linux64_1.0.100.202210260954/tools/bin/../lib/gcc/arm-none-eabi/10.3.1/../../../../arm-none-eabi/lib/thumb/v7e-m+fp/hard/libc.a
LOAD /opt/st/stm32cubeide_1.11.0/plugins/com.st.stm32cube.ide.mcu.externaltools.gnu-tools-for-stm32.10.3-2021.10.linux64_1.0.100.202210260954/tools/bin/../lib/gcc/arm-none-eabi/10.3.1/../../../../arm-none-eabi/lib/thumb/v7e-m+fp/hard/libnosys.a
END GROUP
LOAD /opt/st/stm32cubeide_1.11.0/plugins/com.st.stm32cube.ide.mcu.externaltools.gnu-tools-for-stm32.10.3-2021.10.linux64_1.0.100.202210260954/tools/bin/../lib/gcc/arm-none-eabi/10.3.1/thumb/v7e-m+fp/hard/crtend.o
LOAD /opt/st/stm32cubeide_1.11.0/plugins/com.st.stm32cube.ide.mcu.externaltools.gnu-tools-for-stm32.10.3-2021.10.linux64_1.0.100.202210260954/tools/bin/../lib/gcc/arm-none-eabi/10.3.1/thumb/v7e-m+fp/hard/crtn.o
                0x000000002001c000                _estack = (ORIGIN (RAM) + LENGTH (RAM))
                0x0000000000000800                _Min_Heap_Size = 0x800
                0x0000000000001000                _Min_Stack_Size = 0x1000

.isr_vector     0x0000000008000000      0x188
                0x0000000008000000                . = ALIGN (0x4)
 *(.isr_vector)
 .isr_vector    0x0000000008000000      0x188 ./Core/Startup/startup_stm32f407vetx.o
                0x0000000008000000                g_pfnVectors
                0x0000000008000188                . = ALIGN (0x4)

.text           0x0000000008000190     0x9768
                0x0000000008000190                . = ALIGN (0x4)
 *(.text)
 .text          0x0000000008000190       0x40 /opt/st/stm32cubeide_1.11.0/plugins/com.st.stm32cube.ide.mcu.externaltools.gnu-tools-for-stm32.10.3-2021.10.linux64_1.0.100.202210260954/tools/bin/../lib/gcc/arm-none-eabi/10.3.1/thumb/v7e-m+fp/hard/crtbegin.o
 .text          0x00000000080001d0       0x10 /opt/st/stm32cubeide_1.11.0/plugins/com.st.stm32cube.ide.mcu.externaltools.gnu-tools-for-stm32.10.3-2021.10.linux64_1.0.100.202210260954/tools/bin/../lib/gcc/arm-none-eabi/10.3.1/../../../../arm-none-eabi/lib/thumb/v7e-m+fp/hard/libc.a(lib_a-strlen.o)
                0x00000000080001d0                strlen
 .text          0x00000000080001e0       0xa0 /opt/st/stm32cubeide_1.11.0/plugins/com.st.stm32cube.ide.mcu.externaltools.gnu-tools-for-stm32.10.3-2021.10.linux64_1.0.100.202210260954/tools/bin/../lib/gcc/arm-none-eabi/10.3.1/../../../../arm-none-eabi/lib/thumb/v7e-m+fp/hard/libc.a(lib_a-memchr.o)
                0x00000000080001e0                memchr
 .text          0x0000000008000280      0x378 /opt/st/stm32cubeide_1.11.0/plugins/com.st.stm32cube.ide.mcu.externaltools.gnu-tools-for-stm32.10.3-2021.10.linux64_1.0.100.202210260954/tools/bin/../lib/gcc/arm-none-eabi/10.3.1/thumb/v7e-m+fp/hard/libgcc.a(_arm_addsubdf3.o)
                0x0000000008000280                __aeabi_drsub
                0x0000000008000288                __aeabi_dsub
                0x0000000008000288                __subdf3
                0x000000000800028c                __adddf3
                0x000000000800028c                __aeabi_dadd
                0x0000000008000504                __aeabi_ui2d
                0x0000000008000504                __floatunsidf
                0x0000000008000524                __floatsidf
                0x0000000008000524                __aeabi_i2d
                0x0000000008000548                __extendsfdf2
                0x0000000008000548                __aeabi_f2d
                0x000000000800058c                __aeabi_ul2d
                0x000000000800058c                __floatundidf
                0x000000000800059c                __floatdidf
                0x000000000800059c                __aeabi_l2d
 .text          0x00000000080005f8      0x424 /opt/st/stm32cubeide_1.11.0/plugins/com.st.stm32cube.ide.mcu.externaltools.gnu-tools-for-stm32.10.3-2021.10.linux64_1.0.100.202210260954/tools/bin/../lib/gcc/arm-none-eabi/10.3.1/thumb/v7e-m+fp/hard/libgcc.a(_arm_muldivdf3.o)
                0x00000000080005f8                __aeabi_dmul
                0x00000000080005f8                __muldf3
                0x000000000800084c                __aeabi_ddiv
                0x000000000800084c                __divdf3
 .text          0x0000000008000a1c      0x110 /opt/st/stm32cubeide_1.11.0/plugins/com.st.stm32cube.ide.mcu.externaltools.gnu-tools-for-stm32.10.3-2021.10.linux64_1.0.100.202210260954/tools/bin/../lib/gcc/arm-none-eabi/10.3.1/thumb/v7e-m+fp/hard/libgcc.a(_arm_cmpdf2.o)
                0x0000000008000a1c                __gtdf2
                0x0000000008000a1c                __gedf2
                0x0000000008000a24                __ltdf2
                0x0000000008000a24                __ledf2
                0x0000000008000a2c                __cmpdf2
                0x0000000008000a2c                __eqdf2
                0x0000000008000a2c                __nedf2
                0x0000000008000aa8                __aeabi_cdrcmple
                0x0000000008000ab8                __aeabi_cdcmple
                0x0000000008000ab8                __aeabi_cdcmpeq
                0x0000000008000ac8                __aeabi_dcmpeq
                0x0000000008000adc                __aeabi_dcmplt
                0x0000000008000af0                __aeabi_dcmple
                0x0000000008000b04                __aeabi_dcmpge
                0x0000000008000b18                __aeabi_dcmpgt
 .text          0x0000000008000b2c       0x2c /opt/st/stm32cubeide_1.11.0/plugins/com.st.stm32cube.ide.mcu.externaltools.gnu-tools-for-stm32.10.3-2021.10.linux64_1.0.100.202210260954/tools/bin/../lib/gcc/arm-none-eabi/10.3.1/thumb/v7e-m+fp/hard/libgcc.a(_arm_unorddf2.o)
                0x0000000008000b2c                __aeabi_dcmpun
                0x0000000008000b2c                __unorddf2
 .text          0x0000000008000b58       0x50 /opt/st/stm32cubeide_1.11.0/plugins/com.st.stm32cube.ide.mcu.externaltools.gnu-tools-for-stm32.10.3-2021.10.linux64_1.0.100.202210260954/tools/bin/../lib/gcc/arm-none-eabi/10.3.1/thumb/v7e-m+fp/hard/libgcc.a(_arm_fixdfsi.o)
                0x0000000008000b58                __fixdfsi
                0x0000000008000b58                __aeabi_d2iz
 .text          0x0000000008000ba8       0x30 /opt/st/stm32cubeide_1.11.0/plugins/com.st.stm32cube.ide.mcu.externaltools.gnu-tools-for-stm32.10.3-2021.10.linux64_1.0.100.202210260954/tools/bin/../lib/gcc/arm-none-eabi/10.3.1/thumb/v7e-m+fp/hard/libgcc.a(_aeabi_uldivmod.o)
                0x0000000008000ba8                __aeabi_uldivmod
 .text          0x0000000008000bd8      0x2d0 /opt/st/stm32cubeide_1.11.0/plugins/com.st.stm32cube.ide.mcu.externaltools.gnu-tools-for-stm32.10.3-2021.10.linux64_1.0.100.202210260954/tools/bin/../lib/gcc/arm-none-eabi/10.3.1/thumb/v7e-m+fp/hard/libgcc.a(_udivmoddi4.o)
                0x0000000008000bd8                __udivmoddi4
 .text          0x0000000008000ea8        0x4 /opt/st/stm32cubeide_1.11.0/plugins/com.st.stm32cube.ide.mcu.externaltools.gnu-tools-for-stm32.10.3-2021.10.linux64_1.0.100.202210260954/tools/bin/../lib/gcc/arm-none-eabi/10.3.1/thumb/v7e-m+fp/hard/libgcc.a(_dvmd_tls.o)
                0x0000000008000ea8                __aeabi_ldiv0
                0x0000000008000ea8                __aeabi_idiv0
 *(.text*)
 .text.MX_CRC_Init
                0x0000000008000eac       0x20 ./Core/Src/crc.o
                0x0000000008000eac                MX_CRC_Init
 .text.HAL_CRC_MspInit
                0x0000000008000ecc       0x34 ./Core/Src/crc.o
                0x0000000008000ecc                HAL_CRC_MspInit
 .text.MX_GPIO_Init
                0x0000000008000f00       0xc0 ./Core/Src/gpio.o
                0x0000000008000f00                MX_GPIO_Init
 .text.aiInit   0x0000000008000fc0       0x58 ./Core/Src/main.o
                0x0000000008000fc0                aiInit
 .text.SystemClock_Config
                0x0000000008001018       0xa8 ./Core/Src/main.o
                0x0000000008001018                SystemClock_Config
 .text.startup.main
                0x00000000080010c0      0x1f8 ./Core/Src/main.o
                0x00000000080010c0                main
 .text.Error_Handler
                0x00000000080012b8        0x4 ./Core/Src/main.o
                0x00000000080012b8                Error_Handler
 .text.MX_RNG_Init
                0x00000000080012bc       0x20 ./Core/Src/rng.o
                0x00000000080012bc                MX_RNG_Init
 .text.HAL_RNG_MspInit
                0x00000000080012dc       0x30 ./Core/Src/rng.o
                0x00000000080012dc                HAL_RNG_MspInit
 .text.HAL_MspInit
                0x000000000800130c       0x38 ./Core/Src/stm32f4xx_hal_msp.o
                0x000000000800130c                HAL_MspInit
 .text.NMI_Handler
                0x0000000008001344        0x4 ./Core/Src/stm32f4xx_it.o
                0x0000000008001344                NMI_Handler
 .text.HardFault_Handler
                0x0000000008001348        0x4 ./Core/Src/stm32f4xx_it.o
                0x0000000008001348                HardFault_Handler
 .text.MemManage_Handler
                0x000000000800134c        0x4 ./Core/Src/stm32f4xx_it.o
                0x000000000800134c                MemManage_Handler
 .text.BusFault_Handler
                0x0000000008001350        0x4 ./Core/Src/stm32f4xx_it.o
                0x0000000008001350                BusFault_Handler
 .text.UsageFault_Handler
                0x0000000008001354        0x4 ./Core/Src/stm32f4xx_it.o
                0x0000000008001354                UsageFault_Handler
 .text.SVC_Handler
                0x0000000008001358        0x4 ./Core/Src/stm32f4xx_it.o
                0x0000000008001358                SVC_Handler
 .text.DebugMon_Handler
                0x000000000800135c        0x4 ./Core/Src/stm32f4xx_it.o
                0x000000000800135c                DebugMon_Handler
 .text.PendSV_Handler
                0x0000000008001360        0x4 ./Core/Src/stm32f4xx_it.o
                0x0000000008001360                PendSV_Handler
 .text.SysTick_Handler
                0x0000000008001364        0x4 ./Core/Src/stm32f4xx_it.o
                0x0000000008001364                SysTick_Handler
 .text.TIM3_IRQHandler
                0x0000000008001368        0xc ./Core/Src/stm32f4xx_it.o
                0x0000000008001368                TIM3_IRQHandler
 .text.TIM5_IRQHandler
                0x0000000008001374        0xc ./Core/Src/stm32f4xx_it.o
                0x0000000008001374                TIM5_IRQHandler
 .text._sbrk    0x0000000008001380       0x44 ./Core/Src/sysmem.o
                0x0000000008001380                _sbrk
 .text.SystemInit
                0x00000000080013c4       0x14 ./Core/Src/system_stm32f4xx.o
                0x00000000080013c4                SystemInit
 .text.MX_TIM3_Init
                0x00000000080013d8       0x74 ./Core/Src/tim.o
                0x00000000080013d8                MX_TIM3_Init
 *fill*         0x000000000800144c        0x4 
 .text.MX_TIM5_Init
                0x0000000008001450       0xd0 ./Core/Src/tim.o
                0x0000000008001450                MX_TIM5_Init
 .text.HAL_TIM_Base_MspInit
                0x0000000008001520       0xb0 ./Core/Src/tim.o
                0x0000000008001520                HAL_TIM_Base_MspInit
 .text.MX_USART1_UART_Init
                0x00000000080015d0       0x38 ./Core/Src/usart.o
                0x00000000080015d0                MX_USART1_UART_Init
 .text.HAL_UART_MspInit
                0x0000000008001608       0x78 ./Core/Src/usart.o
                0x0000000008001608                HAL_UART_MspInit
 .text.Reset_Handler
                0x0000000008001680       0x50 ./Core/Startup/startup_stm32f407vetx.o
                0x0000000008001680                Reset_Handler
 .text.Default_Handler
                0x00000000080016d0        0x2 ./Core/Startup/startup_stm32f407vetx.o
                0x00000000080016d0                RTC_Alarm_IRQHandler
                0x00000000080016d0                HASH_RNG_IRQHandler
                0x00000000080016d0                EXTI2_IRQHandler
                0x00000000080016d0                TIM8_CC_IRQHandler
                0x00000000080016d0                TIM1_CC_IRQHandler
                0x00000000080016d0                DMA2_Stream5_IRQHandler
                0x00000000080016d0                DMA1_Stream5_IRQHandler
                0x00000000080016d0                PVD_IRQHandler
                0x00000000080016d0                SDIO_IRQHandler
                0x00000000080016d0                TAMP_STAMP_IRQHandler
                0x00000000080016d0                CAN2_RX1_IRQHandler
                0x00000000080016d0                EXTI3_IRQHandler
                0x00000000080016d0                TIM8_TRG_COM_TIM14_IRQHandler
                0x00000000080016d0                TIM1_UP_TIM10_IRQHandler
                0x00000000080016d0                TIM8_UP_TIM13_IRQHandler
                0x00000000080016d0                I2C3_ER_IRQHandler
                0x00000000080016d0                EXTI0_IRQHandler
                0x00000000080016d0                I2C2_EV_IRQHandler
                0x00000000080016d0                DMA1_Stream2_IRQHandler
                0x00000000080016d0                CAN1_RX0_IRQHandler
                0x00000000080016d0                FPU_IRQHandler
                0x00000000080016d0                OTG_HS_WKUP_IRQHandler
                0x00000000080016d0                CAN2_SCE_IRQHandler
                0x00000000080016d0                DMA2_Stream2_IRQHandler
                0x00000000080016d0                SPI1_IRQHandler
                0x00000000080016d0                TIM6_DAC_IRQHandler
                0x00000000080016d0                TIM1_BRK_TIM9_IRQHandler
                0x00000000080016d0                DCMI_IRQHandler
                0x00000000080016d0                CAN2_RX0_IRQHandler
                0x00000000080016d0                DMA2_Stream3_IRQHandler
                0x00000000080016d0                USART6_IRQHandler
                0x00000000080016d0                USART3_IRQHandler
                0x00000000080016d0                CAN1_RX1_IRQHandler
                0x00000000080016d0                UART5_IRQHandler
                0x00000000080016d0                DMA2_Stream0_IRQHandler
                0x00000000080016d0                TIM4_IRQHandler
                0x00000000080016d0                I2C1_EV_IRQHandler
                0x00000000080016d0                DMA1_Stream6_IRQHandler
                0x00000000080016d0                DMA1_Stream1_IRQHandler
                0x00000000080016d0                UART4_IRQHandler
                0x00000000080016d0                RCC_IRQHandler
                0x00000000080016d0                TIM8_BRK_TIM12_IRQHandler
                0x00000000080016d0                Default_Handler
                0x00000000080016d0                EXTI15_10_IRQHandler
                0x00000000080016d0                ADC_IRQHandler
                0x00000000080016d0                DMA1_Stream7_IRQHandler
                0x00000000080016d0                TIM7_IRQHandler
                0x00000000080016d0                CAN2_TX_IRQHandler
                0x00000000080016d0                DMA2_Stream7_IRQHandler
                0x00000000080016d0                I2C3_EV_IRQHandler
                0x00000000080016d0                EXTI9_5_IRQHandler
                0x00000000080016d0                RTC_WKUP_IRQHandler
                0x00000000080016d0                ETH_WKUP_IRQHandler
                0x00000000080016d0                SPI2_IRQHandler
                0x00000000080016d0                OTG_HS_EP1_IN_IRQHandler
                0x00000000080016d0                DMA1_Stream0_IRQHandler
                0x00000000080016d0                CAN1_TX_IRQHandler
                0x00000000080016d0                EXTI4_IRQHandler
                0x00000000080016d0                FSMC_IRQHandler
                0x00000000080016d0                ETH_IRQHandler
                0x00000000080016d0                OTG_HS_EP1_OUT_IRQHandler
                0x00000000080016d0                WWDG_IRQHandler
                0x00000000080016d0                TIM2_IRQHandler
                0x00000000080016d0                OTG_FS_WKUP_IRQHandler
                0x00000000080016d0                TIM1_TRG_COM_TIM11_IRQHandler
                0x00000000080016d0                OTG_HS_IRQHandler
                0x00000000080016d0                EXTI1_IRQHandler
                0x00000000080016d0                USART2_IRQHandler
                0x00000000080016d0                I2C2_ER_IRQHandler
                0x00000000080016d0                DMA2_Stream1_IRQHandler
                0x00000000080016d0                CAN1_SCE_IRQHandler
                0x00000000080016d0                FLASH_IRQHandler
                0x00000000080016d0                DMA2_Stream4_IRQHandler
                0x00000000080016d0                USART1_IRQHandler
                0x00000000080016d0                OTG_FS_IRQHandler
                0x00000000080016d0                SPI3_IRQHandler
                0x00000000080016d0                DMA1_Stream4_IRQHandler
                0x00000000080016d0                I2C1_ER_IRQHandler
                0x00000000080016d0                DMA2_Stream6_IRQHandler
                0x00000000080016d0                DMA1_Stream3_IRQHandler
 *fill*         0x00000000080016d2        0x2 
 .text.HAL_InitTick
                0x00000000080016d4       0x48 ./Drivers/STM32F4xx_HAL_Driver/Src/stm32f4xx_hal.o
                0x00000000080016d4                HAL_InitTick
 .text.HAL_Init
                0x000000000800171c       0x34 ./Drivers/STM32F4xx_HAL_Driver/Src/stm32f4xx_hal.o
                0x000000000800171c                HAL_Init
 .text.HAL_IncTick
                0x0000000008001750       0x18 ./Drivers/STM32F4xx_HAL_Driver/Src/stm32f4xx_hal.o
                0x0000000008001750                HAL_IncTick
 .text.HAL_GetTick
                0x0000000008001768        0xc ./Drivers/STM32F4xx_HAL_Driver/Src/stm32f4xx_hal.o
                0x0000000008001768                HAL_GetTick
 .text.HAL_Delay
                0x0000000008001774       0x24 ./Drivers/STM32F4xx_HAL_Driver/Src/stm32f4xx_hal.o
                0x0000000008001774                HAL_Delay
 .text.HAL_NVIC_SetPriorityGrouping
                0x0000000008001798       0x24 ./Drivers/STM32F4xx_HAL_Driver/Src/stm32f4xx_hal_cortex.o
                0x0000000008001798                HAL_NVIC_SetPriorityGrouping
 .text.HAL_NVIC_SetPriority
                0x00000000080017bc       0x7c ./Drivers/STM32F4xx_HAL_Driver/Src/stm32f4xx_hal_cortex.o
                0x00000000080017bc                HAL_NVIC_SetPriority
 .text.HAL_NVIC_EnableIRQ
                0x0000000008001838       0x1c ./Drivers/STM32F4xx_HAL_Driver/Src/stm32f4xx_hal_cortex.o
                0x0000000008001838                HAL_NVIC_EnableIRQ
 .text.HAL_SYSTICK_Config
                0x0000000008001854       0x34 ./Drivers/STM32F4xx_HAL_Driver/Src/stm32f4xx_hal_cortex.o
                0x0000000008001854                HAL_SYSTICK_Config
 .text.HAL_CRC_Init
                0x0000000008001888       0x28 ./Drivers/STM32F4xx_HAL_Driver/Src/stm32f4xx_hal_crc.o
                0x0000000008001888                HAL_CRC_Init
 .text.HAL_GPIO_Init
                0x00000000080018b0      0x240 ./Drivers/STM32F4xx_HAL_Driver/Src/stm32f4xx_hal_gpio.o
                0x00000000080018b0                HAL_GPIO_Init
 .text.HAL_GPIO_WritePin
                0x0000000008001af0        0x8 ./Drivers/STM32F4xx_HAL_Driver/Src/stm32f4xx_hal_gpio.o
                0x0000000008001af0                HAL_GPIO_WritePin
 .text.HAL_GPIO_TogglePin
                0x0000000008001af8       0x14 ./Drivers/STM32F4xx_HAL_Driver/Src/stm32f4xx_hal_gpio.o
                0x0000000008001af8                HAL_GPIO_TogglePin
 .text.HAL_RCC_OscConfig
                0x0000000008001b0c      0x3c8 ./Drivers/STM32F4xx_HAL_Driver/Src/stm32f4xx_hal_rcc.o
                0x0000000008001b0c                HAL_RCC_OscConfig
 .text.HAL_RCC_GetSysClockFreq
                0x0000000008001ed4       0x68 ./Drivers/STM32F4xx_HAL_Driver/Src/stm32f4xx_hal_rcc.o
                0x0000000008001ed4                HAL_RCC_GetSysClockFreq
 .text.HAL_RCC_ClockConfig
                0x0000000008001f3c      0x13c ./Drivers/STM32F4xx_HAL_Driver/Src/stm32f4xx_hal_rcc.o
                0x0000000008001f3c                HAL_RCC_ClockConfig
 .text.HAL_RCC_GetPCLK1Freq
                0x0000000008002078       0x20 ./Drivers/STM32F4xx_HAL_Driver/Src/stm32f4xx_hal_rcc.o
                0x0000000008002078                HAL_RCC_GetPCLK1Freq
 .text.HAL_RCC_GetPCLK2Freq
                0x0000000008002098       0x20 ./Drivers/STM32F4xx_HAL_Driver/Src/stm32f4xx_hal_rcc.o
                0x0000000008002098                HAL_RCC_GetPCLK2Freq
 .text.HAL_RNG_Init
                0x00000000080020b8       0x34 ./Drivers/STM32F4xx_HAL_Driver/Src/stm32f4xx_hal_rng.o
                0x00000000080020b8                HAL_RNG_Init
 .text.HAL_RNG_GenerateRandomNumber
                0x00000000080020ec       0x6c ./Drivers/STM32F4xx_HAL_Driver/Src/stm32f4xx_hal_rng.o
                0x00000000080020ec                HAL_RNG_GenerateRandomNumber
 .text.HAL_TIM_Base_Init
                0x0000000008002158      0x11c ./Drivers/STM32F4xx_HAL_Driver/Src/stm32f4xx_hal_tim.o
                0x0000000008002158                HAL_TIM_Base_Init
 .text.HAL_TIM_Base_Start_IT
                0x0000000008002274       0x78 ./Drivers/STM32F4xx_HAL_Driver/Src/stm32f4xx_hal_tim.o
                0x0000000008002274                HAL_TIM_Base_Start_IT
 .text.HAL_TIM_IC_MspInit
                0x00000000080022ec        0x4 ./Drivers/STM32F4xx_HAL_Driver/Src/stm32f4xx_hal_tim.o
                0x00000000080022ec                HAL_TIM_IC_MspInit
 .text.HAL_TIM_IC_Init
                0x00000000080022f0      0x11c ./Drivers/STM32F4xx_HAL_Driver/Src/stm32f4xx_hal_tim.o
                0x00000000080022f0                HAL_TIM_IC_Init
 .text.HAL_TIM_IC_ConfigChannel
                0x000000000800240c      0x1bc ./Drivers/STM32F4xx_HAL_Driver/Src/stm32f4xx_hal_tim.o
                0x000000000800240c                HAL_TIM_IC_ConfigChannel
 .text.HAL_TIM_ConfigClockSource
                0x00000000080025c8      0x160 ./Drivers/STM32F4xx_HAL_Driver/Src/stm32f4xx_hal_tim.o
                0x00000000080025c8                HAL_TIM_ConfigClockSource
 .text.HAL_TIM_PeriodElapsedCallback
                0x0000000008002728        0x4 ./Drivers/STM32F4xx_HAL_Driver/Src/stm32f4xx_hal_tim.o
                0x0000000008002728                HAL_TIM_PeriodElapsedCallback
 .text.HAL_TIM_OC_DelayElapsedCallback
                0x000000000800272c        0x4 ./Drivers/STM32F4xx_HAL_Driver/Src/stm32f4xx_hal_tim.o
                0x000000000800272c                HAL_TIM_OC_DelayElapsedCallback
 .text.HAL_TIM_IC_CaptureCallback
                0x0000000008002730        0x4 ./Drivers/STM32F4xx_HAL_Driver/Src/stm32f4xx_hal_tim.o
                0x0000000008002730                HAL_TIM_IC_CaptureCallback
 .text.HAL_TIM_PWM_PulseFinishedCallback
                0x0000000008002734        0x4 ./Drivers/STM32F4xx_HAL_Driver/Src/stm32f4xx_hal_tim.o
                0x0000000008002734                HAL_TIM_PWM_PulseFinishedCallback
 .text.HAL_TIM_TriggerCallback
                0x0000000008002738        0x4 ./Drivers/STM32F4xx_HAL_Driver/Src/stm32f4xx_hal_tim.o
                0x0000000008002738                HAL_TIM_TriggerCallback
 .text.HAL_TIM_IRQHandler
                0x000000000800273c      0x154 ./Drivers/STM32F4xx_HAL_Driver/Src/stm32f4xx_hal_tim.o
                0x000000000800273c                HAL_TIM_IRQHandler
 .text.HAL_TIMEx_MasterConfigSynchronization
                0x0000000008002890       0x80 ./Drivers/STM32F4xx_HAL_Driver/Src/stm32f4xx_hal_tim_ex.o
                0x0000000008002890                HAL_TIMEx_MasterConfigSynchronization
 .text.HAL_TIMEx_CommutCallback
                0x0000000008002910        0x4 ./Drivers/STM32F4xx_HAL_Driver/Src/stm32f4xx_hal_tim_ex.o
                0x0000000008002910                HAL_TIMEx_CommutCallback
 .text.HAL_TIMEx_BreakCallback
                0x0000000008002914        0x4 ./Drivers/STM32F4xx_HAL_Driver/Src/stm32f4xx_hal_tim_ex.o
                0x0000000008002914                HAL_TIMEx_BreakCallback
 .text.HAL_UART_Init
                0x0000000008002918      0x134 ./Drivers/STM32F4xx_HAL_Driver/Src/stm32f4xx_hal_uart.o
                0x0000000008002918                HAL_UART_Init
 .text.ai_network_get_error
                0x0000000008002a4c        0x4 ./X-CUBE-AI/App/network.o
                0x0000000008002a4c                ai_network_get_error
 .text.ai_network_inputs_get
                0x0000000008002a50       0x18 ./X-CUBE-AI/App/network.o
                0x0000000008002a50                ai_network_inputs_get
 .text.ai_network_outputs_get
                0x0000000008002a68       0x18 ./X-CUBE-AI/App/network.o
                0x0000000008002a68                ai_network_outputs_get
 .text.ai_network_init
                0x0000000008002a80      0x154 ./X-CUBE-AI/App/network.o
                0x0000000008002a80                ai_network_init
 .text.ai_network_create_and_init
                0x0000000008002bd4       0xb0 ./X-CUBE-AI/App/network.o
                0x0000000008002bd4                ai_network_create_and_init
 .text.ai_network_run
                0x0000000008002c84        0x4 ./X-CUBE-AI/App/network.o
                0x0000000008002c84                ai_network_run
 .text.ai_network_data_params_get
                0x0000000008002c88       0x34 ./X-CUBE-AI/App/network_data.o
                0x0000000008002c88                ai_network_data_params_get
 .text.ai_buffer_get_size
                0x0000000008002cbc       0x68 ../Middlewares/ST/AI/Lib/NetworkRuntime730_CM4_GCC.a(ai_platform.o)
                0x0000000008002cbc                ai_buffer_get_size
 .text.ai_buffer_array_sane
                0x0000000008002d24       0x14 ../Middlewares/ST/AI/Lib/NetworkRuntime730_CM4_GCC.a(ai_platform.o)
                0x0000000008002d24                ai_buffer_array_sane
 .text.ai_buffer_array_item_set_address
                0x0000000008002d38       0x20 ../Middlewares/ST/AI/Lib/NetworkRuntime730_CM4_GCC.a(ai_platform.o)
                0x0000000008002d38                ai_buffer_array_item_set_address
 .text._ai_platform_acquire_crc
                0x0000000008002d58        0x4 ../Middlewares/ST/AI/Lib/NetworkRuntime730_CM4_GCC.a(ai_platform_interface.o)
                0x0000000008002d58                _ai_platform_acquire_crc
 .text._ai_platform_release_crc
                0x0000000008002d5c        0x4 ../Middlewares/ST/AI/Lib/NetworkRuntime730_CM4_GCC.a(ai_platform_interface.o)
                0x0000000008002d5c                _ai_platform_release_crc
 .text.ai_platform_get_weights_map
                0x0000000008002d60       0xa8 ../Middlewares/ST/AI/Lib/NetworkRuntime730_CM4_GCC.a(ai_platform_interface.o)
                0x0000000008002d60                ai_platform_get_weights_map
 .text.ai_platform_get_activations_map
                0x0000000008002e08       0xa8 ../Middlewares/ST/AI/Lib/NetworkRuntime730_CM4_GCC.a(ai_platform_interface.o)
                0x0000000008002e08                ai_platform_get_activations_map
 .text.ai_platform_bind_network_params
                0x0000000008002eb0       0x44 ../Middlewares/ST/AI/Lib/NetworkRuntime730_CM4_GCC.a(ai_platform_interface.o)
                0x0000000008002eb0                ai_platform_bind_network_params
 .text.ai_platform_network_get_error
                0x0000000008002ef4       0xdc ../Middlewares/ST/AI/Lib/NetworkRuntime730_CM4_GCC.a(ai_platform_interface.o)
                0x0000000008002ef4                ai_platform_network_get_error
 .text.ai_platform_network_set_error
                0x0000000008002fd0        0xc ../Middlewares/ST/AI/Lib/NetworkRuntime730_CM4_GCC.a(ai_platform_interface.o)
                0x0000000008002fd0                ai_platform_network_set_error
 .text.ai_platform_inputs_get
                0x0000000008002fdc      0x1ac ../Middlewares/ST/AI/Lib/NetworkRuntime730_CM4_GCC.a(ai_platform_interface.o)
                0x0000000008002fdc                ai_platform_inputs_get
 .text.ai_platform_outputs_get
                0x0000000008003188      0x1a0 ../Middlewares/ST/AI/Lib/NetworkRuntime730_CM4_GCC.a(ai_platform_interface.o)
                0x0000000008003188                ai_platform_outputs_get
 .text.ai_platform_network_create
                0x0000000008003328      0x1ac ../Middlewares/ST/AI/Lib/NetworkRuntime730_CM4_GCC.a(ai_platform_interface.o)
                0x0000000008003328                ai_platform_network_create
 .text.ai_platform_network_init
                0x00000000080034d4      0x1dc ../Middlewares/ST/AI/Lib/NetworkRuntime730_CM4_GCC.a(ai_platform_interface.o)
                0x00000000080034d4                ai_platform_network_init
 .text.ai_platform_network_post_init
                0x00000000080036b0      0x110 ../Middlewares/ST/AI/Lib/NetworkRuntime730_CM4_GCC.a(ai_platform_interface.o)
                0x00000000080036b0                ai_platform_network_post_init
 .text.ai_platform_network_process
                0x00000000080037c0      0x50c ../Middlewares/ST/AI/Lib/NetworkRuntime730_CM4_GCC.a(ai_platform_interface.o)
                0x00000000080037c0                ai_platform_network_process
 .text.core_init
                0x0000000008003ccc        0x4 ../Middlewares/ST/AI/Lib/NetworkRuntime730_CM4_GCC.a(core_common.o)
                0x0000000008003ccc                core_init
 .text.core_get_error
                0x0000000008003cd0        0xc ../Middlewares/ST/AI/Lib/NetworkRuntime730_CM4_GCC.a(core_common.o)
                0x0000000008003cd0                core_get_error
 .text.core_set_error
                0x0000000008003cdc       0x18 ../Middlewares/ST/AI/Lib/NetworkRuntime730_CM4_GCC.a(core_common.o)
                0x0000000008003cdc                core_set_error
 .text.forward_dense
                0x0000000008003cf4      0x54c ../Middlewares/ST/AI/Lib/NetworkRuntime730_CM4_GCC.a(layers_conv2d_generic_float.o)
                0x0000000008003cf4                forward_dense
 .text.forward_relu
                0x0000000008004240      0x268 ../Middlewares/ST/AI/Lib/NetworkRuntime730_CM4_GCC.a(layers_nl_generic_float.o)
                0x0000000008004240                forward_relu
 .text.forward_sm
                0x00000000080044a8      0x11c ../Middlewares/ST/AI/Lib/NetworkRuntime730_CM4_GCC.a(layers_nl_generic_float.o)
                0x00000000080044a8                forward_sm
 .text.ai_check_custom_types
                0x00000000080045c4       0x54 ../Middlewares/ST/AI/Lib/NetworkRuntime730_CM4_GCC.a(layers.o)
                0x00000000080045c4                ai_check_custom_types
 .text.ai_layers_init_all
                0x0000000008004618       0x1c ../Middlewares/ST/AI/Lib/NetworkRuntime730_CM4_GCC.a(layers.o)
                0x0000000008004618                ai_layers_init_all
 .text.ai_layers_post_init_all
                0x0000000008004634       0x28 ../Middlewares/ST/AI/Lib/NetworkRuntime730_CM4_GCC.a(layers.o)
                0x0000000008004634                ai_layers_post_init_all
 .text.ai_layers_forward_all
                0x000000000800465c       0x94 ../Middlewares/ST/AI/Lib/NetworkRuntime730_CM4_GCC.a(layers.o)
                0x000000000800465c                ai_layers_forward_all
 .text.lite_dense_if32of32wf32
                0x00000000080046f0      0x248 ../Middlewares/ST/AI/Lib/NetworkRuntime730_CM4_GCC.a(lite_dense_if32.o)
                0x00000000080046f0                lite_dense_if32of32wf32
 .text.ai_version_get
                0x0000000008004938        0xc ../Middlewares/ST/AI/Lib/NetworkRuntime730_CM4_GCC.a(ai_datatypes_internal.o)
                0x0000000008004938                ai_version_get
 .text.get_tensor_byte_size
                0x0000000008004944       0x30 ../Middlewares/ST/AI/Lib/NetworkRuntime730_CM4_GCC.a(ai_datatypes_internal.o)
                0x0000000008004944                get_tensor_byte_size
 .text.ai_array_to_buffer_fmt
                0x0000000008004974       0xd8 ../Middlewares/ST/AI/Lib/NetworkRuntime730_CM4_GCC.a(ai_datatypes_format.o)
                0x0000000008004974                ai_array_to_buffer_fmt
 .text.ai_array_get_byte_size
                0x0000000008004a4c       0x50 ../Middlewares/ST/AI/Lib/NetworkRuntime730_CM4_GCC.a(ai_datatypes_format.o)
                0x0000000008004a4c                ai_array_get_byte_size
 .text.ai_array_get_data_byte_size
                0x0000000008004a9c       0x24 ../Middlewares/ST/AI/Lib/NetworkRuntime730_CM4_GCC.a(ai_datatypes_format.o)
                0x0000000008004a9c                ai_array_get_data_byte_size
 .text.expf     0x0000000008004ac0       0x6c /opt/st/stm32cubeide_1.11.0/plugins/com.st.stm32cube.ide.mcu.externaltools.gnu-tools-for-stm32.10.3-2021.10.linux64_1.0.100.202210260954/tools/bin/../lib/gcc/arm-none-eabi/10.3.1/../../../../arm-none-eabi/lib/thumb/v7e-m+fp/hard/libm.a(lib_a-wf_exp.o)
                0x0000000008004ac0                expf
 .text.__ieee754_expf
                0x0000000008004b2c      0x19c /opt/st/stm32cubeide_1.11.0/plugins/com.st.stm32cube.ide.mcu.externaltools.gnu-tools-for-stm32.10.3-2021.10.linux64_1.0.100.202210260954/tools/bin/../lib/gcc/arm-none-eabi/10.3.1/../../../../arm-none-eabi/lib/thumb/v7e-m+fp/hard/libm.a(lib_a-ef_exp.o)
                0x0000000008004b2c                __ieee754_expf
 .text.with_errnof
                0x0000000008004cc8       0x16 /opt/st/stm32cubeide_1.11.0/plugins/com.st.stm32cube.ide.mcu.externaltools.gnu-tools-for-stm32.10.3-2021.10.linux64_1.0.100.202210260954/tools/bin/../lib/gcc/arm-none-eabi/10.3.1/../../../../arm-none-eabi/lib/thumb/v7e-m+fp/hard/libm.a(lib_a-math_errf.o)
 .text.xflowf   0x0000000008004cde       0x16 /opt/st/stm32cubeide_1.11.0/plugins/com.st.stm32cube.ide.mcu.externaltools.gnu-tools-for-stm32.10.3-2021.10.linux64_1.0.100.202210260954/tools/bin/../lib/gcc/arm-none-eabi/10.3.1/../../../../arm-none-eabi/lib/thumb/v7e-m+fp/hard/libm.a(lib_a-math_errf.o)
 .text.__math_uflowf
                0x0000000008004cf4        0xc /opt/st/stm32cubeide_1.11.0/plugins/com.st.stm32cube.ide.mcu.externaltools.gnu-tools-for-stm32.10.3-2021.10.linux64_1.0.100.202210260954/tools/bin/../lib/gcc/arm-none-eabi/10.3.1/../../../../arm-none-eabi/lib/thumb/v7e-m+fp/hard/libm.a(lib_a-math_errf.o)
                0x0000000008004cf4                __math_uflowf
 .text.__math_oflowf
                0x0000000008004d00        0xc /opt/st/stm32cubeide_1.11.0/plugins/com.st.stm32cube.ide.mcu.externaltools.gnu-tools-for-stm32.10.3-2021.10.linux64_1.0.100.202210260954/tools/bin/../lib/gcc/arm-none-eabi/10.3.1/../../../../arm-none-eabi/lib/thumb/v7e-m+fp/hard/libm.a(lib_a-math_errf.o)
                0x0000000008004d00                __math_oflowf
 .text.finitef  0x0000000008004d0c       0x1a /opt/st/stm32cubeide_1.11.0/plugins/com.st.stm32cube.ide.mcu.externaltools.gnu-tools-for-stm32.10.3-2021.10.linux64_1.0.100.202210260954/tools/bin/../lib/gcc/arm-none-eabi/10.3.1/../../../../arm-none-eabi/lib/thumb/v7e-m+fp/hard/libm.a(lib_a-sf_finite.o)
                0x0000000008004d0c                finitef
 *fill*         0x0000000008004d26        0x2 
 .text.__errno  0x0000000008004d28        0xc /opt/st/stm32cubeide_1.11.0/plugins/com.st.stm32cube.ide.mcu.externaltools.gnu-tools-for-stm32.10.3-2021.10.linux64_1.0.100.202210260954/tools/bin/../lib/gcc/arm-none-eabi/10.3.1/../../../../arm-none-eabi/lib/thumb/v7e-m+fp/hard/libc.a(lib_a-errno.o)
                0x0000000008004d28                __errno
 .text.__libc_init_array
                0x0000000008004d34       0x48 /opt/st/stm32cubeide_1.11.0/plugins/com.st.stm32cube.ide.mcu.externaltools.gnu-tools-for-stm32.10.3-2021.10.linux64_1.0.100.202210260954/tools/bin/../lib/gcc/arm-none-eabi/10.3.1/../../../../arm-none-eabi/lib/thumb/v7e-m+fp/hard/libc.a(lib_a-init.o)
                0x0000000008004d34                __libc_init_array
 .text._malloc_r
                0x0000000008004d7c      0x478 /opt/st/stm32cubeide_1.11.0/plugins/com.st.stm32cube.ide.mcu.externaltools.gnu-tools-for-stm32.10.3-2021.10.linux64_1.0.100.202210260954/tools/bin/../lib/gcc/arm-none-eabi/10.3.1/../../../../arm-none-eabi/lib/thumb/v7e-m+fp/hard/libc.a(lib_a-mallocr.o)
                0x0000000008004d7c                _malloc_r
 .text.memcpy   0x00000000080051f4       0x1c /opt/st/stm32cubeide_1.11.0/plugins/com.st.stm32cube.ide.mcu.externaltools.gnu-tools-for-stm32.10.3-2021.10.linux64_1.0.100.202210260954/tools/bin/../lib/gcc/arm-none-eabi/10.3.1/../../../../arm-none-eabi/lib/thumb/v7e-m+fp/hard/libc.a(lib_a-memcpy-stub.o)
                0x00000000080051f4                memcpy
 .text.memset   0x0000000008005210       0x10 /opt/st/stm32cubeide_1.11.0/plugins/com.st.stm32cube.ide.mcu.externaltools.gnu-tools-for-stm32.10.3-2021.10.linux64_1.0.100.202210260954/tools/bin/../lib/gcc/arm-none-eabi/10.3.1/../../../../arm-none-eabi/lib/thumb/v7e-m+fp/hard/libc.a(lib_a-memset.o)
                0x0000000008005210                memset
 .text.__malloc_lock
                0x0000000008005220        0xc /opt/st/stm32cubeide_1.11.0/plugins/com.st.stm32cube.ide.mcu.externaltools.gnu-tools-for-stm32.10.3-2021.10.linux64_1.0.100.202210260954/tools/bin/../lib/gcc/arm-none-eabi/10.3.1/../../../../arm-none-eabi/lib/thumb/v7e-m+fp/hard/libc.a(lib_a-mlock.o)
                0x0000000008005220                __malloc_lock
 .text.__malloc_unlock
                0x000000000800522c        0xc /opt/st/stm32cubeide_1.11.0/plugins/com.st.stm32cube.ide.mcu.externaltools.gnu-tools-for-stm32.10.3-2021.10.linux64_1.0.100.202210260954/tools/bin/../lib/gcc/arm-none-eabi/10.3.1/../../../../arm-none-eabi/lib/thumb/v7e-m+fp/hard/libc.a(lib_a-mlock.o)
                0x000000000800522c                __malloc_unlock
 .text._puts_r  0x0000000008005238       0x8c /opt/st/stm32cubeide_1.11.0/plugins/com.st.stm32cube.ide.mcu.externaltools.gnu-tools-for-stm32.10.3-2021.10.linux64_1.0.100.202210260954/tools/bin/../lib/gcc/arm-none-eabi/10.3.1/../../../../arm-none-eabi/lib/thumb/v7e-m+fp/hard/libc.a(lib_a-puts.o)
                0x0000000008005238                _puts_r
 .text.puts     0x00000000080052c4       0x10 /opt/st/stm32cubeide_1.11.0/plugins/com.st.stm32cube.ide.mcu.externaltools.gnu-tools-for-stm32.10.3-2021.10.linux64_1.0.100.202210260954/tools/bin/../lib/gcc/arm-none-eabi/10.3.1/../../../../arm-none-eabi/lib/thumb/v7e-m+fp/hard/libc.a(lib_a-puts.o)
                0x00000000080052c4                puts
 .text._realloc_r
                0x00000000080052d4      0x348 /opt/st/stm32cubeide_1.11.0/plugins/com.st.stm32cube.ide.mcu.externaltools.gnu-tools-for-stm32.10.3-2021.10.linux64_1.0.100.202210260954/tools/bin/../lib/gcc/arm-none-eabi/10.3.1/../../../../arm-none-eabi/lib/thumb/v7e-m+fp/hard/libc.a(lib_a-reallocr.o)
                0x00000000080052d4                _realloc_r
 .text._sbrk_r  0x000000000800561c       0x20 /opt/st/stm32cubeide_1.11.0/plugins/com.st.stm32cube.ide.mcu.externaltools.gnu-tools-for-stm32.10.3-2021.10.linux64_1.0.100.202210260954/tools/bin/../lib/gcc/arm-none-eabi/10.3.1/../../../../arm-none-eabi/lib/thumb/v7e-m+fp/hard/libc.a(lib_a-sbrkr.o)
                0x000000000800561c                _sbrk_r
 .text.sprintf  0x000000000800563c       0x40 /opt/st/stm32cubeide_1.11.0/plugins/com.st.stm32cube.ide.mcu.externaltools.gnu-tools-for-stm32.10.3-2021.10.linux64_1.0.100.202210260954/tools/bin/../lib/gcc/arm-none-eabi/10.3.1/../../../../arm-none-eabi/lib/thumb/v7e-m+fp/hard/libc.a(lib_a-sprintf.o)
                0x000000000800563c                sprintf
 *fill*         0x000000000800567c        0x4 
 .text._svfprintf_r
                0x0000000008005680     0x13c8 /opt/st/stm32cubeide_1.11.0/plugins/com.st.stm32cube.ide.mcu.externaltools.gnu-tools-for-stm32.10.3-2021.10.linux64_1.0.100.202210260954/tools/bin/../lib/gcc/arm-none-eabi/10.3.1/../../../../arm-none-eabi/lib/thumb/v7e-m+fp/hard/libc.a(lib_a-svfprintf.o)
                0x0000000008005680                _svfprintf_r
 .text.sysconf  0x0000000008006a48       0x1a /opt/st/stm32cubeide_1.11.0/plugins/com.st.stm32cube.ide.mcu.externaltools.gnu-tools-for-stm32.10.3-2021.10.linux64_1.0.100.202210260954/tools/bin/../lib/gcc/arm-none-eabi/10.3.1/../../../../arm-none-eabi/lib/thumb/v7e-m+fp/hard/libc.a(lib_a-sysconf.o)
                0x0000000008006a48                sysconf
 *fill*         0x0000000008006a62        0x2 
 .text.startup.register_fini
                0x0000000008006a64       0x14 /opt/st/stm32cubeide_1.11.0/plugins/com.st.stm32cube.ide.mcu.externaltools.gnu-tools-for-stm32.10.3-2021.10.linux64_1.0.100.202210260954/tools/bin/../lib/gcc/arm-none-eabi/10.3.1/../../../../arm-none-eabi/lib/thumb/v7e-m+fp/hard/libc.a(lib_a-__call_atexit.o)
 .text.atexit   0x0000000008006a78        0xc /opt/st/stm32cubeide_1.11.0/plugins/com.st.stm32cube.ide.mcu.externaltools.gnu-tools-for-stm32.10.3-2021.10.linux64_1.0.100.202210260954/tools/bin/../lib/gcc/arm-none-eabi/10.3.1/../../../../arm-none-eabi/lib/thumb/v7e-m+fp/hard/libc.a(lib_a-atexit.o)
                0x0000000008006a78                atexit
 .text.quorem   0x0000000008006a84      0x116 /opt/st/stm32cubeide_1.11.0/plugins/com.st.stm32cube.ide.mcu.externaltools.gnu-tools-for-stm32.10.3-2021.10.linux64_1.0.100.202210260954/tools/bin/../lib/gcc/arm-none-eabi/10.3.1/../../../../arm-none-eabi/lib/thumb/v7e-m+fp/hard/libc.a(lib_a-dtoa.o)
 *fill*         0x0000000008006b9a        0x6 
 .text._dtoa_r  0x0000000008006ba0      0xbac /opt/st/stm32cubeide_1.11.0/plugins/com.st.stm32cube.ide.mcu.externaltools.gnu-tools-for-stm32.10.3-2021.10.linux64_1.0.100.202210260954/tools/bin/../lib/gcc/arm-none-eabi/10.3.1/../../../../arm-none-eabi/lib/thumb/v7e-m+fp/hard/libc.a(lib_a-dtoa.o)
                0x0000000008006ba0                _dtoa_r
 .text.std      0x000000000800774c       0x50 /opt/st/stm32cubeide_1.11.0/plugins/com.st.stm32cube.ide.mcu.externaltools.gnu-tools-for-stm32.10.3-2021.10.linux64_1.0.100.202210260954/tools/bin/../lib/gcc/arm-none-eabi/10.3.1/../../../../arm-none-eabi/lib/thumb/v7e-m+fp/hard/libc.a(lib_a-findfp.o)
 .text._cleanup_r
                0x000000000800779c        0xc /opt/st/stm32cubeide_1.11.0/plugins/com.st.stm32cube.ide.mcu.externaltools.gnu-tools-for-stm32.10.3-2021.10.linux64_1.0.100.202210260954/tools/bin/../lib/gcc/arm-none-eabi/10.3.1/../../../../arm-none-eabi/lib/thumb/v7e-m+fp/hard/libc.a(lib_a-findfp.o)
                0x000000000800779c                _cleanup_r
 .text.__sfp_lock_acquire
                0x00000000080077a8        0xc /opt/st/stm32cubeide_1.11.0/plugins/com.st.stm32cube.ide.mcu.externaltools.gnu-tools-for-stm32.10.3-2021.10.linux64_1.0.100.202210260954/tools/bin/../lib/gcc/arm-none-eabi/10.3.1/../../../../arm-none-eabi/lib/thumb/v7e-m+fp/hard/libc.a(lib_a-findfp.o)
                0x00000000080077a8                __sfp_lock_acquire
 .text.__sfp_lock_release
                0x00000000080077b4        0xc /opt/st/stm32cubeide_1.11.0/plugins/com.st.stm32cube.ide.mcu.externaltools.gnu-tools-for-stm32.10.3-2021.10.linux64_1.0.100.202210260954/tools/bin/../lib/gcc/arm-none-eabi/10.3.1/../../../../arm-none-eabi/lib/thumb/v7e-m+fp/hard/libc.a(lib_a-findfp.o)
                0x00000000080077b4                __sfp_lock_release
 .text.__sinit_lock_acquire
                0x00000000080077c0        0xc /opt/st/stm32cubeide_1.11.0/plugins/com.st.stm32cube.ide.mcu.externaltools.gnu-tools-for-stm32.10.3-2021.10.linux64_1.0.100.202210260954/tools/bin/../lib/gcc/arm-none-eabi/10.3.1/../../../../arm-none-eabi/lib/thumb/v7e-m+fp/hard/libc.a(lib_a-findfp.o)
                0x00000000080077c0                __sinit_lock_acquire
 .text.__sinit_lock_release
                0x00000000080077cc        0xc /opt/st/stm32cubeide_1.11.0/plugins/com.st.stm32cube.ide.mcu.externaltools.gnu-tools-for-stm32.10.3-2021.10.linux64_1.0.100.202210260954/tools/bin/../lib/gcc/arm-none-eabi/10.3.1/../../../../arm-none-eabi/lib/thumb/v7e-m+fp/hard/libc.a(lib_a-findfp.o)
                0x00000000080077cc                __sinit_lock_release
 .text.__sinit  0x00000000080077d8       0x50 /opt/st/stm32cubeide_1.11.0/plugins/com.st.stm32cube.ide.mcu.externaltools.gnu-tools-for-stm32.10.3-2021.10.linux64_1.0.100.202210260954/tools/bin/../lib/gcc/arm-none-eabi/10.3.1/../../../../arm-none-eabi/lib/thumb/v7e-m+fp/hard/libc.a(lib_a-findfp.o)
                0x00000000080077d8                __sinit
 .text.__libc_fini_array
                0x0000000008007828       0x28 /opt/st/stm32cubeide_1.11.0/plugins/com.st.stm32cube.ide.mcu.externaltools.gnu-tools-for-stm32.10.3-2021.10.linux64_1.0.100.202210260954/tools/bin/../lib/gcc/arm-none-eabi/10.3.1/../../../../arm-none-eabi/lib/thumb/v7e-m+fp/hard/libc.a(lib_a-fini.o)
                0x0000000008007828                __libc_fini_array
 .text._malloc_trim_r
                0x0000000008007850       0xa8 /opt/st/stm32cubeide_1.11.0/plugins/com.st.stm32cube.ide.mcu.externaltools.gnu-tools-for-stm32.10.3-2021.10.linux64_1.0.100.202210260954/tools/bin/../lib/gcc/arm-none-eabi/10.3.1/../../../../arm-none-eabi/lib/thumb/v7e-m+fp/hard/libc.a(lib_a-freer.o)
                0x0000000008007850                _malloc_trim_r
 .text._free_r  0x00000000080078f8      0x180 /opt/st/stm32cubeide_1.11.0/plugins/com.st.stm32cube.ide.mcu.externaltools.gnu-tools-for-stm32.10.3-2021.10.linux64_1.0.100.202210260954/tools/bin/../lib/gcc/arm-none-eabi/10.3.1/../../../../arm-none-eabi/lib/thumb/v7e-m+fp/hard/libc.a(lib_a-freer.o)
                0x00000000080078f8                _free_r
 .text.__sfvwrite_r
                0x0000000008007a78      0x294 /opt/st/stm32cubeide_1.11.0/plugins/com.st.stm32cube.ide.mcu.externaltools.gnu-tools-for-stm32.10.3-2021.10.linux64_1.0.100.202210260954/tools/bin/../lib/gcc/arm-none-eabi/10.3.1/../../../../arm-none-eabi/lib/thumb/v7e-m+fp/hard/libc.a(lib_a-fvwrite.o)
                0x0000000008007a78                __sfvwrite_r
 .text._fwalk_reent
                0x0000000008007d0c       0x3e /opt/st/stm32cubeide_1.11.0/plugins/com.st.stm32cube.ide.mcu.externaltools.gnu-tools-for-stm32.10.3-2021.10.linux64_1.0.100.202210260954/tools/bin/../lib/gcc/arm-none-eabi/10.3.1/../../../../arm-none-eabi/lib/thumb/v7e-m+fp/hard/libc.a(lib_a-fwalk.o)
                0x0000000008007d0c                _fwalk_reent
 *fill*         0x0000000008007d4a        0x2 
 .text._localeconv_r
                0x0000000008007d4c        0x8 /opt/st/stm32cubeide_1.11.0/plugins/com.st.stm32cube.ide.mcu.externaltools.gnu-tools-for-stm32.10.3-2021.10.linux64_1.0.100.202210260954/tools/bin/../lib/gcc/arm-none-eabi/10.3.1/../../../../arm-none-eabi/lib/thumb/v7e-m+fp/hard/libc.a(lib_a-localeconv.o)
                0x0000000008007d4c                _localeconv_r
 .text.__retarget_lock_init_recursive
                0x0000000008007d54        0x2 /opt/st/stm32cubeide_1.11.0/plugins/com.st.stm32cube.ide.mcu.externaltools.gnu-tools-for-stm32.10.3-2021.10.linux64_1.0.100.202210260954/tools/bin/../lib/gcc/arm-none-eabi/10.3.1/../../../../arm-none-eabi/lib/thumb/v7e-m+fp/hard/libc.a(lib_a-lock.o)
                0x0000000008007d54                __retarget_lock_init_recursive
 .text.__retarget_lock_close_recursive
                0x0000000008007d56        0x2 /opt/st/stm32cubeide_1.11.0/plugins/com.st.stm32cube.ide.mcu.externaltools.gnu-tools-for-stm32.10.3-2021.10.linux64_1.0.100.202210260954/tools/bin/../lib/gcc/arm-none-eabi/10.3.1/../../../../arm-none-eabi/lib/thumb/v7e-m+fp/hard/libc.a(lib_a-lock.o)
                0x0000000008007d56                __retarget_lock_close_recursive
 .text.__retarget_lock_acquire_recursive
                0x0000000008007d58        0x2 /opt/st/stm32cubeide_1.11.0/plugins/com.st.stm32cube.ide.mcu.externaltools.gnu-tools-for-stm32.10.3-2021.10.linux64_1.0.100.202210260954/tools/bin/../lib/gcc/arm-none-eabi/10.3.1/../../../../arm-none-eabi/lib/thumb/v7e-m+fp/hard/libc.a(lib_a-lock.o)
                0x0000000008007d58                __retarget_lock_acquire_recursive
 .text.__retarget_lock_release_recursive
                0x0000000008007d5a        0x2 /opt/st/stm32cubeide_1.11.0/plugins/com.st.stm32cube.ide.mcu.externaltools.gnu-tools-for-stm32.10.3-2021.10.linux64_1.0.100.202210260954/tools/bin/../lib/gcc/arm-none-eabi/10.3.1/../../../../arm-none-eabi/lib/thumb/v7e-m+fp/hard/libc.a(lib_a-lock.o)
                0x0000000008007d5a                __retarget_lock_release_recursive
 .text.memmove  0x0000000008007d5c       0x34 /opt/st/stm32cubeide_1.11.0/plugins/com.st.stm32cube.ide.mcu.externaltools.gnu-tools-for-stm32.10.3-2021.10.linux64_1.0.100.202210260954/tools/bin/../lib/gcc/arm-none-eabi/10.3.1/../../../../arm-none-eabi/lib/thumb/v7e-m+fp/hard/libc.a(lib_a-memmove.o)
                0x0000000008007d5c                memmove
 .text._Balloc  0x0000000008007d90       0x4a /opt/st/stm32cubeide_1.11.0/plugins/com.st.stm32cube.ide.mcu.externaltools.gnu-tools-for-stm32.10.3-2021.10.linux64_1.0.100.202210260954/tools/bin/../lib/gcc/arm-none-eabi/10.3.1/../../../../arm-none-eabi/lib/thumb/v7e-m+fp/hard/libc.a(lib_a-mprec.o)
                0x0000000008007d90                _Balloc
 .text._Bfree   0x0000000008007dda       0x12 /opt/st/stm32cubeide_1.11.0/plugins/com.st.stm32cube.ide.mcu.externaltools.gnu-tools-for-stm32.10.3-2021.10.linux64_1.0.100.202210260954/tools/bin/../lib/gcc/arm-none-eabi/10.3.1/../../../../arm-none-eabi/lib/thumb/v7e-m+fp/hard/libc.a(lib_a-mprec.o)
                0x0000000008007dda                _Bfree
 .text.__multadd
                0x0000000008007dec       0x8c /opt/st/stm32cubeide_1.11.0/plugins/com.st.stm32cube.ide.mcu.externaltools.gnu-tools-for-stm32.10.3-2021.10.linux64_1.0.100.202210260954/tools/bin/../lib/gcc/arm-none-eabi/10.3.1/../../../../arm-none-eabi/lib/thumb/v7e-m+fp/hard/libc.a(lib_a-mprec.o)
                0x0000000008007dec                __multadd
 .text.__hi0bits
                0x0000000008007e78       0x40 /opt/st/stm32cubeide_1.11.0/plugins/com.st.stm32cube.ide.mcu.externaltools.gnu-tools-for-stm32.10.3-2021.10.linux64_1.0.100.202210260954/tools/bin/../lib/gcc/arm-none-eabi/10.3.1/../../../../arm-none-eabi/lib/thumb/v7e-m+fp/hard/libc.a(lib_a-mprec.o)
                0x0000000008007e78                __hi0bits
 .text.__lo0bits
                0x0000000008007eb8       0x5e /opt/st/stm32cubeide_1.11.0/plugins/com.st.stm32cube.ide.mcu.externaltools.gnu-tools-for-stm32.10.3-2021.10.linux64_1.0.100.202210260954/tools/bin/../lib/gcc/arm-none-eabi/10.3.1/../../../../arm-none-eabi/lib/thumb/v7e-m+fp/hard/libc.a(lib_a-mprec.o)
                0x0000000008007eb8                __lo0bits
 *fill*         0x0000000008007f16        0x2 
 .text.__i2b    0x0000000008007f18       0x2c /opt/st/stm32cubeide_1.11.0/plugins/com.st.stm32cube.ide.mcu.externaltools.gnu-tools-for-stm32.10.3-2021.10.linux64_1.0.100.202210260954/tools/bin/../lib/gcc/arm-none-eabi/10.3.1/../../../../arm-none-eabi/lib/thumb/v7e-m+fp/hard/libc.a(lib_a-mprec.o)
                0x0000000008007f18                __i2b
 .text.__multiply
                0x0000000008007f44      0x154 /opt/st/stm32cubeide_1.11.0/plugins/com.st.stm32cube.ide.mcu.externaltools.gnu-tools-for-stm32.10.3-2021.10.linux64_1.0.100.202210260954/tools/bin/../lib/gcc/arm-none-eabi/10.3.1/../../../../arm-none-eabi/lib/thumb/v7e-m+fp/hard/libc.a(lib_a-mprec.o)
                0x0000000008007f44                __multiply
 .text.__pow5mult
                0x0000000008008098       0x80 /opt/st/stm32cubeide_1.11.0/plugins/com.st.stm32cube.ide.mcu.externaltools.gnu-tools-for-stm32.10.3-2021.10.linux64_1.0.100.202210260954/tools/bin/../lib/gcc/arm-none-eabi/10.3.1/../../../../arm-none-eabi/lib/thumb/v7e-m+fp/hard/libc.a(lib_a-mprec.o)
                0x0000000008008098                __pow5mult
 .text.__lshift
                0x0000000008008118       0xe0 /opt/st/stm32cubeide_1.11.0/plugins/com.st.stm32cube.ide.mcu.externaltools.gnu-tools-for-stm32.10.3-2021.10.linux64_1.0.100.202210260954/tools/bin/../lib/gcc/arm-none-eabi/10.3.1/../../../../arm-none-eabi/lib/thumb/v7e-m+fp/hard/libc.a(lib_a-mprec.o)
                0x0000000008008118                __lshift
 .text.__mcmp   0x00000000080081f8       0x38 /opt/st/stm32cubeide_1.11.0/plugins/com.st.stm32cube.ide.mcu.externaltools.gnu-tools-for-stm32.10.3-2021.10.linux64_1.0.100.202210260954/tools/bin/../lib/gcc/arm-none-eabi/10.3.1/../../../../arm-none-eabi/lib/thumb/v7e-m+fp/hard/libc.a(lib_a-mprec.o)
                0x00000000080081f8                __mcmp
 .text.__mdiff  0x0000000008008230      0x114 /opt/st/stm32cubeide_1.11.0/plugins/com.st.stm32cube.ide.mcu.externaltools.gnu-tools-for-stm32.10.3-2021.10.linux64_1.0.100.202210260954/tools/bin/../lib/gcc/arm-none-eabi/10.3.1/../../../../arm-none-eabi/lib/thumb/v7e-m+fp/hard/libc.a(lib_a-mprec.o)
                0x0000000008008230                __mdiff
 .text.__d2b    0x0000000008008344       0xb8 /opt/st/stm32cubeide_1.11.0/plugins/com.st.stm32cube.ide.mcu.externaltools.gnu-tools-for-stm32.10.3-2021.10.linux64_1.0.100.202210260954/tools/bin/../lib/gcc/arm-none-eabi/10.3.1/../../../../arm-none-eabi/lib/thumb/v7e-m+fp/hard/libc.a(lib_a-mprec.o)
                0x0000000008008344                __d2b
 .text.frexp    0x00000000080083fc       0x70 /opt/st/stm32cubeide_1.11.0/plugins/com.st.stm32cube.ide.mcu.externaltools.gnu-tools-for-stm32.10.3-2021.10.linux64_1.0.100.202210260954/tools/bin/../lib/gcc/arm-none-eabi/10.3.1/../../../../arm-none-eabi/lib/thumb/v7e-m+fp/hard/libc.a(lib_a-s_frexp.o)
                0x00000000080083fc                frexp
 .text.__sread  0x000000000800846c       0x22 /opt/st/stm32cubeide_1.11.0/plugins/com.st.stm32cube.ide.mcu.externaltools.gnu-tools-for-stm32.10.3-2021.10.linux64_1.0.100.202210260954/tools/bin/../lib/gcc/arm-none-eabi/10.3.1/../../../../arm-none-eabi/lib/thumb/v7e-m+fp/hard/libc.a(lib_a-stdio.o)
                0x000000000800846c                __sread
 .text.__swrite
                0x000000000800848e       0x38 /opt/st/stm32cubeide_1.11.0/plugins/com.st.stm32cube.ide.mcu.externaltools.gnu-tools-for-stm32.10.3-2021.10.linux64_1.0.100.202210260954/tools/bin/../lib/gcc/arm-none-eabi/10.3.1/../../../../arm-none-eabi/lib/thumb/v7e-m+fp/hard/libc.a(lib_a-stdio.o)
                0x000000000800848e                __swrite
 .text.__sseek  0x00000000080084c6       0x24 /opt/st/stm32cubeide_1.11.0/plugins/com.st.stm32cube.ide.mcu.externaltools.gnu-tools-for-stm32.10.3-2021.10.linux64_1.0.100.202210260954/tools/bin/../lib/gcc/arm-none-eabi/10.3.1/../../../../arm-none-eabi/lib/thumb/v7e-m+fp/hard/libc.a(lib_a-stdio.o)
                0x00000000080084c6                __sseek
 .text.__sclose
                0x00000000080084ea        0x8 /opt/st/stm32cubeide_1.11.0/plugins/com.st.stm32cube.ide.mcu.externaltools.gnu-tools-for-stm32.10.3-2021.10.linux64_1.0.100.202210260954/tools/bin/../lib/gcc/arm-none-eabi/10.3.1/../../../../arm-none-eabi/lib/thumb/v7e-m+fp/hard/libc.a(lib_a-stdio.o)
                0x00000000080084ea                __sclose
 .text.strncpy  0x00000000080084f2       0x26 /opt/st/stm32cubeide_1.11.0/plugins/com.st.stm32cube.ide.mcu.externaltools.gnu-tools-for-stm32.10.3-2021.10.linux64_1.0.100.202210260954/tools/bin/../lib/gcc/arm-none-eabi/10.3.1/../../../../arm-none-eabi/lib/thumb/v7e-m+fp/hard/libc.a(lib_a-strncpy.o)
                0x00000000080084f2                strncpy
 .text.__ssprint_r
                0x0000000008008518       0xf6 /opt/st/stm32cubeide_1.11.0/plugins/com.st.stm32cube.ide.mcu.externaltools.gnu-tools-for-stm32.10.3-2021.10.linux64_1.0.100.202210260954/tools/bin/../lib/gcc/arm-none-eabi/10.3.1/../../../../arm-none-eabi/lib/thumb/v7e-m+fp/hard/libc.a(lib_a-svfiprintf.o)
                0x0000000008008518                __ssprint_r
 *fill*         0x000000000800860e        0x2 
 .text._write_r
                0x0000000008008610       0x24 /opt/st/stm32cubeide_1.11.0/plugins/com.st.stm32cube.ide.mcu.externaltools.gnu-tools-for-stm32.10.3-2021.10.linux64_1.0.100.202210260954/tools/bin/../lib/gcc/arm-none-eabi/10.3.1/../../../../arm-none-eabi/lib/thumb/v7e-m+fp/hard/libc.a(lib_a-writer.o)
                0x0000000008008610                _write_r
 .text.__swsetup_r
                0x0000000008008634       0xb0 /opt/st/stm32cubeide_1.11.0/plugins/com.st.stm32cube.ide.mcu.externaltools.gnu-tools-for-stm32.10.3-2021.10.linux64_1.0.100.202210260954/tools/bin/../lib/gcc/arm-none-eabi/10.3.1/../../../../arm-none-eabi/lib/thumb/v7e-m+fp/hard/libc.a(lib_a-wsetup.o)
                0x0000000008008634                __swsetup_r
 .text.__register_exitproc
                0x00000000080086e4       0x84 /opt/st/stm32cubeide_1.11.0/plugins/com.st.stm32cube.ide.mcu.externaltools.gnu-tools-for-stm32.10.3-2021.10.linux64_1.0.100.202210260954/tools/bin/../lib/gcc/arm-none-eabi/10.3.1/../../../../arm-none-eabi/lib/thumb/v7e-m+fp/hard/libc.a(lib_a-__atexit.o)
                0x00000000080086e4                __register_exitproc
 .text.__assert_func
                0x0000000008008768       0x3c /opt/st/stm32cubeide_1.11.0/plugins/com.st.stm32cube.ide.mcu.externaltools.gnu-tools-for-stm32.10.3-2021.10.linux64_1.0.100.202210260954/tools/bin/../lib/gcc/arm-none-eabi/10.3.1/../../../../arm-none-eabi/lib/thumb/v7e-m+fp/hard/libc.a(lib_a-assert.o)
                0x0000000008008768                __assert_func
 .text._calloc_r
                0x00000000080087a4       0x6a /opt/st/stm32cubeide_1.11.0/plugins/com.st.stm32cube.ide.mcu.externaltools.gnu-tools-for-stm32.10.3-2021.10.linux64_1.0.100.202210260954/tools/bin/../lib/gcc/arm-none-eabi/10.3.1/../../../../arm-none-eabi/lib/thumb/v7e-m+fp/hard/libc.a(lib_a-callocr.o)
                0x00000000080087a4                _calloc_r
 *fill*         0x000000000800880e        0x2 
 .text._close_r
                0x0000000008008810       0x20 /opt/st/stm32cubeide_1.11.0/plugins/com.st.stm32cube.ide.mcu.externaltools.gnu-tools-for-stm32.10.3-2021.10.linux64_1.0.100.202210260954/tools/bin/../lib/gcc/arm-none-eabi/10.3.1/../../../../arm-none-eabi/lib/thumb/v7e-m+fp/hard/libc.a(lib_a-closer.o)
                0x0000000008008810                _close_r
 .text._fclose_r
                0x0000000008008830       0xae /opt/st/stm32cubeide_1.11.0/plugins/com.st.stm32cube.ide.mcu.externaltools.gnu-tools-for-stm32.10.3-2021.10.linux64_1.0.100.202210260954/tools/bin/../lib/gcc/arm-none-eabi/10.3.1/../../../../arm-none-eabi/lib/thumb/v7e-m+fp/hard/libc.a(lib_a-fclose.o)
                0x0000000008008830                _fclose_r
 *fill*         0x00000000080088de        0x2 
 .text.__sflush_r
                0x00000000080088e0      0x11c /opt/st/stm32cubeide_1.11.0/plugins/com.st.stm32cube.ide.mcu.externaltools.gnu-tools-for-stm32.10.3-2021.10.linux64_1.0.100.202210260954/tools/bin/../lib/gcc/arm-none-eabi/10.3.1/../../../../arm-none-eabi/lib/thumb/v7e-m+fp/hard/libc.a(lib_a-fflush.o)
                0x00000000080088e0                __sflush_r
 .text._fflush_r
                0x00000000080089fc       0x4a /opt/st/stm32cubeide_1.11.0/plugins/com.st.stm32cube.ide.mcu.externaltools.gnu-tools-for-stm32.10.3-2021.10.linux64_1.0.100.202210260954/tools/bin/../lib/gcc/arm-none-eabi/10.3.1/../../../../arm-none-eabi/lib/thumb/v7e-m+fp/hard/libc.a(lib_a-fflush.o)
                0x00000000080089fc                _fflush_r
 *fill*         0x0000000008008a46        0x2 
 .text.fiprintf
                0x0000000008008a48       0x24 /opt/st/stm32cubeide_1.11.0/plugins/com.st.stm32cube.ide.mcu.externaltools.gnu-tools-for-stm32.10.3-2021.10.linux64_1.0.100.202210260954/tools/bin/../lib/gcc/arm-none-eabi/10.3.1/../../../../arm-none-eabi/lib/thumb/v7e-m+fp/hard/libc.a(lib_a-fiprintf.o)
                0x0000000008008a48                fiprintf
 .text.__locale_mb_cur_max
                0x0000000008008a6c        0xc /opt/st/stm32cubeide_1.11.0/plugins/com.st.stm32cube.ide.mcu.externaltools.gnu-tools-for-stm32.10.3-2021.10.linux64_1.0.100.202210260954/tools/bin/../lib/gcc/arm-none-eabi/10.3.1/../../../../arm-none-eabi/lib/thumb/v7e-m+fp/hard/libc.a(lib_a-locale.o)
                0x0000000008008a6c                __locale_mb_cur_max
 .text._lseek_r
                0x0000000008008a78       0x24 /opt/st/stm32cubeide_1.11.0/plugins/com.st.stm32cube.ide.mcu.externaltools.gnu-tools-for-stm32.10.3-2021.10.linux64_1.0.100.202210260954/tools/bin/../lib/gcc/arm-none-eabi/10.3.1/../../../../arm-none-eabi/lib/thumb/v7e-m+fp/hard/libc.a(lib_a-lseekr.o)
                0x0000000008008a78                _lseek_r
 .text.__swhatbuf_r
                0x0000000008008a9c       0x58 /opt/st/stm32cubeide_1.11.0/plugins/com.st.stm32cube.ide.mcu.externaltools.gnu-tools-for-stm32.10.3-2021.10.linux64_1.0.100.202210260954/tools/bin/../lib/gcc/arm-none-eabi/10.3.1/../../../../arm-none-eabi/lib/thumb/v7e-m+fp/hard/libc.a(lib_a-makebuf.o)
                0x0000000008008a9c                __swhatbuf_r
 .text.__smakebuf_r
                0x0000000008008af4       0x80 /opt/st/stm32cubeide_1.11.0/plugins/com.st.stm32cube.ide.mcu.externaltools.gnu-tools-for-stm32.10.3-2021.10.linux64_1.0.100.202210260954/tools/bin/../lib/gcc/arm-none-eabi/10.3.1/../../../../arm-none-eabi/lib/thumb/v7e-m+fp/hard/libc.a(lib_a-makebuf.o)
                0x0000000008008af4                __smakebuf_r
 .text.__ascii_mbtowc
                0x0000000008008b74       0x24 /opt/st/stm32cubeide_1.11.0/plugins/com.st.stm32cube.ide.mcu.externaltools.gnu-tools-for-stm32.10.3-2021.10.linux64_1.0.100.202210260954/tools/bin/../lib/gcc/arm-none-eabi/10.3.1/../../../../arm-none-eabi/lib/thumb/v7e-m+fp/hard/libc.a(lib_a-mbtowc_r.o)
                0x0000000008008b74                __ascii_mbtowc
 .text._read_r  0x0000000008008b98       0x24 /opt/st/stm32cubeide_1.11.0/plugins/com.st.stm32cube.ide.mcu.externaltools.gnu-tools-for-stm32.10.3-2021.10.linux64_1.0.100.202210260954/tools/bin/../lib/gcc/arm-none-eabi/10.3.1/../../../../arm-none-eabi/lib/thumb/v7e-m+fp/hard/libc.a(lib_a-readr.o)
                0x0000000008008b98                _read_r
 .text.__sprint_r
                0x0000000008008bbc       0x64 /opt/st/stm32cubeide_1.11.0/plugins/com.st.stm32cube.ide.mcu.externaltools.gnu-tools-for-stm32.10.3-2021.10.linux64_1.0.100.202210260954/tools/bin/../lib/gcc/arm-none-eabi/10.3.1/../../../../arm-none-eabi/lib/thumb/v7e-m+fp/hard/libc.a(lib_a-vfiprintf.o)
                0x0000000008008bbc                __sprint_r
 .text._vfiprintf_r
                0x0000000008008c20      0x92c /opt/st/stm32cubeide_1.11.0/plugins/com.st.stm32cube.ide.mcu.externaltools.gnu-tools-for-stm32.10.3-2021.10.linux64_1.0.100.202210260954/tools/bin/../lib/gcc/arm-none-eabi/10.3.1/../../../../arm-none-eabi/lib/thumb/v7e-m+fp/hard/libc.a(lib_a-vfiprintf.o)
                0x0000000008008c20                _vfiprintf_r
 .text.__sbprintf
                0x000000000800954c       0x80 /opt/st/stm32cubeide_1.11.0/plugins/com.st.stm32cube.ide.mcu.externaltools.gnu-tools-for-stm32.10.3-2021.10.linux64_1.0.100.202210260954/tools/bin/../lib/gcc/arm-none-eabi/10.3.1/../../../../arm-none-eabi/lib/thumb/v7e-m+fp/hard/libc.a(lib_a-vfiprintf.o)
 .text.__ascii_wctomb
                0x00000000080095cc       0x1a /opt/st/stm32cubeide_1.11.0/plugins/com.st.stm32cube.ide.mcu.externaltools.gnu-tools-for-stm32.10.3-2021.10.linux64_1.0.100.202210260954/tools/bin/../lib/gcc/arm-none-eabi/10.3.1/../../../../arm-none-eabi/lib/thumb/v7e-m+fp/hard/libc.a(lib_a-wctomb_r.o)
                0x00000000080095cc                __ascii_wctomb
 .text.abort    0x00000000080095e6        0xe /opt/st/stm32cubeide_1.11.0/plugins/com.st.stm32cube.ide.mcu.externaltools.gnu-tools-for-stm32.10.3-2021.10.linux64_1.0.100.202210260954/tools/bin/../lib/gcc/arm-none-eabi/10.3.1/../../../../arm-none-eabi/lib/thumb/v7e-m+fp/hard/libc.a(lib_a-abort.o)
                0x00000000080095e6                abort
 .text.__fputwc
                0x00000000080095f4       0x82 /opt/st/stm32cubeide_1.11.0/plugins/com.st.stm32cube.ide.mcu.externaltools.gnu-tools-for-stm32.10.3-2021.10.linux64_1.0.100.202210260954/tools/bin/../lib/gcc/arm-none-eabi/10.3.1/../../../../arm-none-eabi/lib/thumb/v7e-m+fp/hard/libc.a(lib_a-fputwc.o)
                0x00000000080095f4                __fputwc
 .text._fputwc_r
                0x0000000008009676       0x54 /opt/st/stm32cubeide_1.11.0/plugins/com.st.stm32cube.ide.mcu.externaltools.gnu-tools-for-stm32.10.3-2021.10.linux64_1.0.100.202210260954/tools/bin/../lib/gcc/arm-none-eabi/10.3.1/../../../../arm-none-eabi/lib/thumb/v7e-m+fp/hard/libc.a(lib_a-fputwc.o)
                0x0000000008009676                _fputwc_r
 *fill*         0x00000000080096ca        0x2 
 .text._fstat_r
                0x00000000080096cc       0x24 /opt/st/stm32cubeide_1.11.0/plugins/com.st.stm32cube.ide.mcu.externaltools.gnu-tools-for-stm32.10.3-2021.10.linux64_1.0.100.202210260954/tools/bin/../lib/gcc/arm-none-eabi/10.3.1/../../../../arm-none-eabi/lib/thumb/v7e-m+fp/hard/libc.a(lib_a-fstatr.o)
                0x00000000080096cc                _fstat_r
 .text._isatty_r
                0x00000000080096f0       0x20 /opt/st/stm32cubeide_1.11.0/plugins/com.st.stm32cube.ide.mcu.externaltools.gnu-tools-for-stm32.10.3-2021.10.linux64_1.0.100.202210260954/tools/bin/../lib/gcc/arm-none-eabi/10.3.1/../../../../arm-none-eabi/lib/thumb/v7e-m+fp/hard/libc.a(lib_a-isattyr.o)
                0x00000000080096f0                _isatty_r
 .text._raise_r
                0x0000000008009710       0x52 /opt/st/stm32cubeide_1.11.0/plugins/com.st.stm32cube.ide.mcu.externaltools.gnu-tools-for-stm32.10.3-2021.10.linux64_1.0.100.202210260954/tools/bin/../lib/gcc/arm-none-eabi/10.3.1/../../../../arm-none-eabi/lib/thumb/v7e-m+fp/hard/libc.a(lib_a-signal.o)
                0x0000000008009710                _raise_r
 *fill*         0x0000000008009762        0x2 
 .text.raise    0x0000000008009764       0x10 /opt/st/stm32cubeide_1.11.0/plugins/com.st.stm32cube.ide.mcu.externaltools.gnu-tools-for-stm32.10.3-2021.10.linux64_1.0.100.202210260954/tools/bin/../lib/gcc/arm-none-eabi/10.3.1/../../../../arm-none-eabi/lib/thumb/v7e-m+fp/hard/libc.a(lib_a-signal.o)
                0x0000000008009764                raise
 .text._kill_r  0x0000000008009774       0x24 /opt/st/stm32cubeide_1.11.0/plugins/com.st.stm32cube.ide.mcu.externaltools.gnu-tools-for-stm32.10.3-2021.10.linux64_1.0.100.202210260954/tools/bin/../lib/gcc/arm-none-eabi/10.3.1/../../../../arm-none-eabi/lib/thumb/v7e-m+fp/hard/libc.a(lib_a-signalr.o)
                0x0000000008009774                _kill_r
 .text._getpid_r
                0x0000000008009798        0x4 /opt/st/stm32cubeide_1.11.0/plugins/com.st.stm32cube.ide.mcu.externaltools.gnu-tools-for-stm32.10.3-2021.10.linux64_1.0.100.202210260954/tools/bin/../lib/gcc/arm-none-eabi/10.3.1/../../../../arm-none-eabi/lib/thumb/v7e-m+fp/hard/libc.a(lib_a-signalr.o)
                0x0000000008009798                _getpid_r
 .text.__swbuf_r
                0x000000000800979c       0x92 /opt/st/stm32cubeide_1.11.0/plugins/com.st.stm32cube.ide.mcu.externaltools.gnu-tools-for-stm32.10.3-2021.10.linux64_1.0.100.202210260954/tools/bin/../lib/gcc/arm-none-eabi/10.3.1/../../../../arm-none-eabi/lib/thumb/v7e-m+fp/hard/libc.a(lib_a-wbuf.o)
                0x000000000800979c                __swbuf_r
 *fill*         0x000000000800982e        0x2 
 .text._wcrtomb_r
                0x0000000008009830       0x2c /opt/st/stm32cubeide_1.11.0/plugins/com.st.stm32cube.ide.mcu.externaltools.gnu-tools-for-stm32.10.3-2021.10.linux64_1.0.100.202210260954/tools/bin/../lib/gcc/arm-none-eabi/10.3.1/../../../../arm-none-eabi/lib/thumb/v7e-m+fp/hard/libc.a(lib_a-wcrtomb.o)
                0x0000000008009830                _wcrtomb_r
 .text._close   0x000000000800985c       0x10 /opt/st/stm32cubeide_1.11.0/plugins/com.st.stm32cube.ide.mcu.externaltools.gnu-tools-for-stm32.10.3-2021.10.linux64_1.0.100.202210260954/tools/bin/../lib/gcc/arm-none-eabi/10.3.1/../../../../arm-none-eabi/lib/thumb/v7e-m+fp/hard/libnosys.a(close.o)
                0x000000000800985c                _close
 .text._fstat   0x000000000800986c       0x10 /opt/st/stm32cubeide_1.11.0/plugins/com.st.stm32cube.ide.mcu.externaltools.gnu-tools-for-stm32.10.3-2021.10.linux64_1.0.100.202210260954/tools/bin/../lib/gcc/arm-none-eabi/10.3.1/../../../../arm-none-eabi/lib/thumb/v7e-m+fp/hard/libnosys.a(fstat.o)
                0x000000000800986c                _fstat
 .text._getpid  0x000000000800987c       0x10 /opt/st/stm32cubeide_1.11.0/plugins/com.st.stm32cube.ide.mcu.externaltools.gnu-tools-for-stm32.10.3-2021.10.linux64_1.0.100.202210260954/tools/bin/../lib/gcc/arm-none-eabi/10.3.1/../../../../arm-none-eabi/lib/thumb/v7e-m+fp/hard/libnosys.a(getpid.o)
                0x000000000800987c                _getpid
 .text._isatty  0x000000000800988c       0x10 /opt/st/stm32cubeide_1.11.0/plugins/com.st.stm32cube.ide.mcu.externaltools.gnu-tools-for-stm32.10.3-2021.10.linux64_1.0.100.202210260954/tools/bin/../lib/gcc/arm-none-eabi/10.3.1/../../../../arm-none-eabi/lib/thumb/v7e-m+fp/hard/libnosys.a(isatty.o)
                0x000000000800988c                _isatty
 .text._kill    0x000000000800989c       0x10 /opt/st/stm32cubeide_1.11.0/plugins/com.st.stm32cube.ide.mcu.externaltools.gnu-tools-for-stm32.10.3-2021.10.linux64_1.0.100.202210260954/tools/bin/../lib/gcc/arm-none-eabi/10.3.1/../../../../arm-none-eabi/lib/thumb/v7e-m+fp/hard/libnosys.a(kill.o)
                0x000000000800989c                _kill
 .text._lseek   0x00000000080098ac       0x10 /opt/st/stm32cubeide_1.11.0/plugins/com.st.stm32cube.ide.mcu.externaltools.gnu-tools-for-stm32.10.3-2021.10.linux64_1.0.100.202210260954/tools/bin/../lib/gcc/arm-none-eabi/10.3.1/../../../../arm-none-eabi/lib/thumb/v7e-m+fp/hard/libnosys.a(lseek.o)
                0x00000000080098ac                _lseek
 .text._read    0x00000000080098bc       0x10 /opt/st/stm32cubeide_1.11.0/plugins/com.st.stm32cube.ide.mcu.externaltools.gnu-tools-for-stm32.10.3-2021.10.linux64_1.0.100.202210260954/tools/bin/../lib/gcc/arm-none-eabi/10.3.1/../../../../arm-none-eabi/lib/thumb/v7e-m+fp/hard/libnosys.a(read.o)
                0x00000000080098bc                _read
 .text._write   0x00000000080098cc       0x10 /opt/st/stm32cubeide_1.11.0/plugins/com.st.stm32cube.ide.mcu.externaltools.gnu-tools-for-stm32.10.3-2021.10.linux64_1.0.100.202210260954/tools/bin/../lib/gcc/arm-none-eabi/10.3.1/../../../../arm-none-eabi/lib/thumb/v7e-m+fp/hard/libnosys.a(write.o)
                0x00000000080098cc                _write
 .text._exit    0x00000000080098dc        0x2 /opt/st/stm32cubeide_1.11.0/plugins/com.st.stm32cube.ide.mcu.externaltools.gnu-tools-for-stm32.10.3-2021.10.linux64_1.0.100.202210260954/tools/bin/../lib/gcc/arm-none-eabi/10.3.1/../../../../arm-none-eabi/lib/thumb/v7e-m+fp/hard/libnosys.a(_exit.o)
                0x00000000080098dc                _exit
 *(.glue_7)
 .glue_7        0x00000000080098de        0x0 linker stubs
 *(.glue_7t)
 .glue_7t       0x00000000080098de        0x0 linker stubs
 *(.eh_frame)
 *fill*         0x00000000080098de        0x2 
 .eh_frame      0x00000000080098e0        0x0 /opt/st/stm32cubeide_1.11.0/plugins/com.st.stm32cube.ide.mcu.externaltools.gnu-tools-for-stm32.10.3-2021.10.linux64_1.0.100.202210260954/tools/bin/../lib/gcc/arm-none-eabi/10.3.1/thumb/v7e-m+fp/hard/crtbegin.o
 *(.init)
 .init          0x00000000080098e0        0x4 /opt/st/stm32cubeide_1.11.0/plugins/com.st.stm32cube.ide.mcu.externaltools.gnu-tools-for-stm32.10.3-2021.10.linux64_1.0.100.202210260954/tools/bin/../lib/gcc/arm-none-eabi/10.3.1/thumb/v7e-m+fp/hard/crti.o
                0x00000000080098e0                _init
 .init          0x00000000080098e4        0x8 /opt/st/stm32cubeide_1.11.0/plugins/com.st.stm32cube.ide.mcu.externaltools.gnu-tools-for-stm32.10.3-2021.10.linux64_1.0.100.202210260954/tools/bin/../lib/gcc/arm-none-eabi/10.3.1/thumb/v7e-m+fp/hard/crtn.o
 *(.fini)
 .fini          0x00000000080098ec        0x4 /opt/st/stm32cubeide_1.11.0/plugins/com.st.stm32cube.ide.mcu.externaltools.gnu-tools-for-stm32.10.3-2021.10.linux64_1.0.100.202210260954/tools/bin/../lib/gcc/arm-none-eabi/10.3.1/thumb/v7e-m+fp/hard/crti.o
                0x00000000080098ec                _fini
 .fini          0x00000000080098f0        0x8 /opt/st/stm32cubeide_1.11.0/plugins/com.st.stm32cube.ide.mcu.externaltools.gnu-tools-for-stm32.10.3-2021.10.linux64_1.0.100.202210260954/tools/bin/../lib/gcc/arm-none-eabi/10.3.1/thumb/v7e-m+fp/hard/crtn.o
                0x00000000080098f8                . = ALIGN (0x4)
                0x00000000080098f8                _etext = .

.vfp11_veneer   0x00000000080098f8        0x0
 .vfp11_veneer  0x00000000080098f8        0x0 linker stubs

.v4_bx          0x00000000080098f8        0x0
 .v4_bx         0x00000000080098f8        0x0 linker stubs

.iplt           0x00000000080098f8        0x0
 .iplt          0x00000000080098f8        0x0 /opt/st/stm32cubeide_1.11.0/plugins/com.st.stm32cube.ide.mcu.externaltools.gnu-tools-for-stm32.10.3-2021.10.linux64_1.0.100.202210260954/tools/bin/../lib/gcc/arm-none-eabi/10.3.1/thumb/v7e-m+fp/hard/crtbegin.o

.rodata         0x0000000008009900     0x4da4
                0x0000000008009900                . = ALIGN (0x4)
 *(.rodata)
 .rodata        0x0000000008009900       0x10 ./X-CUBE-AI/App/network_data.o
 *(.rodata*)
 .rodata.aiInit.str1.4
                0x0000000008009910       0x18 ./Core/Src/main.o
 .rodata.aiRun.str1.4
                0x0000000008009928       0x1a ./Core/Src/main.o
 *fill*         0x0000000008009942        0x2 
 .rodata.main.str1.4
                0x0000000008009944       0x47 ./Core/Src/main.o
 *fill*         0x000000000800998b        0x1 
 .rodata.AHBPrescTable
                0x000000000800998c       0x10 ./Core/Src/system_stm32f4xx.o
                0x000000000800998c                AHBPrescTable
 .rodata.APBPrescTable
                0x000000000800999c        0x8 ./Core/Src/system_stm32f4xx.o
                0x000000000800999c                APBPrescTable
 .rodata.dense_0_chain
                0x00000000080099a4        0x8 ./X-CUBE-AI/App/network.o
 .rodata.dense_1_chain
                0x00000000080099ac        0x8 ./X-CUBE-AI/App/network.o
 .rodata.dense_2_chain
                0x00000000080099b4        0x8 ./X-CUBE-AI/App/network.o
 .rodata.nl_0_nl_chain
                0x00000000080099bc        0x8 ./X-CUBE-AI/App/network.o
 .rodata.nl_1_nl_chain
                0x00000000080099c4        0x8 ./X-CUBE-AI/App/network.o
 .rodata.nl_3_chain
                0x00000000080099cc        0x8 ./X-CUBE-AI/App/network.o
 *fill*         0x00000000080099d4        0xc 
 .rodata.s_network_weights_array_u64
                0x00000000080099e0     0x4918 ./X-CUBE-AI/App/network_data_params.o
                0x00000000080099e0                s_network_weights_array_u64
 .rodata.halF   0x000000000800e2f8        0x8 /opt/st/stm32cubeide_1.11.0/plugins/com.st.stm32cube.ide.mcu.externaltools.gnu-tools-for-stm32.10.3-2021.10.linux64_1.0.100.202210260954/tools/bin/../lib/gcc/arm-none-eabi/10.3.1/../../../../arm-none-eabi/lib/thumb/v7e-m+fp/hard/libm.a(lib_a-ef_exp.o)
 .rodata.ln2HI  0x000000000800e300        0x8 /opt/st/stm32cubeide_1.11.0/plugins/com.st.stm32cube.ide.mcu.externaltools.gnu-tools-for-stm32.10.3-2021.10.linux64_1.0.100.202210260954/tools/bin/../lib/gcc/arm-none-eabi/10.3.1/../../../../arm-none-eabi/lib/thumb/v7e-m+fp/hard/libm.a(lib_a-ef_exp.o)
 .rodata.ln2LO  0x000000000800e308        0x8 /opt/st/stm32cubeide_1.11.0/plugins/com.st.stm32cube.ide.mcu.externaltools.gnu-tools-for-stm32.10.3-2021.10.linux64_1.0.100.202210260954/tools/bin/../lib/gcc/arm-none-eabi/10.3.1/../../../../arm-none-eabi/lib/thumb/v7e-m+fp/hard/libm.a(lib_a-ef_exp.o)
 .rodata._global_impure_ptr
                0x000000000800e310        0x4 /opt/st/stm32cubeide_1.11.0/plugins/com.st.stm32cube.ide.mcu.externaltools.gnu-tools-for-stm32.10.3-2021.10.linux64_1.0.100.202210260954/tools/bin/../lib/gcc/arm-none-eabi/10.3.1/../../../../arm-none-eabi/lib/thumb/v7e-m+fp/hard/libc.a(lib_a-impure.o)
                0x000000000800e310                _global_impure_ptr
 .rodata._puts_r.str1.1
                0x000000000800e314        0x0 /opt/st/stm32cubeide_1.11.0/plugins/com.st.stm32cube.ide.mcu.externaltools.gnu-tools-for-stm32.10.3-2021.10.linux64_1.0.100.202210260954/tools/bin/../lib/gcc/arm-none-eabi/10.3.1/../../../../arm-none-eabi/lib/thumb/v7e-m+fp/hard/libc.a(lib_a-puts.o)
                                          0x2 (size before relaxing)
 .rodata._svfprintf_r.str1.1
                0x000000000800e314       0x34 /opt/st/stm32cubeide_1.11.0/plugins/com.st.stm32cube.ide.mcu.externaltools.gnu-tools-for-stm32.10.3-2021.10.linux64_1.0.100.202210260954/tools/bin/../lib/gcc/arm-none-eabi/10.3.1/../../../../arm-none-eabi/lib/thumb/v7e-m+fp/hard/libc.a(lib_a-svfprintf.o)
 .rodata.blanks.1
                0x000000000800e348       0x10 /opt/st/stm32cubeide_1.11.0/plugins/com.st.stm32cube.ide.mcu.externaltools.gnu-tools-for-stm32.10.3-2021.10.linux64_1.0.100.202210260954/tools/bin/../lib/gcc/arm-none-eabi/10.3.1/../../../../arm-none-eabi/lib/thumb/v7e-m+fp/hard/libc.a(lib_a-svfprintf.o)
 .rodata.zeroes.0
                0x000000000800e358       0x10 /opt/st/stm32cubeide_1.11.0/plugins/com.st.stm32cube.ide.mcu.externaltools.gnu-tools-for-stm32.10.3-2021.10.linux64_1.0.100.202210260954/tools/bin/../lib/gcc/arm-none-eabi/10.3.1/../../../../arm-none-eabi/lib/thumb/v7e-m+fp/hard/libc.a(lib_a-svfprintf.o)
 .rodata._dtoa_r.str1.1
                0x000000000800e368       0x79 /opt/st/stm32cubeide_1.11.0/plugins/com.st.stm32cube.ide.mcu.externaltools.gnu-tools-for-stm32.10.3-2021.10.linux64_1.0.100.202210260954/tools/bin/../lib/gcc/arm-none-eabi/10.3.1/../../../../arm-none-eabi/lib/thumb/v7e-m+fp/hard/libc.a(lib_a-dtoa.o)
                                         0x7b (size before relaxing)
 .rodata.__multadd.str1.1
                0x000000000800e3e1       0x5c /opt/st/stm32cubeide_1.11.0/plugins/com.st.stm32cube.ide.mcu.externaltools.gnu-tools-for-stm32.10.3-2021.10.linux64_1.0.100.202210260954/tools/bin/../lib/gcc/arm-none-eabi/10.3.1/../../../../arm-none-eabi/lib/thumb/v7e-m+fp/hard/libc.a(lib_a-mprec.o)
                                         0x6d (size before relaxing)
 *fill*         0x000000000800e43d        0x3 
 .rodata.__mprec_bigtens
                0x000000000800e440       0x28 /opt/st/stm32cubeide_1.11.0/plugins/com.st.stm32cube.ide.mcu.externaltools.gnu-tools-for-stm32.10.3-2021.10.linux64_1.0.100.202210260954/tools/bin/../lib/gcc/arm-none-eabi/10.3.1/../../../../arm-none-eabi/lib/thumb/v7e-m+fp/hard/libc.a(lib_a-mprec.o)
                0x000000000800e440                __mprec_bigtens
 .rodata.__mprec_tens
                0x000000000800e468       0xc8 /opt/st/stm32cubeide_1.11.0/plugins/com.st.stm32cube.ide.mcu.externaltools.gnu-tools-for-stm32.10.3-2021.10.linux64_1.0.100.202210260954/tools/bin/../lib/gcc/arm-none-eabi/10.3.1/../../../../arm-none-eabi/lib/thumb/v7e-m+fp/hard/libc.a(lib_a-mprec.o)
                0x000000000800e468                __mprec_tens
 .rodata.p05.0  0x000000000800e530        0xc /opt/st/stm32cubeide_1.11.0/plugins/com.st.stm32cube.ide.mcu.externaltools.gnu-tools-for-stm32.10.3-2021.10.linux64_1.0.100.202210260954/tools/bin/../lib/gcc/arm-none-eabi/10.3.1/../../../../arm-none-eabi/lib/thumb/v7e-m+fp/hard/libc.a(lib_a-mprec.o)
 .rodata.__assert_func.str1.1
                0x000000000800e53c       0x3c /opt/st/stm32cubeide_1.11.0/plugins/com.st.stm32cube.ide.mcu.externaltools.gnu-tools-for-stm32.10.3-2021.10.linux64_1.0.100.202210260954/tools/bin/../lib/gcc/arm-none-eabi/10.3.1/../../../../arm-none-eabi/lib/thumb/v7e-m+fp/hard/libc.a(lib_a-assert.o)
                                         0x3d (size before relaxing)
 .rodata._setlocale_r.str1.1
                0x000000000800e578        0x8 /opt/st/stm32cubeide_1.11.0/plugins/com.st.stm32cube.ide.mcu.externaltools.gnu-tools-for-stm32.10.3-2021.10.linux64_1.0.100.202210260954/tools/bin/../lib/gcc/arm-none-eabi/10.3.1/../../../../arm-none-eabi/lib/thumb/v7e-m+fp/hard/libc.a(lib_a-locale.o)
                                          0x9 (size before relaxing)
 .rodata.str1.1
                0x000000000800e580        0x2 /opt/st/stm32cubeide_1.11.0/plugins/com.st.stm32cube.ide.mcu.externaltools.gnu-tools-for-stm32.10.3-2021.10.linux64_1.0.100.202210260954/tools/bin/../lib/gcc/arm-none-eabi/10.3.1/../../../../arm-none-eabi/lib/thumb/v7e-m+fp/hard/libc.a(lib_a-locale.o)
 .rodata._vfiprintf_r.str1.1
                0x000000000800e582       0x22 /opt/st/stm32cubeide_1.11.0/plugins/com.st.stm32cube.ide.mcu.externaltools.gnu-tools-for-stm32.10.3-2021.10.linux64_1.0.100.202210260954/tools/bin/../lib/gcc/arm-none-eabi/10.3.1/../../../../arm-none-eabi/lib/thumb/v7e-m+fp/hard/libc.a(lib_a-vfiprintf.o)
 .rodata.blanks.1
                0x000000000800e582       0x10 /opt/st/stm32cubeide_1.11.0/plugins/com.st.stm32cube.ide.mcu.externaltools.gnu-tools-for-stm32.10.3-2021.10.linux64_1.0.100.202210260954/tools/bin/../lib/gcc/arm-none-eabi/10.3.1/../../../../arm-none-eabi/lib/thumb/v7e-m+fp/hard/libc.a(lib_a-vfiprintf.o)
 .rodata.zeroes.0
                0x000000000800e592       0x10 /opt/st/stm32cubeide_1.11.0/plugins/com.st.stm32cube.ide.mcu.externaltools.gnu-tools-for-stm32.10.3-2021.10.linux64_1.0.100.202210260954/tools/bin/../lib/gcc/arm-none-eabi/10.3.1/../../../../arm-none-eabi/lib/thumb/v7e-m+fp/hard/libc.a(lib_a-vfiprintf.o)
 .rodata._ctype_
                0x000000000800e5a2      0x101 /opt/st/stm32cubeide_1.11.0/plugins/com.st.stm32cube.ide.mcu.externaltools.gnu-tools-for-stm32.10.3-2021.10.linux64_1.0.100.202210260954/tools/bin/../lib/gcc/arm-none-eabi/10.3.1/../../../../arm-none-eabi/lib/thumb/v7e-m+fp/hard/libc.a(lib_a-ctype_.o)
                0x000000000800e5a2                _ctype_
                0x000000000800e6a4                . = ALIGN (0x4)
 *fill*         0x000000000800e6a3        0x1 

.ARM.extab      0x000000000800e6a4        0x0
                0x000000000800e6a4                . = ALIGN (0x4)
 *(.ARM.extab* .gnu.linkonce.armextab.*)
                0x000000000800e6a4                . = ALIGN (0x4)

.ARM            0x000000000800e6a4        0x8
                0x000000000800e6a4                . = ALIGN (0x4)
                0x000000000800e6a4                __exidx_start = .
 *(.ARM.exidx*)
 .ARM.exidx     0x000000000800e6a4        0x8 /opt/st/stm32cubeide_1.11.0/plugins/com.st.stm32cube.ide.mcu.externaltools.gnu-tools-for-stm32.10.3-2021.10.linux64_1.0.100.202210260954/tools/bin/../lib/gcc/arm-none-eabi/10.3.1/thumb/v7e-m+fp/hard/libgcc.a(_udivmoddi4.o)
                0x000000000800e6ac                __exidx_end = .
                0x000000000800e6ac                . = ALIGN (0x4)

.rel.dyn        0x000000000800e6ac        0x0
 .rel.iplt      0x000000000800e6ac        0x0 /opt/st/stm32cubeide_1.11.0/plugins/com.st.stm32cube.ide.mcu.externaltools.gnu-tools-for-stm32.10.3-2021.10.linux64_1.0.100.202210260954/tools/bin/../lib/gcc/arm-none-eabi/10.3.1/thumb/v7e-m+fp/hard/crtbegin.o

.preinit_array  0x000000000800e6ac        0x0
                0x000000000800e6ac                . = ALIGN (0x4)
                0x000000000800e6ac                PROVIDE (__preinit_array_start = .)
 *(.preinit_array*)
                0x000000000800e6ac                PROVIDE (__preinit_array_end = .)
                0x000000000800e6ac                . = ALIGN (0x4)

.init_array     0x000000000800e6ac        0x8
                0x000000000800e6ac                . = ALIGN (0x4)
                0x000000000800e6ac                PROVIDE (__init_array_start = .)
 *(SORT_BY_NAME(.init_array.*))
 .init_array.00000
                0x000000000800e6ac        0x4 /opt/st/stm32cubeide_1.11.0/plugins/com.st.stm32cube.ide.mcu.externaltools.gnu-tools-for-stm32.10.3-2021.10.linux64_1.0.100.202210260954/tools/bin/../lib/gcc/arm-none-eabi/10.3.1/../../../../arm-none-eabi/lib/thumb/v7e-m+fp/hard/libc.a(lib_a-__call_atexit.o)
 *(.init_array*)
 .init_array    0x000000000800e6b0        0x4 /opt/st/stm32cubeide_1.11.0/plugins/com.st.stm32cube.ide.mcu.externaltools.gnu-tools-for-stm32.10.3-2021.10.linux64_1.0.100.202210260954/tools/bin/../lib/gcc/arm-none-eabi/10.3.1/thumb/v7e-m+fp/hard/crtbegin.o
                0x000000000800e6b4                PROVIDE (__init_array_end = .)
                0x000000000800e6b4                . = ALIGN (0x4)

.fini_array     0x000000000800e6b4        0x4
                0x000000000800e6b4                . = ALIGN (0x4)
                0x000000000800e6b4                PROVIDE (__fini_array_start = .)
 *(SORT_BY_NAME(.fini_array.*))
 *(.fini_array*)
 .fini_array    0x000000000800e6b4        0x4 /opt/st/stm32cubeide_1.11.0/plugins/com.st.stm32cube.ide.mcu.externaltools.gnu-tools-for-stm32.10.3-2021.10.linux64_1.0.100.202210260954/tools/bin/../lib/gcc/arm-none-eabi/10.3.1/thumb/v7e-m+fp/hard/crtbegin.o
                0x000000000800e6b8                PROVIDE (__fini_array_end = .)
                0x000000000800e6b8                . = ALIGN (0x4)
                0x000000000800e6b8                _sidata = LOADADDR (.data)

.data           0x0000000020000000     0x10e8 load address 0x000000000800e6b8
                0x0000000020000000                . = ALIGN (0x4)
                0x0000000020000000                _sdata = .
 *(.data)
 *(.data*)
 .data.SystemCoreClock
                0x0000000020000000        0x4 ./Core/Src/system_stm32f4xx.o
                0x0000000020000000                SystemCoreClock
 .data.uwTickFreq
                0x0000000020000004        0x1 ./Drivers/STM32F4xx_HAL_Driver/Src/stm32f4xx_hal.o
                0x0000000020000004                uwTickFreq
 *fill*         0x0000000020000005        0x3 
 .data.uwTickPrio
                0x0000000020000008        0x4 ./Drivers/STM32F4xx_HAL_Driver/Src/stm32f4xx_hal.o
                0x0000000020000008                uwTickPrio
 .data.__compound_literal.0
                0x000000002000000c       0x10 ./X-CUBE-AI/App/network.o
 .data.__compound_literal.1
                0x000000002000001c       0x10 ./X-CUBE-AI/App/network.o
 .data.__compound_literal.10
                0x000000002000002c       0x10 ./X-CUBE-AI/App/network.o
 .data.__compound_literal.11
                0x000000002000003c       0x10 ./X-CUBE-AI/App/network.o
 .data.__compound_literal.12
                0x000000002000004c       0x10 ./X-CUBE-AI/App/network.o
 .data.__compound_literal.13
                0x000000002000005c       0x10 ./X-CUBE-AI/App/network.o
 .data.__compound_literal.14
                0x000000002000006c       0x10 ./X-CUBE-AI/App/network.o
 .data.__compound_literal.15
                0x000000002000007c       0x10 ./X-CUBE-AI/App/network.o
 .data.__compound_literal.16
                0x000000002000008c       0x10 ./X-CUBE-AI/App/network.o
 .data.__compound_literal.17
                0x000000002000009c       0x10 ./X-CUBE-AI/App/network.o
 .data.__compound_literal.18
                0x00000000200000ac       0x10 ./X-CUBE-AI/App/network.o
 .data.__compound_literal.19
                0x00000000200000bc       0x10 ./X-CUBE-AI/App/network.o
 .data.__compound_literal.2
                0x00000000200000cc       0x10 ./X-CUBE-AI/App/network.o
 .data.__compound_literal.20
                0x00000000200000dc       0x10 ./X-CUBE-AI/App/network.o
 .data.__compound_literal.21
                0x00000000200000ec       0x10 ./X-CUBE-AI/App/network.o
 .data.__compound_literal.22
                0x00000000200000fc       0x10 ./X-CUBE-AI/App/network.o
 .data.__compound_literal.23
                0x000000002000010c       0x10 ./X-CUBE-AI/App/network.o
 .data.__compound_literal.24
                0x000000002000011c       0x10 ./X-CUBE-AI/App/network.o
 .data.__compound_literal.25
                0x000000002000012c       0x10 ./X-CUBE-AI/App/network.o
 .data.__compound_literal.26
                0x000000002000013c        0x4 ./X-CUBE-AI/App/network.o
 .data.__compound_literal.27
                0x0000000020000140        0x4 ./X-CUBE-AI/App/network.o
 .data.__compound_literal.3
                0x0000000020000144       0x10 ./X-CUBE-AI/App/network.o
 .data.__compound_literal.30
                0x0000000020000154       0x30 ./X-CUBE-AI/App/network.o
 .data.__compound_literal.31
                0x0000000020000184        0x4 ./X-CUBE-AI/App/network.o
 .data.__compound_literal.32
                0x0000000020000188        0x4 ./X-CUBE-AI/App/network.o
 .data.__compound_literal.33
                0x000000002000018c        0x8 ./X-CUBE-AI/App/network.o
 .data.__compound_literal.35
                0x0000000020000194       0x30 ./X-CUBE-AI/App/network.o
 .data.__compound_literal.36
                0x00000000200001c4        0x4 ./X-CUBE-AI/App/network.o
 .data.__compound_literal.37
                0x00000000200001c8        0x4 ./X-CUBE-AI/App/network.o
 .data.__compound_literal.4
                0x00000000200001cc       0x10 ./X-CUBE-AI/App/network.o
 .data.__compound_literal.40
                0x00000000200001dc       0x30 ./X-CUBE-AI/App/network.o
 .data.__compound_literal.41
                0x000000002000020c        0x4 ./X-CUBE-AI/App/network.o
 .data.__compound_literal.42
                0x0000000020000210        0x4 ./X-CUBE-AI/App/network.o
 .data.__compound_literal.43
                0x0000000020000214        0x8 ./X-CUBE-AI/App/network.o
 .data.__compound_literal.45
                0x000000002000021c       0x30 ./X-CUBE-AI/App/network.o
 .data.__compound_literal.46
                0x000000002000024c        0x4 ./X-CUBE-AI/App/network.o
 .data.__compound_literal.47
                0x0000000020000250        0x4 ./X-CUBE-AI/App/network.o
 .data.__compound_literal.5
                0x0000000020000254       0x10 ./X-CUBE-AI/App/network.o
 .data.__compound_literal.50
                0x0000000020000264       0x30 ./X-CUBE-AI/App/network.o
 .data.__compound_literal.51
                0x0000000020000294        0x4 ./X-CUBE-AI/App/network.o