Archive member included to satisfy reference by file (symbol)

../Middlewares/ST/AI/Lib/NetworkRuntime730_CM4_GCC.a(ai_platform.o)
                              ./X-CUBE-AI/App/network.o (ai_buffer_array_item_set_address)
../Middlewares/ST/AI/Lib/NetworkRuntime730_CM4_GCC.a(ai_platform_interface.o)
                              ./X-CUBE-AI/App/network.o (ai_platform_get_weights_map)
../Middlewares/ST/AI/Lib/NetworkRuntime730_CM4_GCC.a(core_mem_manager.o)
                              ../Middlewares/ST/AI/Lib/NetworkRuntime730_CM4_GCC.a(ai_platform_interface.o) (core_mem_alloc)
../Middlewares/ST/AI/Lib/NetworkRuntime730_CM4_GCC.a(core_common.o)
                              ../Middlewares/ST/AI/Lib/NetworkRuntime730_CM4_GCC.a(ai_platform_interface.o) (core_init)
../Middlewares/ST/AI/Lib/NetworkRuntime730_CM4_GCC.a(layers_conv2d_generic_float.o)
                              ./X-CUBE-AI/App/network.o (forward_dense)
../Middlewares/ST/AI/Lib/NetworkRuntime730_CM4_GCC.a(layers_nl_generic_float.o)
                              ./X-CUBE-AI/App/network.o (forward_relu)
../Middlewares/ST/AI/Lib/NetworkRuntime730_CM4_GCC.a(layers.o)
                              ../Middlewares/ST/AI/Lib/NetworkRuntime730_CM4_GCC.a(ai_platform_interface.o) (ai_check_custom_types)
../Middlewares/ST/AI/Lib/NetworkRuntime730_CM4_GCC.a(lite_dense_if32.o)
                              ../Middlewares/ST/AI/Lib/NetworkRuntime730_CM4_GCC.a(layers_conv2d_generic_float.o) (lite_dense_if32of32wf32)
../Middlewares/ST/AI/Lib/NetworkRuntime730_CM4_GCC.a(arm_mat_init_f32.o)
                              ../Middlewares/ST/AI/Lib/NetworkRuntime730_CM4_GCC.a(layers_conv2d_generic_float.o) (st_dsp_arm_mat_init_f32)
../Middlewares/ST/AI/Lib/NetworkRuntime730_CM4_GCC.a(ai_datatypes_internal.o)
                              ../Middlewares/ST/AI/Lib/NetworkRuntime730_CM4_GCC.a(ai_platform_interface.o) (ai_version_get)
../Middlewares/ST/AI/Lib/NetworkRuntime730_CM4_GCC.a(ai_datatypes_format.o)
                              ../Middlewares/ST/AI/Lib/NetworkRuntime730_CM4_GCC.a(ai_platform_interface.o) (ai_array_to_buffer_fmt)
../Middlewares/ST/AI/Lib/NetworkRuntime730_CM4_GCC.a(ai_math_helpers.o)
                              ../Middlewares/ST/AI/Lib/NetworkRuntime730_CM4_GCC.a(layers_nl_generic_float.o) (ai_math_sqrt)
../Middlewares/ST/AI/Lib/NetworkRuntime730_CM4_GCC.a(st_convolve_reference.o)
                              ../Middlewares/ST/AI/Lib/NetworkRuntime730_CM4_GCC.a(ai_math_helpers.o) (align_factor)
/opt/st/stm32cubeide_1.11.0/plugins/com.st.stm32cube.ide.mcu.externaltools.gnu-tools-for-stm32.10.3-2021.10.linux64_1.0.100.202210260954/tools/bin/../lib/gcc/arm-none-eabi/10.3.1/../../../../arm-none-eabi/lib/thumb/v7e-m+fp/hard/libm.a(lib_a-sf_asinh.o)
                              ../Middlewares/ST/AI/Lib/NetworkRuntime730_CM4_GCC.a(layers_nl_generic_float.o) (asinhf)
/opt/st/stm32cubeide_1.11.0/plugins/com.st.stm32cube.ide.mcu.externaltools.gnu-tools-for-stm32.10.3-2021.10.linux64_1.0.100.202210260954/tools/bin/../lib/gcc/arm-none-eabi/10.3.1/../../../../arm-none-eabi/lib/thumb/v7e-m+fp/hard/libm.a(lib_a-sf_atan.o)
                              ../Middlewares/ST/AI/Lib/NetworkRuntime730_CM4_GCC.a(layers_nl_generic_float.o) (atanf)
/opt/st/stm32cubeide_1.11.0/plugins/com.st.stm32cube.ide.mcu.externaltools.gnu-tools-for-stm32.10.3-2021.10.linux64_1.0.100.202210260954/tools/bin/../lib/gcc/arm-none-eabi/10.3.1/../../../../arm-none-eabi/lib/thumb/v7e-m+fp/hard/libm.a(lib_a-sf_ceil.o)
                              ../Middlewares/ST/AI/Lib/NetworkRuntime730_CM4_GCC.a(layers_nl_generic_float.o) (ceilf)
/opt/st/stm32cubeide_1.11.0/plugins/com.st.stm32cube.ide.mcu.externaltools.gnu-tools-for-stm32.10.3-2021.10.linux64_1.0.100.202210260954/tools/bin/../lib/gcc/arm-none-eabi/10.3.1/../../../../arm-none-eabi/lib/thumb/v7e-m+fp/hard/libm.a(lib_a-sf_cos.o)
                              ../Middlewares/ST/AI/Lib/NetworkRuntime730_CM4_GCC.a(layers_nl_generic_float.o) (cosf)
/opt/st/stm32cubeide_1.11.0/plugins/com.st.stm32cube.ide.mcu.externaltools.gnu-tools-for-stm32.10.3-2021.10.linux64_1.0.100.202210260954/tools/bin/../lib/gcc/arm-none-eabi/10.3.1/../../../../arm-none-eabi/lib/thumb/v7e-m+fp/hard/libm.a(lib_a-sf_erf.o)
                              ../Middlewares/ST/AI/Lib/NetworkRuntime730_CM4_GCC.a(layers_nl_generic_float.o) (erff)
/opt/st/stm32cubeide_1.11.0/plugins/com.st.stm32cube.ide.mcu.externaltools.gnu-tools-for-stm32.10.3-2021.10.linux64_1.0.100.202210260954/tools/bin/../lib/gcc/arm-none-eabi/10.3.1/../../../../arm-none-eabi/lib/thumb/v7e-m+fp/hard/libm.a(lib_a-sf_fabs.o)
                              /opt/st/stm32cubeide_1.11.0/plugins/com.st.stm32cube.ide.mcu.externaltools.gnu-tools-for-stm32.10.3-2021.10.linux64_1.0.100.202210260954/tools/bin/../lib/gcc/arm-none-eabi/10.3.1/../../../../arm-none-eabi/lib/thumb/v7e-m+fp/hard/libm.a(lib_a-sf_asinh.o) (fabsf)
[...]
Memory Configuration

Name             Origin             Length             Attributes
CCMRAM           0x0000000010000000 0x0000000000010000 xrw
RAM              0x0000000020000000 0x000000000001c000 xrw
FLASH            0x0000000008000000 0x0000000000080000 xr
*default*        0x0000000000000000 0xffffffffffffffff

Linker script and memory map

LOAD /opt/st/stm32cubeide_1.11.0/plugins/com.st.stm32cube.ide.mcu.externaltools.gnu-tools-for-stm32.10.3-2021.10.linux64_1.0.100.202210260954/tools/bin/../lib/gcc/arm-none-eabi/10.3.1/thumb/v7e-m+fp/hard/crti.o
LOAD /opt/st/stm32cubeide_1.11.0/plugins/com.st.stm32cube.ide.mcu.externaltools.gnu-tools-for-stm32.10.3-2021.10.linux64_1.0.100.202210260954/tools/bin/../lib/gcc/arm-none-eabi/10.3.1/thumb/v7e-m+fp/hard/crtbegin.o
LOAD /opt/st/stm32cubeide_1.11.0/plugins/com.st.stm32cube.ide.mcu.externaltools.gnu-tools-for-stm32.10.3-2021.10.linux64_1.0.100.202210260954/tools/bin/../lib/gcc/arm-none-eabi/10.3.1/../../../../arm-none-eabi/lib/thumb/v7e-m+fp/hard/crt0.o
LOAD ./Core/Src/adc.o
LOAD ./Core/Src/crc.o
LOAD ./Core/Src/dma.o
LOAD ./Core/Src/gpio.o
LOAD ./Core/Src/main.o
LOAD ./Core/Src/main_cxx.o
LOAD ./Core/Src/rng.o
LOAD ./Core/Src/stm32f4xx_hal_msp.o
LOAD ./Core/Src/stm32f4xx_it.o
LOAD ./Core/Src/sysmem.o
LOAD ./Core/Src/system_stm32f4xx.o
LOAD ./Core/Src/tim.o
LOAD ./Core/Src/usart.o
LOAD ./Core/Startup/startup_stm32f407vetx.o
LOAD ./Drivers/STM32F4xx_HAL_Driver/Src/stm32f4xx_hal.o
LOAD ./Drivers/STM32F4xx_HAL_Driver/Src/stm32f4xx_hal_adc.o
LOAD ./Drivers/STM32F4xx_HAL_Driver/Src/stm32f4xx_hal_adc_ex.o
LOAD ./Drivers/STM32F4xx_HAL_Driver/Src/stm32f4xx_hal_cortex.o
LOAD ./Drivers/STM32F4xx_HAL_Driver/Src/stm32f4xx_hal_crc.o
LOAD ./Drivers/STM32F4xx_HAL_Driver/Src/stm32f4xx_hal_dma.o
LOAD ./Drivers/STM32F4xx_HAL_Driver/Src/stm32f4xx_hal_dma_ex.o
LOAD ./Drivers/STM32F4xx_HAL_Driver/Src/stm32f4xx_hal_exti.o
LOAD ./Drivers/STM32F4xx_HAL_Driver/Src/stm32f4xx_hal_flash.o
LOAD ./Drivers/STM32F4xx_HAL_Driver/Src/stm32f4xx_hal_flash_ex.o
LOAD ./Drivers/STM32F4xx_HAL_Driver/Src/stm32f4xx_hal_flash_ramfunc.o
LOAD ./Drivers/STM32F4xx_HAL_Driver/Src/stm32f4xx_hal_gpio.o
LOAD ./Drivers/STM32F4xx_HAL_Driver/Src/stm32f4xx_hal_pwr.o
LOAD ./Drivers/STM32F4xx_HAL_Driver/Src/stm32f4xx_hal_pwr_ex.o
LOAD ./Drivers/STM32F4xx_HAL_Driver/Src/stm32f4xx_hal_rcc.o
LOAD ./Drivers/STM32F4xx_HAL_Driver/Src/stm32f4xx_hal_rcc_ex.o
LOAD ./Drivers/STM32F4xx_HAL_Driver/Src/stm32f4xx_hal_rng.o
LOAD ./Drivers/STM32F4xx_HAL_Driver/Src/stm32f4xx_hal_tim.o
LOAD ./Drivers/STM32F4xx_HAL_Driver/Src/stm32f4xx_hal_tim_ex.o
LOAD ./Drivers/STM32F4xx_HAL_Driver/Src/stm32f4xx_hal_uart.o
LOAD ./Drivers/STM32F4xx_HAL_Driver/Src/stm32f4xx_ll_adc.o
LOAD ./X-CUBE-AI/App/network.o
LOAD ./X-CUBE-AI/App/network_data.o
LOAD ./X-CUBE-AI/App/network_data_params.o
LOAD ../Middlewares/ST/AI/Lib/NetworkRuntime730_CM4_GCC.a
START GROUP
LOAD /opt/st/stm32cubeide_1.11.0/plugins/com.st.stm32cube.ide.mcu.externaltools.gnu-tools-for-stm32.10.3-2021.10.linux64_1.0.100.202210260954/tools/bin/../lib/gcc/arm-none-eabi/10.3.1/../../../../arm-none-eabi/lib/thumb/v7e-m+fp/hard/libstdc++.a
LOAD /opt/st/stm32cubeide_1.11.0/plugins/com.st.stm32cube.ide.mcu.externaltools.gnu-tools-for-stm32.10.3-2021.10.linux64_1.0.100.202210260954/tools/bin/../lib/gcc/arm-none-eabi/10.3.1/../../../../arm-none-eabi/lib/thumb/v7e-m+fp/hard/libsupc++.a
END GROUP
LOAD /opt/st/stm32cubeide_1.11.0/plugins/com.st.stm32cube.ide.mcu.externaltools.gnu-tools-for-stm32.10.3-2021.10.linux64_1.0.100.202210260954/tools/bin/../lib/gcc/arm-none-eabi/10.3.1/../../../../arm-none-eabi/lib/thumb/v7e-m+fp/hard/libstdc++.a
LOAD /opt/st/stm32cubeide_1.11.0/plugins/com.st.stm32cube.ide.mcu.externaltools.gnu-tools-for-stm32.10.3-2021.10.linux64_1.0.100.202210260954/tools/bin/../lib/gcc/arm-none-eabi/10.3.1/../../../../arm-none-eabi/lib/thumb/v7e-m+fp/hard/libm.a
LOAD /opt/st/stm32cubeide_1.11.0/plugins/com.st.stm32cube.ide.mcu.externaltools.gnu-tools-for-stm32.10.3-2021.10.linux64_1.0.100.202210260954/tools/bin/../lib/gcc/arm-none-eabi/10.3.1/../../../../arm-none-eabi/lib/thumb/v7e-m+fp/hard/libc.a
START GROUP
LOAD /opt/st/stm32cubeide_1.11.0/plugins/com.st.stm32cube.ide.mcu.externaltools.gnu-tools-for-stm32.10.3-2021.10.linux64_1.0.100.202210260954/tools/bin/../lib/gcc/arm-none-eabi/10.3.1/thumb/v7e-m+fp/hard/libgcc.a
LOAD /opt/st/stm32cubeide_1.11.0/plugins/com.st.stm32cube.ide.mcu.externaltools.gnu-tools-for-stm32.10.3-2021.10.linux64_1.0.100.202210260954/tools/bin/../lib/gcc/arm-none-eabi/10.3.1/../../../../arm-none-eabi/lib/thumb/v7e-m+fp/hard/libc.a
END GROUP
START GROUP
LOAD /opt/st/stm32cubeide_1.11.0/plugins/com.st.stm32cube.ide.mcu.externaltools.gnu-tools-for-stm32.10.3-2021.10.linux64_1.0.100.202210260954/tools/bin/../lib/gcc/arm-none-eabi/10.3.1/thumb/v7e-m+fp/hard/libgcc.a
LOAD /opt/st/stm32cubeide_1.11.0/plugins/com.st.stm32cube.ide.mcu.externaltools.gnu-tools-for-stm32.10.3-2021.10.linux64_1.0.100.202210260954/tools/bin/../lib/gcc/arm-none-eabi/10.3.1/../../../../arm-none-eabi/lib/thumb/v7e-m+fp/hard/libc.a
LOAD /opt/st/stm32cubeide_1.11.0/plugins/com.st.stm32cube.ide.mcu.externaltools.gnu-tools-for-stm32.10.3-2021.10.linux64_1.0.100.202210260954/tools/bin/../lib/gcc/arm-none-eabi/10.3.1/../../../../arm-none-eabi/lib/thumb/v7e-m+fp/hard/libnosys.a
END GROUP
LOAD /opt/st/stm32cubeide_1.11.0/plugins/com.st.stm32cube.ide.mcu.externaltools.gnu-tools-for-stm32.10.3-2021.10.linux64_1.0.100.202210260954/tools/bin/../lib/gcc/arm-none-eabi/10.3.1/thumb/v7e-m+fp/hard/crtend.o
LOAD /opt/st/stm32cubeide_1.11.0/plugins/com.st.stm32cube.ide.mcu.externaltools.gnu-tools-for-stm32.10.3-2021.10.linux64_1.0.100.202210260954/tools/bin/../lib/gcc/arm-none-eabi/10.3.1/thumb/v7e-m+fp/hard/crtn.o
                0x000000002001c000                _estack = (ORIGIN (RAM) + LENGTH (RAM))
                0x0000000000000800                _Min_Heap_Size = 0x800
                0x0000000000001000                _Min_Stack_Size = 0x1000

.isr_vector     0x0000000008000000      0x188
                0x0000000008000000                . = ALIGN (0x4)
 *(.isr_vector)
 .isr_vector    0x0000000008000000      0x188 ./Core/Startup/startup_stm32f407vetx.o
                0x0000000008000000                g_pfnVectors
                0x0000000008000188                . = ALIGN (0x4)

.text           0x0000000008000190     0x9b90
                0x0000000008000190                . = ALIGN (0x4)
 *(.text)
 .text          0x0000000008000190       0x40 /opt/st/stm32cubeide_1.11.0/plugins/com.st.stm32cube.ide.mcu.externaltools.gnu-tools-for-stm32.10.3-2021.10.linux64_1.0.100.202210260954/tools/bin/../lib/gcc/arm-none-eabi/10.3.1/thumb/v7e-m+fp/hard/crtbegin.o
 .text          0x00000000080001d0       0x10 /opt/st/stm32cubeide_1.11.0/plugins/com.st.stm32cube.ide.mcu.externaltools.gnu-tools-for-stm32.10.3-2021.10.linux64_1.0.100.202210260954/tools/bin/../lib/gcc/arm-none-eabi/10.3.1/../../../../arm-none-eabi/lib/thumb/v7e-m+fp/hard/libc.a(lib_a-strlen.o)
                0x00000000080001d0                strlen
 .text          0x00000000080001e0       0xa0 /opt/st/stm32cubeide_1.11.0/plugins/com.st.stm32cube.ide.mcu.externaltools.gnu-tools-for-stm32.10.3-2021.10.linux64_1.0.100.202210260954/tools/bin/../lib/gcc/arm-none-eabi/10.3.1/../../../../arm-none-eabi/lib/thumb/v7e-m+fp/hard/libc.a(lib_a-memchr.o)
                0x00000000080001e0                memchr
 .text          0x0000000008000280      0x378 /opt/st/stm32cubeide_1.11.0/plugins/com.st.stm32cube.ide.mcu.externaltools.gnu-tools-for-stm32.10.3-2021.10.linux64_1.0.100.202210260954/tools/bin/../lib/gcc/arm-none-eabi/10.3.1/thumb/v7e-m+fp/hard/libgcc.a(_arm_addsubdf3.o)
                0x0000000008000280                __aeabi_drsub
                0x0000000008000288                __aeabi_dsub
                0x0000000008000288                __subdf3
                0x000000000800028c                __adddf3
                0x000000000800028c                __aeabi_dadd
                0x0000000008000504                __aeabi_ui2d
                0x0000000008000504                __floatunsidf
                0x0000000008000524                __floatsidf
                0x0000000008000524                __aeabi_i2d
                0x0000000008000548                __extendsfdf2
                0x0000000008000548                __aeabi_f2d
                0x000000000800058c                __aeabi_ul2d
                0x000000000800058c                __floatundidf
                0x000000000800059c                __floatdidf
                0x000000000800059c                __aeabi_l2d
 .text          0x00000000080005f8      0x424 /opt/st/stm32cubeide_1.11.0/plugins/com.st.stm32cube.ide.mcu.externaltools.gnu-tools-for-stm32.10.3-2021.10.linux64_1.0.100.202210260954/tools/bin/../lib/gcc/arm-none-eabi/10.3.1/thumb/v7e-m+fp/hard/libgcc.a(_arm_muldivdf3.o)
                0x00000000080005f8                __aeabi_dmul
                0x00000000080005f8                __muldf3
                0x000000000800084c                __aeabi_ddiv
                0x000000000800084c                __divdf3
 .text          0x0000000008000a1c      0x110 /opt/st/stm32cubeide_1.11.0/plugins/com.st.stm32cube.ide.mcu.externaltools.gnu-tools-for-stm32.10.3-2021.10.linux64_1.0.100.202210260954/tools/bin/../lib/gcc/arm-none-eabi/10.3.1/thumb/v7e-m+fp/hard/libgcc.a(_arm_cmpdf2.o)
                0x0000000008000a1c                __gtdf2
                0x0000000008000a1c                __gedf2
                0x0000000008000a24                __ltdf2
                0x0000000008000a24                __ledf2
                0x0000000008000a2c                __cmpdf2
                0x0000000008000a2c                __eqdf2
                0x0000000008000a2c                __nedf2
                0x0000000008000aa8                __aeabi_cdrcmple
                0x0000000008000ab8                __aeabi_cdcmple
                0x0000000008000ab8                __aeabi_cdcmpeq
                0x0000000008000ac8                __aeabi_dcmpeq
                0x0000000008000adc                __aeabi_dcmplt
                0x0000000008000af0                __aeabi_dcmple
                0x0000000008000b04                __aeabi_dcmpge
                0x0000000008000b18                __aeabi_dcmpgt
 .text          0x0000000008000b2c       0x2c /opt/st/stm32cubeide_1.11.0/plugins/com.st.stm32cube.ide.mcu.externaltools.gnu-tools-for-stm32.10.3-2021.10.linux64_1.0.100.202210260954/tools/bin/../lib/gcc/arm-none-eabi/10.3.1/thumb/v7e-m+fp/hard/libgcc.a(_arm_unorddf2.o)
                0x0000000008000b2c                __aeabi_dcmpun
                0x0000000008000b2c                __unorddf2
 .text          0x0000000008000b58       0x50 /opt/st/stm32cubeide_1.11.0/plugins/com.st.stm32cube.ide.mcu.externaltools.gnu-tools-for-stm32.10.3-2021.10.linux64_1.0.100.202210260954/tools/bin/../lib/gcc/arm-none-eabi/10.3.1/thumb/v7e-m+fp/hard/libgcc.a(_arm_fixdfsi.o)
                0x0000000008000b58                __fixdfsi
                0x0000000008000b58                __aeabi_d2iz
 .text          0x0000000008000ba8       0x30 /opt/st/stm32cubeide_1.11.0/plugins/com.st.stm32cube.ide.mcu.externaltools.gnu-tools-for-stm32.10.3-2021.10.linux64_1.0.100.202210260954/tools/bin/../lib/gcc/arm-none-eabi/10.3.1/thumb/v7e-m+fp/hard/libgcc.a(_aeabi_uldivmod.o)
                0x0000000008000ba8                __aeabi_uldivmod
 .text          0x0000000008000bd8      0x2d0 /opt/st/stm32cubeide_1.11.0/plugins/com.st.stm32cube.ide.mcu.externaltools.gnu-tools-for-stm32.10.3-2021.10.linux64_1.0.100.202210260954/tools/bin/../lib/gcc/arm-none-eabi/10.3.1/thumb/v7e-m+fp/hard/libgcc.a(_udivmoddi4.o)
                0x0000000008000bd8                __udivmoddi4
 .text          0x0000000008000ea8        0x4 /opt/st/stm32cubeide_1.11.0/plugins/com.st.stm32cube.ide.mcu.externaltools.gnu-tools-for-stm32.10.3-2021.10.linux64_1.0.100.202210260954/tools/bin/../lib/gcc/arm-none-eabi/10.3.1/thumb/v7e-m+fp/hard/libgcc.a(_dvmd_tls.o)
                0x0000000008000ea8                __aeabi_ldiv0
                0x0000000008000ea8                __aeabi_idiv0
 *(.text*)
 *fill*         0x0000000008000eac        0x4 
 .text.MX_ADC1_Init
                0x0000000008000eb0       0x84 ./Core/Src/adc.o
                0x0000000008000eb0                MX_ADC1_Init
 .text.HAL_ADC_MspInit
                0x0000000008000f34       0xa4 ./Core/Src/adc.o
                0x0000000008000f34                HAL_ADC_MspInit
 .text.MX_CRC_Init
                0x0000000008000fd8       0x20 ./Core/Src/crc.o
                0x0000000008000fd8                MX_CRC_Init
 .text.HAL_CRC_MspInit
                0x0000000008000ff8       0x34 ./Core/Src/crc.o
                0x0000000008000ff8                HAL_CRC_MspInit
 .text.MX_DMA_Init
                0x000000000800102c       0x34 ./Core/Src/dma.o
                0x000000000800102c                MX_DMA_Init
 .text.MX_GPIO_Init
                0x0000000008001060       0x90 ./Core/Src/gpio.o
                0x0000000008001060                MX_GPIO_Init
 .text.aiInit   0x00000000080010f0       0x58 ./Core/Src/main.o
                0x00000000080010f0                aiInit
 .text.SystemClock_Config
                0x0000000008001148       0xb8 ./Core/Src/main.o
                0x0000000008001148                SystemClock_Config
 .text.startup.main
                0x0000000008001200      0x250 ./Core/Src/main.o
                0x0000000008001200                main
 .text.Error_Handler
                0x0000000008001450        0x4 ./Core/Src/main.o
                0x0000000008001450                Error_Handler
 .text.MX_RNG_Init
                0x0000000008001454       0x20 ./Core/Src/rng.o
                0x0000000008001454                MX_RNG_Init
 .text.HAL_RNG_MspInit
                0x0000000008001474       0x30 ./Core/Src/rng.o
                0x0000000008001474                HAL_RNG_MspInit
 .text.HAL_MspInit
                0x00000000080014a4       0x38 ./Core/Src/stm32f4xx_hal_msp.o
                0x00000000080014a4                HAL_MspInit
 .text.NMI_Handler
                0x00000000080014dc        0x4 ./Core/Src/stm32f4xx_it.o
                0x00000000080014dc                NMI_Handler
 .text.HardFault_Handler
                0x00000000080014e0        0x4 ./Core/Src/stm32f4xx_it.o
                0x00000000080014e0                HardFault_Handler
 .text.MemManage_Handler
                0x00000000080014e4        0x4 ./Core/Src/stm32f4xx_it.o
                0x00000000080014e4                MemManage_Handler
 .text.BusFault_Handler
                0x00000000080014e8        0x4 ./Core/Src/stm32f4xx_it.o
                0x00000000080014e8                BusFault_Handler
 .text.UsageFault_Handler
                0x00000000080014ec        0x4 ./Core/Src/stm32f4xx_it.o
                0x00000000080014ec                UsageFault_Handler
 .text.SVC_Handler
                0x00000000080014f0        0x4 ./Core/Src/stm32f4xx_it.o
                0x00000000080014f0                SVC_Handler
 .text.DebugMon_Handler
                0x00000000080014f4        0x4 ./Core/Src/stm32f4xx_it.o
                0x00000000080014f4                DebugMon_Handler
 .text.PendSV_Handler
                0x00000000080014f8        0x4 ./Core/Src/stm32f4xx_it.o
                0x00000000080014f8                PendSV_Handler
 .text.SysTick_Handler
                0x00000000080014fc        0x4 ./Core/Src/stm32f4xx_it.o
                0x00000000080014fc                SysTick_Handler
 .text.TIM3_IRQHandler
                0x0000000008001500        0xc ./Core/Src/stm32f4xx_it.o
                0x0000000008001500                TIM3_IRQHandler
 .text.DMA2_Stream0_IRQHandler
                0x000000000800150c        0xc ./Core/Src/stm32f4xx_it.o
                0x000000000800150c                DMA2_Stream0_IRQHandler
 .text._sbrk    0x0000000008001518       0x44 ./Core/Src/sysmem.o
                0x0000000008001518                _sbrk
 .text.SystemInit
                0x000000000800155c       0x14 ./Core/Src/system_stm32f4xx.o
                0x000000000800155c                SystemInit
 .text.MX_TIM3_Init
                0x0000000008001570       0x78 ./Core/Src/tim.o
                0x0000000008001570                MX_TIM3_Init
 .text.HAL_TIM_Base_MspInit
                0x00000000080015e8       0x40 ./Core/Src/tim.o
                0x00000000080015e8                HAL_TIM_Base_MspInit
 .text.MX_USART1_UART_Init
                0x0000000008001628       0x38 ./Core/Src/usart.o
                0x0000000008001628                MX_USART1_UART_Init
 .text.HAL_UART_MspInit
                0x0000000008001660       0x78 ./Core/Src/usart.o
                0x0000000008001660                HAL_UART_MspInit
 .text.Reset_Handler
                0x00000000080016d8       0x50 ./Core/Startup/startup_stm32f407vetx.o
                0x00000000080016d8                Reset_Handler
 .text.Default_Handler
                0x0000000008001728        0x2 ./Core/Startup/startup_stm32f407vetx.o
                0x0000000008001728                RTC_Alarm_IRQHandler
                0x0000000008001728                HASH_RNG_IRQHandler
                0x0000000008001728                EXTI2_IRQHandler
                0x0000000008001728                TIM8_CC_IRQHandler
                0x0000000008001728                TIM1_CC_IRQHandler
                0x0000000008001728                DMA2_Stream5_IRQHandler
                0x0000000008001728                DMA1_Stream5_IRQHandler
                0x0000000008001728                PVD_IRQHandler
                0x0000000008001728                SDIO_IRQHandler
                0x0000000008001728                TAMP_STAMP_IRQHandler
                0x0000000008001728                CAN2_RX1_IRQHandler
                0x0000000008001728                EXTI3_IRQHandler
                0x0000000008001728                TIM8_TRG_COM_TIM14_IRQHandler
                0x0000000008001728                TIM1_UP_TIM10_IRQHandler
                0x0000000008001728                TIM8_UP_TIM13_IRQHandler
                0x0000000008001728                I2C3_ER_IRQHandler
                0x0000000008001728                EXTI0_IRQHandler
                0x0000000008001728                I2C2_EV_IRQHandler
                0x0000000008001728                DMA1_Stream2_IRQHandler
                0x0000000008001728                CAN1_RX0_IRQHandler
                0x0000000008001728                FPU_IRQHandler
                0x0000000008001728                OTG_HS_WKUP_IRQHandler
                0x0000000008001728                CAN2_SCE_IRQHandler
                0x0000000008001728                DMA2_Stream2_IRQHandler
                0x0000000008001728                SPI1_IRQHandler
                0x0000000008001728                TIM6_DAC_IRQHandler
                0x0000000008001728                TIM1_BRK_TIM9_IRQHandler
                0x0000000008001728                DCMI_IRQHandler
                0x0000000008001728                CAN2_RX0_IRQHandler
                0x0000000008001728                DMA2_Stream3_IRQHandler
                0x0000000008001728                USART6_IRQHandler
                0x0000000008001728                USART3_IRQHandler
                0x0000000008001728                CAN1_RX1_IRQHandler
                0x0000000008001728                UART5_IRQHandler
                0x0000000008001728                TIM4_IRQHandler
                0x0000000008001728                I2C1_EV_IRQHandler
                0x0000000008001728                DMA1_Stream6_IRQHandler
                0x0000000008001728                DMA1_Stream1_IRQHandler
                0x0000000008001728                UART4_IRQHandler
                0x0000000008001728                RCC_IRQHandler
                0x0000000008001728                TIM8_BRK_TIM12_IRQHandler
                0x0000000008001728                Default_Handler
                0x0000000008001728                EXTI15_10_IRQHandler
                0x0000000008001728                ADC_IRQHandler
                0x0000000008001728                DMA1_Stream7_IRQHandler
                0x0000000008001728                TIM7_IRQHandler
                0x0000000008001728                CAN2_TX_IRQHandler
                0x0000000008001728                TIM5_IRQHandler
                0x0000000008001728                DMA2_Stream7_IRQHandler
                0x0000000008001728                I2C3_EV_IRQHandler
                0x0000000008001728                EXTI9_5_IRQHandler
                0x0000000008001728                RTC_WKUP_IRQHandler
                0x0000000008001728                ETH_WKUP_IRQHandler
                0x0000000008001728                SPI2_IRQHandler
                0x0000000008001728                OTG_HS_EP1_IN_IRQHandler
                0x0000000008001728                DMA1_Stream0_IRQHandler
                0x0000000008001728                CAN1_TX_IRQHandler
                0x0000000008001728                EXTI4_IRQHandler
                0x0000000008001728                FSMC_IRQHandler
                0x0000000008001728                ETH_IRQHandler
                0x0000000008001728                OTG_HS_EP1_OUT_IRQHandler
                0x0000000008001728                WWDG_IRQHandler
                0x0000000008001728                TIM2_IRQHandler
                0x0000000008001728                OTG_FS_WKUP_IRQHandler
                0x0000000008001728                TIM1_TRG_COM_TIM11_IRQHandler
                0x0000000008001728                OTG_HS_IRQHandler
                0x0000000008001728                EXTI1_IRQHandler
                0x0000000008001728                USART2_IRQHandler
                0x0000000008001728                I2C2_ER_IRQHandler
                0x0000000008001728                DMA2_Stream1_IRQHandler
                0x0000000008001728                CAN1_SCE_IRQHandler
                0x0000000008001728                FLASH_IRQHandler
                0x0000000008001728                DMA2_Stream4_IRQHandler
                0x0000000008001728                USART1_IRQHandler
                0x0000000008001728                OTG_FS_IRQHandler
                0x0000000008001728                SPI3_IRQHandler
                0x0000000008001728                DMA1_Stream4_IRQHandler
                0x0000000008001728                I2C1_ER_IRQHandler
                0x0000000008001728                DMA2_Stream6_IRQHandler
                0x0000000008001728                DMA1_Stream3_IRQHandler
 *fill*         0x000000000800172a        0x2 
 .text.HAL_InitTick
                0x000000000800172c       0x48 ./Drivers/STM32F4xx_HAL_Driver/Src/stm32f4xx_hal.o
                0x000000000800172c                HAL_InitTick
 .text.HAL_Init
                0x0000000008001774       0x34 ./Drivers/STM32F4xx_HAL_Driver/Src/stm32f4xx_hal.o
                0x0000000008001774                HAL_Init
 .text.HAL_IncTick
                0x00000000080017a8       0x18 ./Drivers/STM32F4xx_HAL_Driver/Src/stm32f4xx_hal.o
                0x00000000080017a8                HAL_IncTick
 .text.HAL_GetTick
                0x00000000080017c0        0xc ./Drivers/STM32F4xx_HAL_Driver/Src/stm32f4xx_hal.o
                0x00000000080017c0                HAL_GetTick
 .text.HAL_Delay
                0x00000000080017cc       0x24 ./Drivers/STM32F4xx_HAL_Driver/Src/stm32f4xx_hal.o
                0x00000000080017cc                HAL_Delay
 .text.HAL_ADC_Init
                0x00000000080017f0      0x15c ./Drivers/STM32F4xx_HAL_Driver/Src/stm32f4xx_hal_adc.o
                0x00000000080017f0                HAL_ADC_Init
 .text.HAL_ADC_ConfigChannel
                0x000000000800194c      0x15c ./Drivers/STM32F4xx_HAL_Driver/Src/stm32f4xx_hal_adc.o
                0x000000000800194c                HAL_ADC_ConfigChannel
 .text.HAL_NVIC_SetPriorityGrouping
                0x0000000008001aa8       0x24 ./Drivers/STM32F4xx_HAL_Driver/Src/stm32f4xx_hal_cortex.o
                0x0000000008001aa8                HAL_NVIC_SetPriorityGrouping
 .text.HAL_NVIC_SetPriority
                0x0000000008001acc       0x7c ./Drivers/STM32F4xx_HAL_Driver/Src/stm32f4xx_hal_cortex.o
                0x0000000008001acc                HAL_NVIC_SetPriority
 .text.HAL_NVIC_EnableIRQ
                0x0000000008001b48       0x1c ./Drivers/STM32F4xx_HAL_Driver/Src/stm32f4xx_hal_cortex.o
                0x0000000008001b48                HAL_NVIC_EnableIRQ
 .text.HAL_SYSTICK_Config
                0x0000000008001b64       0x34 ./Drivers/STM32F4xx_HAL_Driver/Src/stm32f4xx_hal_cortex.o
                0x0000000008001b64                HAL_SYSTICK_Config
 .text.HAL_CRC_Init
                0x0000000008001b98       0x28 ./Drivers/STM32F4xx_HAL_Driver/Src/stm32f4xx_hal_crc.o
                0x0000000008001b98                HAL_CRC_Init
 .text.HAL_DMA_Init
                0x0000000008001bc0      0x130 ./Drivers/STM32F4xx_HAL_Driver/Src/stm32f4xx_hal_dma.o
                0x0000000008001bc0                HAL_DMA_Init
 .text.HAL_DMA_IRQHandler
                0x0000000008001cf0      0x1e0 ./Drivers/STM32F4xx_HAL_Driver/Src/stm32f4xx_hal_dma.o
                0x0000000008001cf0                HAL_DMA_IRQHandler
 .text.HAL_GPIO_Init
                0x0000000008001ed0      0x240 ./Drivers/STM32F4xx_HAL_Driver/Src/stm32f4xx_hal_gpio.o
                0x0000000008001ed0                HAL_GPIO_Init
 .text.HAL_GPIO_WritePin
                0x0000000008002110        0x8 ./Drivers/STM32F4xx_HAL_Driver/Src/stm32f4xx_hal_gpio.o
                0x0000000008002110                HAL_GPIO_WritePin
 .text.HAL_GPIO_TogglePin
                0x0000000008002118       0x14 ./Drivers/STM32F4xx_HAL_Driver/Src/stm32f4xx_hal_gpio.o
                0x0000000008002118                HAL_GPIO_TogglePin
 .text.HAL_RCC_OscConfig
                0x000000000800212c      0x3c8 ./Drivers/STM32F4xx_HAL_Driver/Src/stm32f4xx_hal_rcc.o
                0x000000000800212c                HAL_RCC_OscConfig
 .text.HAL_RCC_GetSysClockFreq
                0x00000000080024f4       0x68 ./Drivers/STM32F4xx_HAL_Driver/Src/stm32f4xx_hal_rcc.o
                0x00000000080024f4                HAL_RCC_GetSysClockFreq
 .text.HAL_RCC_ClockConfig
                0x000000000800255c      0x13c ./Drivers/STM32F4xx_HAL_Driver/Src/stm32f4xx_hal_rcc.o
                0x000000000800255c                HAL_RCC_ClockConfig
 .text.HAL_RCC_GetPCLK1Freq
                0x0000000008002698       0x20 ./Drivers/STM32F4xx_HAL_Driver/Src/stm32f4xx_hal_rcc.o
                0x0000000008002698                HAL_RCC_GetPCLK1Freq
 .text.HAL_RCC_GetPCLK2Freq
                0x00000000080026b8       0x20 ./Drivers/STM32F4xx_HAL_Driver/Src/stm32f4xx_hal_rcc.o
                0x00000000080026b8                HAL_RCC_GetPCLK2Freq
 .text.HAL_RNG_Init
                0x00000000080026d8       0x34 ./Drivers/STM32F4xx_HAL_Driver/Src/stm32f4xx_hal_rng.o
                0x00000000080026d8                HAL_RNG_Init
 .text.HAL_RNG_GenerateRandomNumber
                0x000000000800270c       0x6c ./Drivers/STM32F4xx_HAL_Driver/Src/stm32f4xx_hal_rng.o
                0x000000000800270c                HAL_RNG_GenerateRandomNumber
 .text.HAL_TIM_Base_Init
                0x0000000008002778      0x11c ./Drivers/STM32F4xx_HAL_Driver/Src/stm32f4xx_hal_tim.o
                0x0000000008002778                HAL_TIM_Base_Init
 .text.HAL_TIM_ConfigClockSource
                0x0000000008002894      0x160 ./Drivers/STM32F4xx_HAL_Driver/Src/stm32f4xx_hal_tim.o
                0x0000000008002894                HAL_TIM_ConfigClockSource
 .text.HAL_TIM_PeriodElapsedCallback
                0x00000000080029f4        0x4 ./Drivers/STM32F4xx_HAL_Driver/Src/stm32f4xx_hal_tim.o
                0x00000000080029f4                HAL_TIM_PeriodElapsedCallback
 .text.HAL_TIM_OC_DelayElapsedCallback
                0x00000000080029f8        0x4 ./Drivers/STM32F4xx_HAL_Driver/Src/stm32f4xx_hal_tim.o
                0x00000000080029f8                HAL_TIM_OC_DelayElapsedCallback
 .text.HAL_TIM_IC_CaptureCallback
                0x00000000080029fc        0x4 ./Drivers/STM32F4xx_HAL_Driver/Src/stm32f4xx_hal_tim.o
                0x00000000080029fc                HAL_TIM_IC_CaptureCallback
 .text.HAL_TIM_PWM_PulseFinishedCallback
                0x0000000008002a00        0x4 ./Drivers/STM32F4xx_HAL_Driver/Src/stm32f4xx_hal_tim.o
                0x0000000008002a00                HAL_TIM_PWM_PulseFinishedCallback
 .text.HAL_TIM_TriggerCallback
                0x0000000008002a04        0x4 ./Drivers/STM32F4xx_HAL_Driver/Src/stm32f4xx_hal_tim.o
                0x0000000008002a04                HAL_TIM_TriggerCallback
 .text.HAL_TIM_IRQHandler
                0x0000000008002a08      0x154 ./Drivers/STM32F4xx_HAL_Driver/Src/stm32f4xx_hal_tim.o
                0x0000000008002a08                HAL_TIM_IRQHandler
 .text.HAL_TIMEx_MasterConfigSynchronization
                0x0000000008002b5c       0x80 ./Drivers/STM32F4xx_HAL_Driver/Src/stm32f4xx_hal_tim_ex.o
                0x0000000008002b5c                HAL_TIMEx_MasterConfigSynchronization
 .text.HAL_TIMEx_CommutCallback
                0x0000000008002bdc        0x4 ./Drivers/STM32F4xx_HAL_Driver/Src/stm32f4xx_hal_tim_ex.o
                0x0000000008002bdc                HAL_TIMEx_CommutCallback
 .text.HAL_TIMEx_BreakCallback
                0x0000000008002be0        0x4 ./Drivers/STM32F4xx_HAL_Driver/Src/stm32f4xx_hal_tim_ex.o
                0x0000000008002be0                HAL_TIMEx_BreakCallback
 .text.HAL_UART_Init
                0x0000000008002be4      0x134 ./Drivers/STM32F4xx_HAL_Driver/Src/stm32f4xx_hal_uart.o
                0x0000000008002be4                HAL_UART_Init
 .text.HAL_UART_Transmit
                0x0000000008002d18      0x15c ./Drivers/STM32F4xx_HAL_Driver/Src/stm32f4xx_hal_uart.o
                0x0000000008002d18                HAL_UART_Transmit
 .text.ai_network_get_error
                0x0000000008002e74        0x4 ./X-CUBE-AI/App/network.o
                0x0000000008002e74                ai_network_get_error
 .text.ai_network_inputs_get
                0x0000000008002e78       0x18 ./X-CUBE-AI/App/network.o
                0x0000000008002e78                ai_network_inputs_get
 .text.ai_network_outputs_get
                0x0000000008002e90       0x18 ./X-CUBE-AI/App/network.o
                0x0000000008002e90                ai_network_outputs_get
 .text.ai_network_init
                0x0000000008002ea8      0x154 ./X-CUBE-AI/App/network.o
                0x0000000008002ea8                ai_network_init
 .text.ai_network_create_and_init
                0x0000000008002ffc       0xb0 ./X-CUBE-AI/App/network.o
                0x0000000008002ffc                ai_network_create_and_init
 .text.ai_network_run
                0x00000000080030ac        0x4 ./X-CUBE-AI/App/network.o
                0x00000000080030ac                ai_network_run
 .text.ai_network_data_params_get
                0x00000000080030b0       0x34 ./X-CUBE-AI/App/network_data.o
                0x00000000080030b0                ai_network_data_params_get
 .text.ai_buffer_get_size
                0x00000000080030e4       0x68 ../Middlewares/ST/AI/Lib/NetworkRuntime730_CM4_GCC.a(ai_platform.o)
                0x00000000080030e4                ai_buffer_get_size
 .text.ai_buffer_array_sane
                0x000000000800314c       0x14 ../Middlewares/ST/AI/Lib/NetworkRuntime730_CM4_GCC.a(ai_platform.o)
                0x000000000800314c                ai_buffer_array_sane
 .text.ai_buffer_array_item_set_address
                0x0000000008003160       0x20 ../Middlewares/ST/AI/Lib/NetworkRuntime730_CM4_GCC.a(ai_platform.o)
                0x0000000008003160                ai_buffer_array_item_set_address
 .text._ai_platform_acquire_crc
                0x0000000008003180        0x4 ../Middlewares/ST/AI/Lib/NetworkRuntime730_CM4_GCC.a(ai_platform_interface.o)
                0x0000000008003180                _ai_platform_acquire_crc
 .text._ai_platform_release_crc
                0x0000000008003184        0x4 ../Middlewares/ST/AI/Lib/NetworkRuntime730_CM4_GCC.a(ai_platform_interface.o)
                0x0000000008003184                _ai_platform_release_crc
 .text.ai_platform_get_weights_map
                0x0000000008003188       0xa8 ../Middlewares/ST/AI/Lib/NetworkRuntime730_CM4_GCC.a(ai_platform_interface.o)
                0x0000000008003188                ai_platform_get_weights_map
 .text.ai_platform_get_activations_map
                0x0000000008003230       0xa8 ../Middlewares/ST/AI/Lib/NetworkRuntime730_CM4_GCC.a(ai_platform_interface.o)
                0x0000000008003230                ai_platform_get_activations_map
 .text.ai_platform_bind_network_params
                0x00000000080032d8       0x44 ../Middlewares/ST/AI/Lib/NetworkRuntime730_CM4_GCC.a(ai_platform_interface.o)
                0x00000000080032d8                ai_platform_bind_network_params
 .text.ai_platform_network_get_error
                0x000000000800331c       0xdc ../Middlewares/ST/AI/Lib/NetworkRuntime730_CM4_GCC.a(ai_platform_interface.o)
                0x000000000800331c                ai_platform_network_get_error
 .text.ai_platform_network_set_error
                0x00000000080033f8        0xc ../Middlewares/ST/AI/Lib/NetworkRuntime730_CM4_GCC.a(ai_platform_interface.o)
                0x00000000080033f8                ai_platform_network_set_error
 .text.ai_platform_inputs_get
                0x0000000008003404      0x1ac ../Middlewares/ST/AI/Lib/NetworkRuntime730_CM4_GCC.a(ai_platform_interface.o)
                0x0000000008003404                ai_platform_inputs_get
 .text.ai_platform_outputs_get
                0x00000000080035b0      0x1a0 ../Middlewares/ST/AI/Lib/NetworkRuntime730_CM4_GCC.a(ai_platform_interface.o)
                0x00000000080035b0                ai_platform_outputs_get
 .text.ai_platform_network_create
                0x0000000008003750      0x1ac ../Middlewares/ST/AI/Lib/NetworkRuntime730_CM4_GCC.a(ai_platform_interface.o)
                0x0000000008003750                ai_platform_network_create
 .text.ai_platform_network_init
                0x00000000080038fc      0x1dc ../Middlewares/ST/AI/Lib/NetworkRuntime730_CM4_GCC.a(ai_platform_interface.o)
                0x00000000080038fc                ai_platform_network_init
 .text.ai_platform_network_post_init
                0x0000000008003ad8      0x110 ../Middlewares/ST/AI/Lib/NetworkRuntime730_CM4_GCC.a(ai_platform_interface.o)
                0x0000000008003ad8                ai_platform_network_post_init
 .text.ai_platform_network_process
                0x0000000008003be8      0x50c ../Middlewares/ST/AI/Lib/NetworkRuntime730_CM4_GCC.a(ai_platform_interface.o)
                0x0000000008003be8                ai_platform_network_process
 .text.core_init
                0x00000000080040f4        0x4 ../Middlewares/ST/AI/Lib/NetworkRuntime730_CM4_GCC.a(core_common.o)
                0x00000000080040f4                core_init
 .text.core_get_error
                0x00000000080040f8        0xc ../Middlewares/ST/AI/Lib/NetworkRuntime730_CM4_GCC.a(core_common.o)
                0x00000000080040f8                core_get_error
 .text.core_set_error
                0x0000000008004104       0x18 ../Middlewares/ST/AI/Lib/NetworkRuntime730_CM4_GCC.a(core_common.o)
                0x0000000008004104                core_set_error
 .text.forward_dense
                0x000000000800411c      0x54c ../Middlewares/ST/AI/Lib/NetworkRuntime730_CM4_GCC.a(layers_conv2d_generic_float.o)
                0x000000000800411c                forward_dense
 .text.forward_relu
                0x0000000008004668      0x268 ../Middlewares/ST/AI/Lib/NetworkRuntime730_CM4_GCC.a(layers_nl_generic_float.o)
                0x0000000008004668                forward_relu
 .text.forward_sm
                0x00000000080048d0      0x11c ../Middlewares/ST/AI/Lib/NetworkRuntime730_CM4_GCC.a(layers_nl_generic_float.o)
                0x00000000080048d0                forward_sm
 .text.ai_check_custom_types
                0x00000000080049ec       0x54 ../Middlewares/ST/AI/Lib/NetworkRuntime730_CM4_GCC.a(layers.o)
                0x00000000080049ec                ai_check_custom_types
 .text.ai_layers_init_all
                0x0000000008004a40       0x1c ../Middlewares/ST/AI/Lib/NetworkRuntime730_CM4_GCC.a(layers.o)
                0x0000000008004a40                ai_layers_init_all
 .text.ai_layers_post_init_all
                0x0000000008004a5c       0x28 ../Middlewares/ST/AI/Lib/NetworkRuntime730_CM4_GCC.a(layers.o)
                0x0000000008004a5c                ai_layers_post_init_all
 .text.ai_layers_forward_all
                0x0000000008004a84       0x94 ../Middlewares/ST/AI/Lib/NetworkRuntime730_CM4_GCC.a(layers.o)
                0x0000000008004a84                ai_layers_forward_all
 .text.lite_dense_if32of32wf32
                0x0000000008004b18      0x248 ../Middlewares/ST/AI/Lib/NetworkRuntime730_CM4_GCC.a(lite_dense_if32.o)
                0x0000000008004b18                lite_dense_if32of32wf32
 .text.ai_version_get
                0x0000000008004d60        0xc ../Middlewares/ST/AI/Lib/NetworkRuntime730_CM4_GCC.a(ai_datatypes_internal.o)
                0x0000000008004d60                ai_version_get
 .text.get_tensor_byte_size
                0x0000000008004d6c       0x30 ../Middlewares/ST/AI/Lib/NetworkRuntime730_CM4_GCC.a(ai_datatypes_internal.o)
                0x0000000008004d6c                get_tensor_byte_size
 .text.ai_array_to_buffer_fmt
                0x0000000008004d9c       0xd8 ../Middlewares/ST/AI/Lib/NetworkRuntime730_CM4_GCC.a(ai_datatypes_format.o)
                0x0000000008004d9c                ai_array_to_buffer_fmt
 .text.ai_array_get_byte_size
                0x0000000008004e74       0x50 ../Middlewares/ST/AI/Lib/NetworkRuntime730_CM4_GCC.a(ai_datatypes_format.o)
                0x0000000008004e74                ai_array_get_byte_size
 .text.ai_array_get_data_byte_size
                0x0000000008004ec4       0x24 ../Middlewares/ST/AI/Lib/NetworkRuntime730_CM4_GCC.a(ai_datatypes_format.o)
                0x0000000008004ec4                ai_array_get_data_byte_size
 .text.expf     0x0000000008004ee8       0x6c /opt/st/stm32cubeide_1.11.0/plugins/com.st.stm32cube.ide.mcu.externaltools.gnu-tools-for-stm32.10.3-2021.10.linux64_1.0.100.202210260954/tools/bin/../lib/gcc/arm-none-eabi/10.3.1/../../../../arm-none-eabi/lib/thumb/v7e-m+fp/hard/libm.a(lib_a-wf_exp.o)
                0x0000000008004ee8                expf
 .text.__ieee754_expf
                0x0000000008004f54      0x19c /opt/st/stm32cubeide_1.11.0/plugins/com.st.stm32cube.ide.mcu.externaltools.gnu-tools-for-stm32.10.3-2021.10.linux64_1.0.100.202210260954/tools/bin/../lib/gcc/arm-none-eabi/10.3.1/../../../../arm-none-eabi/lib/thumb/v7e-m+fp/hard/libm.a(lib_a-ef_exp.o)
                0x0000000008004f54                __ieee754_expf
 .text.with_errnof
                0x00000000080050f0       0x16 /opt/st/stm32cubeide_1.11.0/plugins/com.st.stm32cube.ide.mcu.externaltools.gnu-tools-for-stm32.10.3-2021.10.linux64_1.0.100.202210260954/tools/bin/../lib/gcc/arm-none-eabi/10.3.1/../../../../arm-none-eabi/lib/thumb/v7e-m+fp/hard/libm.a(lib_a-math_errf.o)
 .text.xflowf   0x0000000008005106       0x16 /opt/st/stm32cubeide_1.11.0/plugins/com.st.stm32cube.ide.mcu.externaltools.gnu-tools-for-stm32.10.3-2021.10.linux64_1.0.100.202210260954/tools/bin/../lib/gcc/arm-none-eabi/10.3.1/../../../../arm-none-eabi/lib/thumb/v7e-m+fp/hard/libm.a(lib_a-math_errf.o)
 .text.__math_uflowf
                0x000000000800511c        0xc /opt/st/stm32cubeide_1.11.0/plugins/com.st.stm32cube.ide.mcu.externaltools.gnu-tools-for-stm32.10.3-2021.10.linux64_1.0.100.202210260954/tools/bin/../lib/gcc/arm-none-eabi/10.3.1/../../../../arm-none-eabi/lib/thumb/v7e-m+fp/hard/libm.a(lib_a-math_errf.o)
                0x000000000800511c                __math_uflowf
 .text.__math_oflowf
                0x0000000008005128        0xc /opt/st/stm32cubeide_1.11.0/plugins/com.st.stm32cube.ide.mcu.externaltools.gnu-tools-for-stm32.10.3-2021.10.linux64_1.0.100.202210260954/tools/bin/../lib/gcc/arm-none-eabi/10.3.1/../../../../arm-none-eabi/lib/thumb/v7e-m+fp/hard/libm.a(lib_a-math_errf.o)
                0x0000000008005128                __math_oflowf
 .text.finitef  0x0000000008005134       0x1a /opt/st/stm32cubeide_1.11.0/plugins/com.st.stm32cube.ide.mcu.externaltools.gnu-tools-for-stm32.10.3-2021.10.linux64_1.0.100.202210260954/tools/bin/../lib/gcc/arm-none-eabi/10.3.1/../../../../arm-none-eabi/lib/thumb/v7e-m+fp/hard/libm.a(lib_a-sf_finite.o)
                0x0000000008005134                finitef
 *fill*         0x000000000800514e        0x2 
 .text.__errno  0x0000000008005150        0xc /opt/st/stm32cubeide_1.11.0/plugins/com.st.stm32cube.ide.mcu.externaltools.gnu-tools-for-stm32.10.3-2021.10.linux64_1.0.100.202210260954/tools/bin/../lib/gcc/arm-none-eabi/10.3.1/../../../../arm-none-eabi/lib/thumb/v7e-m+fp/hard/libc.a(lib_a-errno.o)
                0x0000000008005150                __errno
 .text.__libc_init_array
                0x000000000800515c       0x48 /opt/st/stm32cubeide_1.11.0/plugins/com.st.stm32cube.ide.mcu.externaltools.gnu-tools-for-stm32.10.3-2021.10.linux64_1.0.100.202210260954/tools/bin/../lib/gcc/arm-none-eabi/10.3.1/../../../../arm-none-eabi/lib/thumb/v7e-m+fp/hard/libc.a(lib_a-init.o)
                0x000000000800515c                __libc_init_array
 .text._malloc_r
                0x00000000080051a4      0x478 /opt/st/stm32cubeide_1.11.0/plugins/com.st.stm32cube.ide.mcu.externaltools.gnu-tools-for-stm32.10.3-2021.10.linux64_1.0.100.202210260954/tools/bin/../lib/gcc/arm-none-eabi/10.3.1/../../../../arm-none-eabi/lib/thumb/v7e-m+fp/hard/libc.a(lib_a-mallocr.o)
                0x00000000080051a4                _malloc_r
 .text.memcpy   0x000000000800561c       0x1c /opt/st/stm32cubeide_1.11.0/plugins/com.st.stm32cube.ide.mcu.externaltools.gnu-tools-for-stm32.10.3-2021.10.linux64_1.0.100.202210260954/tools/bin/../lib/gcc/arm-none-eabi/10.3.1/../../../../arm-none-eabi/lib/thumb/v7e-m+fp/hard/libc.a(lib_a-memcpy-stub.o)
                0x000000000800561c                memcpy
 .text.memset   0x0000000008005638       0x10 /opt/st/stm32cubeide_1.11.0/plugins/com.st.stm32cube.ide.mcu.externaltools.gnu-tools-for-stm32.10.3-2021.10.linux64_1.0.100.202210260954/tools/bin/../lib/gcc/arm-none-eabi/10.3.1/../../../../arm-none-eabi/lib/thumb/v7e-m+fp/hard/libc.a(lib_a-memset.o)
                0x0000000008005638                memset
 .text.__malloc_lock
                0x0000000008005648        0xc /opt/st/stm32cubeide_1.11.0/plugins/com.st.stm32cube.ide.mcu.externaltools.gnu-tools-for-stm32.10.3-2021.10.linux64_1.0.100.202210260954/tools/bin/../lib/gcc/arm-none-eabi/10.3.1/../../../../arm-none-eabi/lib/thumb/v7e-m+fp/hard/libc.a(lib_a-mlock.o)
                0x0000000008005648                __malloc_lock
 .text.__malloc_unlock
                0x0000000008005654        0xc /opt/st/stm32cubeide_1.11.0/plugins/com.st.stm32cube.ide.mcu.externaltools.gnu-tools-for-stm32.10.3-2021.10.linux64_1.0.100.202210260954/tools/bin/../lib/gcc/arm-none-eabi/10.3.1/../../../../arm-none-eabi/lib/thumb/v7e-m+fp/hard/libc.a(lib_a-mlock.o)
                0x0000000008005654                __malloc_unlock
 .text._puts_r  0x0000000008005660       0x8c /opt/st/stm32cubeide_1.11.0/plugins/com.st.stm32cube.ide.mcu.externaltools.gnu-tools-for-stm32.10.3-2021.10.linux64_1.0.100.202210260954/tools/bin/../lib/gcc/arm-none-eabi/10.3.1/../../../../arm-none-eabi/lib/thumb/v7e-m+fp/hard/libc.a(lib_a-puts.o)
                0x0000000008005660                _puts_r
 .text.puts     0x00000000080056ec       0x10 /opt/st/stm32cubeide_1.11.0/plugins/com.st.stm32cube.ide.mcu.externaltools.gnu-tools-for-stm32.10.3-2021.10.linux64_1.0.100.202210260954/tools/bin/../lib/gcc/arm-none-eabi/10.3.1/../../../../arm-none-eabi/lib/thumb/v7e-m+fp/hard/libc.a(lib_a-puts.o)
                0x00000000080056ec                puts
 .text._realloc_r
                0x00000000080056fc      0x348 /opt/st/stm32cubeide_1.11.0/plugins/com.st.stm32cube.ide.mcu.externaltools.gnu-tools-for-stm32.10.3-2021.10.linux64_1.0.100.202210260954/tools/bin/../lib/gcc/arm-none-eabi/10.3.1/../../../../arm-none-eabi/lib/thumb/v7e-m+fp/hard/libc.a(lib_a-reallocr.o)
                0x00000000080056fc                _realloc_r
 .text._sbrk_r  0x0000000008005a44       0x20 /opt/st/stm32cubeide_1.11.0/plugins/com.st.stm32cube.ide.mcu.externaltools.gnu-tools-for-stm32.10.3-2021.10.linux64_1.0.100.202210260954/tools/bin/../lib/gcc/arm-none-eabi/10.3.1/../../../../arm-none-eabi/lib/thumb/v7e-m+fp/hard/libc.a(lib_a-sbrkr.o)
                0x0000000008005a44                _sbrk_r
 .text.sprintf  0x0000000008005a64       0x40 /opt/st/stm32cubeide_1.11.0/plugins/com.st.stm32cube.ide.mcu.externaltools.gnu-tools-for-stm32.10.3-2021.10.linux64_1.0.100.202210260954/tools/bin/../lib/gcc/arm-none-eabi/10.3.1/../../../../arm-none-eabi/lib/thumb/v7e-m+fp/hard/libc.a(lib_a-sprintf.o)
                0x0000000008005a64                sprintf
 *fill*         0x0000000008005aa4        0x4 
 .text._svfprintf_r
                0x0000000008005aa8     0x13c8 /opt/st/stm32cubeide_1.11.0/plugins/com.st.stm32cube.ide.mcu.externaltools.gnu-tools-for-stm32.10.3-2021.10.linux64_1.0.100.202210260954/tools/bin/../lib/gcc/arm-none-eabi/10.3.1/../../../../arm-none-eabi/lib/thumb/v7e-m+fp/hard/libc.a(lib_a-svfprintf.o)
                0x0000000008005aa8                _svfprintf_r
 .text.sysconf  0x0000000008006e70       0x1a /opt/st/stm32cubeide_1.11.0/plugins/com.st.stm32cube.ide.mcu.externaltools.gnu-tools-for-stm32.10.3-2021.10.linux64_1.0.100.202210260954/tools/bin/../lib/gcc/arm-none-eabi/10.3.1/../../../../arm-none-eabi/lib/thumb/v7e-m+fp/hard/libc.a(lib_a-sysconf.o)
                0x0000000008006e70                sysconf
 *fill*         0x0000000008006e8a        0x2 
 .text.startup.register_fini
                0x0000000008006e8c       0x14 /opt/st/stm32cubeide_1.11.0/plugins/com.st.stm32cube.ide.mcu.externaltools.gnu-tools-for-stm32.10.3-2021.10.linux64_1.0.100.202210260954/tools/bin/../lib/gcc/arm-none-eabi/10.3.1/../../../../arm-none-eabi/lib/thumb/v7e-m+fp/hard/libc.a(lib_a-__call_atexit.o)
 .text.atexit   0x0000000008006ea0        0xc /opt/st/stm32cubeide_1.11.0/plugins/com.st.stm32cube.ide.mcu.externaltools.gnu-tools-for-stm32.10.3-2021.10.linux64_1.0.100.202210260954/tools/bin/../lib/gcc/arm-none-eabi/10.3.1/../../../../arm-none-eabi/lib/thumb/v7e-m+fp/hard/libc.a(lib_a-atexit.o)
                0x0000000008006ea0                atexit
 .text.quorem   0x0000000008006eac      0x116 /opt/st/stm32cubeide_1.11.0/plugins/com.st.stm32cube.ide.mcu.externaltools.gnu-tools-for-stm32.10.3-2021.10.linux64_1.0.100.202210260954/tools/bin/../lib/gcc/arm-none-eabi/10.3.1/../../../../arm-none-eabi/lib/thumb/v7e-m+fp/hard/libc.a(lib_a-dtoa.o)
 *fill*         0x0000000008006fc2        0x6 
 .text._dtoa_r  0x0000000008006fc8      0xbac /opt/st/stm32cubeide_1.11.0/plugins/com.st.stm32cube.ide.mcu.externaltools.gnu-tools-for-stm32.10.3-2021.10.linux64_1.0.100.202210260954/tools/bin/../lib/gcc/arm-none-eabi/10.3.1/../../../../arm-none-eabi/lib/thumb/v7e-m+fp/hard/libc.a(lib_a-dtoa.o)
                0x0000000008006fc8                _dtoa_r
 .text.std      0x0000000008007b74       0x50 /opt/st/stm32cubeide_1.11.0/plugins/com.st.stm32cube.ide.mcu.externaltools.gnu-tools-for-stm32.10.3-2021.10.linux64_1.0.100.202210260954/tools/bin/../lib/gcc/arm-none-eabi/10.3.1/../../../../arm-none-eabi/lib/thumb/v7e-m+fp/hard/libc.a(lib_a-findfp.o)
 .text._cleanup_r
                0x0000000008007bc4        0xc /opt/st/stm32cubeide_1.11.0/plugins/com.st.stm32cube.ide.mcu.externaltools.gnu-tools-for-stm32.10.3-2021.10.linux64_1.0.100.202210260954/tools/bin/../lib/gcc/arm-none-eabi/10.3.1/../../../../arm-none-eabi/lib/thumb/v7e-m+fp/hard/libc.a(lib_a-findfp.o)
                0x0000000008007bc4                _cleanup_r
 .text.__sfp_lock_acquire
                0x0000000008007bd0        0xc /opt/st/stm32cubeide_1.11.0/plugins/com.st.stm32cube.ide.mcu.externaltools.gnu-tools-for-stm32.10.3-2021.10.linux64_1.0.100.202210260954/tools/bin/../lib/gcc/arm-none-eabi/10.3.1/../../../../arm-none-eabi/lib/thumb/v7e-m+fp/hard/libc.a(lib_a-findfp.o)
                0x0000000008007bd0                __sfp_lock_acquire
 .text.__sfp_lock_release
                0x0000000008007bdc        0xc /opt/st/stm32cubeide_1.11.0/plugins/com.st.stm32cube.ide.mcu.externaltools.gnu-tools-for-stm32.10.3-2021.10.linux64_1.0.100.202210260954/tools/bin/../lib/gcc/arm-none-eabi/10.3.1/../../../../arm-none-eabi/lib/thumb/v7e-m+fp/hard/libc.a(lib_a-findfp.o)
                0x0000000008007bdc                __sfp_lock_release
 .text.__sinit_lock_acquire
                0x0000000008007be8        0xc /opt/st/stm32cubeide_1.11.0/plugins/com.st.stm32cube.ide.mcu.externaltools.gnu-tools-for-stm32.10.3-2021.10.linux64_1.0.100.202210260954/tools/bin/../lib/gcc/arm-none-eabi/10.3.1/../../../../arm-none-eabi/lib/thumb/v7e-m+fp/hard/libc.a(lib_a-findfp.o)
                0x0000000008007be8                __sinit_lock_acquire
 .text.__sinit_lock_release
                0x0000000008007bf4        0xc /opt/st/stm32cubeide_1.11.0/plugins/com.st.stm32cube.ide.mcu.externaltools.gnu-tools-for-stm32.10.3-2021.10.linux64_1.0.100.202210260954/tools/bin/../lib/gcc/arm-none-eabi/10.3.1/../../../../arm-none-eabi/lib/thumb/v7e-m+fp/hard/libc.a(lib_a-findfp.o)
                0x0000000008007bf4                __sinit_lock_release
 .text.__sinit  0x0000000008007c00       0x50 /opt/st/stm32cubeide_1.11.0/plugins/com.st.stm32cube.ide.mcu.externaltools.gnu-tools-for-stm32.10.3-2021.10.linux64_1.0.100.202210260954/tools/bin/../lib/gcc/arm-none-eabi/10.3.1/../../../../arm-none-eabi/lib/thumb/v7e-m+fp/hard/libc.a(lib_a-findfp.o)
                0x0000000008007c00                __sinit
 .text.__libc_fini_array
                0x0000000008007c50       0x28 /opt/st/stm32cubeide_1.11.0/plugins/com.st.stm32cube.ide.mcu.externaltools.gnu-tools-for-stm32.10.3-2021.10.linux64_1.0.100.202210260954/tools/bin/../lib/gcc/arm-none-eabi/10.3.1/../../../../arm-none-eabi/lib/thumb/v7e-m+fp/hard/libc.a(lib_a-fini.o)
                0x0000000008007c50                __libc_fini_array
 .text._malloc_trim_r
                0x0000000008007c78       0xa8 /opt/st/stm32cubeide_1.11.0/plugins/com.st.stm32cube.ide.mcu.externaltools.gnu-tools-for-stm32.10.3-2021.10.linux64_1.0.100.202210260954/tools/bin/../lib/gcc/arm-none-eabi/10.3.1/../../../../arm-none-eabi/lib/thumb/v7e-m+fp/hard/libc.a(lib_a-freer.o)
                0x0000000008007c78                _malloc_trim_r
 .text._free_r  0x0000000008007d20      0x180 /opt/st/stm32cubeide_1.11.0/plugins/com.st.stm32cube.ide.mcu.externaltools.gnu-tools-for-stm32.10.3-2021.10.linux64_1.0.100.202210260954/tools/bin/../lib/gcc/arm-none-eabi/10.3.1/../../../../arm-none-eabi/lib/thumb/v7e-m+fp/hard/libc.a(lib_a-freer.o)
                0x0000000008007d20                _free_r
 .text.__sfvwrite_r
                0x0000000008007ea0      0x294 /opt/st/stm32cubeide_1.11.0/plugins/com.st.stm32cube.ide.mcu.externaltools.gnu-tools-for-stm32.10.3-2021.10.linux64_1.0.100.202210260954/tools/bin/../lib/gcc/arm-none-eabi/10.3.1/../../../../arm-none-eabi/lib/thumb/v7e-m+fp/hard/libc.a(lib_a-fvwrite.o)
                0x0000000008007ea0                __sfvwrite_r
 .text._fwalk_reent
                0x0000000008008134       0x3e /opt/st/stm32cubeide_1.11.0/plugins/com.st.stm32cube.ide.mcu.externaltools.gnu-tools-for-stm32.10.3-2021.10.linux64_1.0.100.202210260954/tools/bin/../lib/gcc/arm-none-eabi/10.3.1/../../../../arm-none-eabi/lib/thumb/v7e-m+fp/hard/libc.a(lib_a-fwalk.o)
                0x0000000008008134                _fwalk_reent
 *fill*         0x0000000008008172        0x2 
 .text._localeconv_r
                0x0000000008008174        0x8 /opt/st/stm32cubeide_1.11.0/plugins/com.st.stm32cube.ide.mcu.externaltools.gnu-tools-for-stm32.10.3-2021.10.linux64_1.0.100.202210260954/tools/bin/../lib/gcc/arm-none-eabi/10.3.1/../../../../arm-none-eabi/lib/thumb/v7e-m+fp/hard/libc.a(lib_a-localeconv.o)
                0x0000000008008174                _localeconv_r
 .text.__retarget_lock_init_recursive
                0x000000000800817c        0x2 /opt/st/stm32cubeide_1.11.0/plugins/com.st.stm32cube.ide.mcu.externaltools.gnu-tools-for-stm32.10.3-2021.10.linux64_1.0.100.202210260954/tools/bin/../lib/gcc/arm-none-eabi/10.3.1/../../../../arm-none-eabi/lib/thumb/v7e-m+fp/hard/libc.a(lib_a-lock.o)
                0x000000000800817c                __retarget_lock_init_recursive
 .text.__retarget_lock_close_recursive
                0x000000000800817e        0x2 /opt/st/stm32cubeide_1.11.0/plugins/com.st.stm32cube.ide.mcu.externaltools.gnu-tools-for-stm32.10.3-2021.10.linux64_1.0.100.202210260954/tools/bin/../lib/gcc/arm-none-eabi/10.3.1/../../../../arm-none-eabi/lib/thumb/v7e-m+fp/hard/libc.a(lib_a-lock.o)
                0x000000000800817e                __retarget_lock_close_recursive
 .text.__retarget_lock_acquire_recursive
                0x0000000008008180        0x2 /opt/st/stm32cubeide_1.11.0/plugins/com.st.stm32cube.ide.mcu.externaltools.gnu-tools-for-stm32.10.3-2021.10.linux64_1.0.100.202210260954/tools/bin/../lib/gcc/arm-none-eabi/10.3.1/../../../../arm-none-eabi/lib/thumb/v7e-m+fp/hard/libc.a(lib_a-lock.o)
                0x0000000008008180                __retarget_lock_acquire_recursive
 .text.__retarget_lock_release_recursive
                0x0000000008008182        0x2 /opt/st/stm32cubeide_1.11.0/plugins/com.st.stm32cube.ide.mcu.externaltools.gnu-tools-for-stm32.10.3-2021.10.linux64_1.0.100.202210260954/tools/bin/../lib/gcc/arm-none-eabi/10.3.1/../../../../arm-none-eabi/lib/thumb/v7e-m+fp/hard/libc.a(lib_a-lock.o)
                0x0000000008008182                __retarget_lock_release_recursive
 .text.memmove  0x0000000008008184       0x34 /opt/st/stm32cubeide_1.11.0/plugins/com.st.stm32cube.ide.mcu.externaltools.gnu-tools-for-stm32.10.3-2021.10.linux64_1.0.100.202210260954/tools/bin/../lib/gcc/arm-none-eabi/10.3.1/../../../../arm-none-eabi/lib/thumb/v7e-m+fp/hard/libc.a(lib_a-memmove.o)
                0x0000000008008184                memmove
 .text._Balloc  0x00000000080081b8       0x4a /opt/st/stm32cubeide_1.11.0/plugins/com.st.stm32cube.ide.mcu.externaltools.gnu-tools-for-stm32.10.3-2021.10.linux64_1.0.100.202210260954/tools/bin/../lib/gcc/arm-none-eabi/10.3.1/../../../../arm-none-eabi/lib/thumb/v7e-m+fp/hard/libc.a(lib_a-mprec.o)
                0x00000000080081b8                _Balloc
 .text._Bfree   0x0000000008008202       0x12 /opt/st/stm32cubeide_1.11.0/plugins/com.st.stm32cube.ide.mcu.externaltools.gnu-tools-for-stm32.10.3-2021.10.linux64_1.0.100.202210260954/tools/bin/../lib/gcc/arm-none-eabi/10.3.1/../../../../arm-none-eabi/lib/thumb/v7e-m+fp/hard/libc.a(lib_a-mprec.o)
                0x0000000008008202                _Bfree
 .text.__multadd
                0x0000000008008214       0x8c /opt/st/stm32cubeide_1.11.0/plugins/com.st.stm32cube.ide.mcu.externaltools.gnu-tools-for-stm32.10.3-2021.10.linux64_1.0.100.202210260954/tools/bin/../lib/gcc/arm-none-eabi/10.3.1/../../../../arm-none-eabi/lib/thumb/v7e-m+fp/hard/libc.a(lib_a-mprec.o)
                0x0000000008008214                __multadd
 .text.__hi0bits
                0x00000000080082a0       0x40 /opt/st/stm32cubeide_1.11.0/plugins/com.st.stm32cube.ide.mcu.externaltools.gnu-tools-for-stm32.10.3-2021.10.linux64_1.0.100.202210260954/tools/bin/../lib/gcc/arm-none-eabi/10.3.1/../../../../arm-none-eabi/lib/thumb/v7e-m+fp/hard/libc.a(lib_a-mprec.o)
                0x00000000080082a0                __hi0bits
 .text.__lo0bits
                0x00000000080082e0       0x5e /opt/st/stm32cubeide_1.11.0/plugins/com.st.stm32cube.ide.mcu.externaltools.gnu-tools-for-stm32.10.3-2021.10.linux64_1.0.100.202210260954/tools/bin/../lib/gcc/arm-none-eabi/10.3.1/../../../../arm-none-eabi/lib/thumb/v7e-m+fp/hard/libc.a(lib_a-mprec.o)
                0x00000000080082e0                __lo0bits
 *fill*         0x000000000800833e        0x2 
 .text.__i2b    0x0000000008008340       0x2c /opt/st/stm32cubeide_1.11.0/plugins/com.st.stm32cube.ide.mcu.externaltools.gnu-tools-for-stm32.10.3-2021.10.linux64_1.0.100.202210260954/tools/bin/../lib/gcc/arm-none-eabi/10.3.1/../../../../arm-none-eabi/lib/thumb/v7e-m+fp/hard/libc.a(lib_a-mprec.o)
                0x0000000008008340                __i2b
 .text.__multiply
                0x000000000800836c      0x154 /opt/st/stm32cubeide_1.11.0/plugins/com.st.stm32cube.ide.mcu.externaltools.gnu-tools-for-stm32.10.3-2021.10.linux64_1.0.100.202210260954/tools/bin/../lib/gcc/arm-none-eabi/10.3.1/../../../../arm-none-eabi/lib/thumb/v7e-m+fp/hard/libc.a(lib_a-mprec.o)
                0x000000000800836c                __multiply
 .text.__pow5mult
                0x00000000080084c0       0x80 /opt/st/stm32cubeide_1.11.0/plugins/com.st.stm32cube.ide.mcu.externaltools.gnu-tools-for-stm32.10.3-2021.10.linux64_1.0.100.202210260954/tools/bin/../lib/gcc/arm-none-eabi/10.3.1/../../../../arm-none-eabi/lib/thumb/v7e-m+fp/hard/libc.a(lib_a-mprec.o)
                0x00000000080084c0                __pow5mult
 .text.__lshift
                0x0000000008008540       0xe0 /opt/st/stm32cubeide_1.11.0/plugins/com.st.stm32cube.ide.mcu.externaltools.gnu-tools-for-stm32.10.3-2021.10.linux64_1.0.100.202210260954/tools/bin/../lib/gcc/arm-none-eabi/10.3.1/../../../../arm-none-eabi/lib/thumb/v7e-m+fp/hard/libc.a(lib_a-mprec.o)
                0x0000000008008540                __lshift
 .text.__mcmp   0x0000000008008620       0x38 /opt/st/stm32cubeide_1.11.0/plugins/com.st.stm32cube.ide.mcu.externaltools.gnu-tools-for-stm32.10.3-2021.10.linux64_1.0.100.202210260954/tools/bin/../lib/gcc/arm-none-eabi/10.3.1/../../../../arm-none-eabi/lib/thumb/v7e-m+fp/hard/libc.a(lib_a-mprec.o)
                0x0000000008008620                __mcmp
 .text.__mdiff  0x0000000008008658      0x114 /opt/st/stm32cubeide_1.11.0/plugins/com.st.stm32cube.ide.mcu.externaltools.gnu-tools-for-stm32.10.3-2021.10.linux64_1.0.100.202210260954/tools/bin/../lib/gcc/arm-none-eabi/10.3.1/../../../../arm-none-eabi/lib/thumb/v7e-m+fp/hard/libc.a(lib_a-mprec.o)
                0x0000000008008658                __mdiff
 .text.__d2b    0x000000000800876c       0xb8 /opt/st/stm32cubeide_1.11.0/plugins/com.st.stm32cube.ide.mcu.externaltools.gnu-tools-for-stm32.10.3-2021.10.linux64_1.0.100.202210260954/tools/bin/../lib/gcc/arm-none-eabi/10.3.1/../../../../arm-none-eabi/lib/thumb/v7e-m+fp/hard/libc.a(lib_a-mprec.o)
                0x000000000800876c                __d2b
 .text.frexp    0x0000000008008824       0x70 /opt/st/stm32cubeide_1.11.0/plugins/com.st.stm32cube.ide.mcu.externaltools.gnu-tools-for-stm32.10.3-2021.10.linux64_1.0.100.202210260954/tools/bin/../lib/gcc/arm-none-eabi/10.3.1/../../../../arm-none-eabi/lib/thumb/v7e-m+fp/hard/libc.a(lib_a-s_frexp.o)
                0x0000000008008824                frexp
 .text.__sread  0x0000000008008894       0x22 /opt/st/stm32cubeide_1.11.0/plugins/com.st.stm32cube.ide.mcu.externaltools.gnu-tools-for-stm32.10.3-2021.10.linux64_1.0.100.202210260954/tools/bin/../lib/gcc/arm-none-eabi/10.3.1/../../../../arm-none-eabi/lib/thumb/v7e-m+fp/hard/libc.a(lib_a-stdio.o)
                0x0000000008008894                __sread
 .text.__swrite
                0x00000000080088b6       0x38 /opt/st/stm32cubeide_1.11.0/plugins/com.st.stm32cube.ide.mcu.externaltools.gnu-tools-for-stm32.10.3-2021.10.linux64_1.0.100.202210260954/tools/bin/../lib/gcc/arm-none-eabi/10.3.1/../../../../arm-none-eabi/lib/thumb/v7e-m+fp/hard/libc.a(lib_a-stdio.o)
                0x00000000080088b6                __swrite
 .text.__sseek  0x00000000080088ee       0x24 /opt/st/stm32cubeide_1.11.0/plugins/com.st.stm32cube.ide.mcu.externaltools.gnu-tools-for-stm32.10.3-2021.10.linux64_1.0.100.202210260954/tools/bin/../lib/gcc/arm-none-eabi/10.3.1/../../../../arm-none-eabi/lib/thumb/v7e-m+fp/hard/libc.a(lib_a-stdio.o)
                0x00000000080088ee                __sseek
 .text.__sclose
                0x0000000008008912        0x8 /opt/st/stm32cubeide_1.11.0/plugins/com.st.stm32cube.ide.mcu.externaltools.gnu-tools-for-stm32.10.3-2021.10.linux64_1.0.100.202210260954/tools/bin/../lib/gcc/arm-none-eabi/10.3.1/../../../../arm-none-eabi/lib/thumb/v7e-m+fp/hard/libc.a(lib_a-stdio.o)
                0x0000000008008912                __sclose
 .text.strncpy  0x000000000800891a       0x26 /opt/st/stm32cubeide_1.11.0/plugins/com.st.stm32cube.ide.mcu.externaltools.gnu-tools-for-stm32.10.3-2021.10.linux64_1.0.100.202210260954/tools/bin/../lib/gcc/arm-none-eabi/10.3.1/../../../../arm-none-eabi/lib/thumb/v7e-m+fp/hard/libc.a(lib_a-strncpy.o)
                0x000000000800891a                strncpy
 .text.__ssprint_r
                0x0000000008008940       0xf6 /opt/st/stm32cubeide_1.11.0/plugins/com.st.stm32cube.ide.mcu.externaltools.gnu-tools-for-stm32.10.3-2021.10.linux64_1.0.100.202210260954/tools/bin/../lib/gcc/arm-none-eabi/10.3.1/../../../../arm-none-eabi/lib/thumb/v7e-m+fp/hard/libc.a(lib_a-svfiprintf.o)
                0x0000000008008940                __ssprint_r
 *fill*         0x0000000008008a36        0x2 
 .text._write_r
                0x0000000008008a38       0x24 /opt/st/stm32cubeide_1.11.0/plugins/com.st.stm32cube.ide.mcu.externaltools.gnu-tools-for-stm32.10.3-2021.10.linux64_1.0.100.202210260954/tools/bin/../lib/gcc/arm-none-eabi/10.3.1/../../../../arm-none-eabi/lib/thumb/v7e-m+fp/hard/libc.a(lib_a-writer.o)
                0x0000000008008a38                _write_r
 .text.__swsetup_r
                0x0000000008008a5c       0xb0 /opt/st/stm32cubeide_1.11.0/plugins/com.st.stm32cube.ide.mcu.externaltools.gnu-tools-for-stm32.10.3-2021.10.linux64_1.0.100.202210260954/tools/bin/../lib/gcc/arm-none-eabi/10.3.1/../../../../arm-none-eabi/lib/thumb/v7e-m+fp/hard/libc.a(lib_a-wsetup.o)
                0x0000000008008a5c                __swsetup_r
 .text.__register_exitproc
                0x0000000008008b0c       0x84 /opt/st/stm32cubeide_1.11.0/plugins/com.st.stm32cube.ide.mcu.externaltools.gnu-tools-for-stm32.10.3-2021.10.linux64_1.0.100.202210260954/tools/bin/../lib/gcc/arm-none-eabi/10.3.1/../../../../arm-none-eabi/lib/thumb/v7e-m+fp/hard/libc.a(lib_a-__atexit.o)
                0x0000000008008b0c                __register_exitproc
 .text.__assert_func
                0x0000000008008b90       0x3c /opt/st/stm32cubeide_1.11.0/plugins/com.st.stm32cube.ide.mcu.externaltools.gnu-tools-for-stm32.10.3-2021.10.linux64_1.0.100.202210260954/tools/bin/../lib/gcc/arm-none-eabi/10.3.1/../../../../arm-none-eabi/lib/thumb/v7e-m+fp/hard/libc.a(lib_a-assert.o)
                0x0000000008008b90                __assert_func
 .text._calloc_r
                0x0000000008008bcc       0x6a /opt/st/stm32cubeide_1.11.0/plugins/com.st.stm32cube.ide.mcu.externaltools.gnu-tools-for-stm32.10.3-2021.10.linux64_1.0.100.202210260954/tools/bin/../lib/gcc/arm-none-eabi/10.3.1/../../../../arm-none-eabi/lib/thumb/v7e-m+fp/hard/libc.a(lib_a-callocr.o)
                0x0000000008008bcc                _calloc_r
 *fill*         0x0000000008008c36        0x2 
 .text._close_r
                0x0000000008008c38       0x20 /opt/st/stm32cubeide_1.11.0/plugins/com.st.stm32cube.ide.mcu.externaltools.gnu-tools-for-stm32.10.3-2021.10.linux64_1.0.100.202210260954/tools/bin/../lib/gcc/arm-none-eabi/10.3.1/../../../../arm-none-eabi/lib/thumb/v7e-m+fp/hard/libc.a(lib_a-closer.o)
                0x0000000008008c38                _close_r
 .text._fclose_r
                0x0000000008008c58       0xae /opt/st/stm32cubeide_1.11.0/plugins/com.st.stm32cube.ide.mcu.externaltools.gnu-tools-for-stm32.10.3-2021.10.linux64_1.0.100.202210260954/tools/bin/../lib/gcc/arm-none-eabi/10.3.1/../../../../arm-none-eabi/lib/thumb/v7e-m+fp/hard/libc.a(lib_a-fclose.o)
                0x0000000008008c58                _fclose_r
 *fill*         0x0000000008008d06        0x2 
 .text.__sflush_r
                0x0000000008008d08      0x11c /opt/st/stm32cubeide_1.11.0/plugins/com.st.stm32cube.ide.mcu.externaltools.gnu-tools-for-stm32.10.3-2021.10.linux64_1.0.100.202210260954/tools/bin/../lib/gcc/arm-none-eabi/10.3.1/../../../../arm-none-eabi/lib/thumb/v7e-m+fp/hard/libc.a(lib_a-fflush.o)
                0x0000000008008d08                __sflush_r
 .text._fflush_r
                0x0000000008008e24       0x4a /opt/st/stm32cubeide_1.11.0/plugins/com.st.stm32cube.ide.mcu.externaltools.gnu-tools-for-stm32.10.3-2021.10.linux64_1.0.100.202210260954/tools/bin/../lib/gcc/arm-none-eabi/10.3.1/../../../../arm-none-eabi/lib/thumb/v7e-m+fp/hard/libc.a(lib_a-fflush.o)
                0x0000000008008e24                _fflush_r
 *fill*         0x0000000008008e6e        0x2 
 .text.fiprintf
                0x0000000008008e70       0x24 /opt/st/stm32cubeide_1.11.0/plugins/com.st.stm32cube.ide.mcu.externaltools.gnu-tools-for-stm32.10.3-2021.10.linux64_1.0.100.202210260954/tools/bin/../lib/gcc/arm-none-eabi/10.3.1/../../../../arm-none-eabi/lib/thumb/v7e-m+fp/hard/libc.a(lib_a-fiprintf.o)
                0x0000000008008e70                fiprintf
 .text.__locale_mb_cur_max
                0x0000000008008e94        0xc /opt/st/stm32cubeide_1.11.0/plugins/com.st.stm32cube.ide.mcu.externaltools.gnu-tools-for-stm32.10.3-2021.10.linux64_1.0.100.202210260954/tools/bin/../lib/gcc/arm-none-eabi/10.3.1/../../../../arm-none-eabi/lib/thumb/v7e-m+fp/hard/libc.a(lib_a-locale.o)
                0x0000000008008e94                __locale_mb_cur_max
 .text._lseek_r
                0x0000000008008ea0       0x24 /opt/st/stm32cubeide_1.11.0/plugins/com.st.stm32cube.ide.mcu.externaltools.gnu-tools-for-stm32.10.3-2021.10.linux64_1.0.100.202210260954/tools/bin/../lib/gcc/arm-none-eabi/10.3.1/../../../../arm-none-eabi/lib/thumb/v7e-m+fp/hard/libc.a(lib_a-lseekr.o)
                0x0000000008008ea0                _lseek_r
 .text.__swhatbuf_r
                0x0000000008008ec4       0x58 /opt/st/stm32cubeide_1.11.0/plugins/com.st.stm32cube.ide.mcu.externaltools.gnu-tools-for-stm32.10.3-2021.10.linux64_1.0.100.202210260954/tools/bin/../lib/gcc/arm-none-eabi/10.3.1/../../../../arm-none-eabi/lib/thumb/v7e-m+fp/hard/libc.a(lib_a-makebuf.o)
                0x0000000008008ec4                __swhatbuf_r
 .text.__smakebuf_r
                0x0000000008008f1c       0x80 /opt/st/stm32cubeide_1.11.0/plugins/com.st.stm32cube.ide.mcu.externaltools.gnu-tools-for-stm32.10.3-2021.10.linux64_1.0.100.202210260954/tools/bin/../lib/gcc/arm-none-eabi/10.3.1/../../../../arm-none-eabi/lib/thumb/v7e-m+fp/hard/libc.a(lib_a-makebuf.o)
                0x0000000008008f1c                __smakebuf_r
 .text.__ascii_mbtowc
                0x0000000008008f9c       0x24 /opt/st/stm32cubeide_1.11.0/plugins/com.st.stm32cube.ide.mcu.externaltools.gnu-tools-for-stm32.10.3-2021.10.linux64_1.0.100.202210260954/tools/bin/../lib/gcc/arm-none-eabi/10.3.1/../../../../arm-none-eabi/lib/thumb/v7e-m+fp/hard/libc.a(lib_a-mbtowc_r.o)
                0x0000000008008f9c                __ascii_mbtowc
 .text._read_r  0x0000000008008fc0       0x24 /opt/st/stm32cubeide_1.11.0/plugins/com.st.stm32cube.ide.mcu.externaltools.gnu-tools-for-stm32.10.3-2021.10.linux64_1.0.100.202210260954/tools/bin/../lib/gcc/arm-none-eabi/10.3.1/../../../../arm-none-eabi/lib/thumb/v7e-m+fp/hard/libc.a(lib_a-readr.o)
                0x0000000008008fc0                _read_r
 .text.__sprint_r
                0x0000000008008fe4       0x64 /opt/st/stm32cubeide_1.11.0/plugins/com.st.stm32cube.ide.mcu.externaltools.gnu-tools-for-stm32.10.3-2021.10.linux64_1.0.100.202210260954/tools/bin/../lib/gcc/arm-none-eabi/10.3.1/../../../../arm-none-eabi/lib/thumb/v7e-m+fp/hard/libc.a(lib_a-vfiprintf.o)
                0x0000000008008fe4                __sprint_r
 .text._vfiprintf_r
                0x0000000008009048      0x92c /opt/st/stm32cubeide_1.11.0/plugins/com.st.stm32cube.ide.mcu.externaltools.gnu-tools-for-stm32.10.3-2021.10.linux64_1.0.100.202210260954/tools/bin/../lib/gcc/arm-none-eabi/10.3.1/../../../../arm-none-eabi/lib/thumb/v7e-m+fp/hard/libc.a(lib_a-vfiprintf.o)
                0x0000000008009048                _vfiprintf_r
 .text.__sbprintf
                0x0000000008009974       0x80 /opt/st/stm32cubeide_1.11.0/plugins/com.st.stm32cube.ide.mcu.externaltools.gnu-tools-for-stm32.10.3-2021.10.linux64_1.0.100.202210260954/tools/bin/../lib/gcc/arm-none-eabi/10.3.1/../../../../arm-none-eabi/lib/thumb/v7e-m+fp/hard/libc.a(lib_a-vfiprintf.o)
 .text.__ascii_wctomb
                0x00000000080099f4       0x1a /opt/st/stm32cubeide_1.11.0/plugins/com.st.stm32cube.ide.mcu.externaltools.gnu-tools-for-stm32.10.3-2021.10.linux64_1.0.100.202210260954/tools/bin/../lib/gcc/arm-none-eabi/10.3.1/../../../../arm-none-eabi/lib/thumb/v7e-m+fp/hard/libc.a(lib_a-wctomb_r.o)
                0x00000000080099f4                __ascii_wctomb
 .text.abort    0x0000000008009a0e        0xe /opt/st/stm32cubeide_1.11.0/plugins/com.st.stm32cube.ide.mcu.externaltools.gnu-tools-for-stm32.10.3-2021.10.linux64_1.0.100.202210260954/tools/bin/../lib/gcc/arm-none-eabi/10.3.1/../../../../arm-none-eabi/lib/thumb/v7e-m+fp/hard/libc.a(lib_a-abort.o)
                0x0000000008009a0e                abort
 .text.__fputwc
                0x0000000008009a1c       0x82 /opt/st/stm32cubeide_1.11.0/plugins/com.st.stm32cube.ide.mcu.externaltools.gnu-tools-for-stm32.10.3-2021.10.linux64_1.0.100.202210260954/tools/bin/../lib/gcc/arm-none-eabi/10.3.1/../../../../arm-none-eabi/lib/thumb/v7e-m+fp/hard/libc.a(lib_a-fputwc.o)
                0x0000000008009a1c                __fputwc
 .text._fputwc_r
                0x0000000008009a9e       0x54 /opt/st/stm32cubeide_1.11.0/plugins/com.st.stm32cube.ide.mcu.externaltools.gnu-tools-for-stm32.10.3-2021.10.linux64_1.0.100.202210260954/tools/bin/../lib/gcc/arm-none-eabi/10.3.1/../../../../arm-none-eabi/lib/thumb/v7e-m+fp/hard/libc.a(lib_a-fputwc.o)
                0x0000000008009a9e                _fputwc_r
 *fill*         0x0000000008009af2        0x2 
 .text._fstat_r
                0x0000000008009af4       0x24 /opt/st/stm32cubeide_1.11.0/plugins/com.st.stm32cube.ide.mcu.externaltools.gnu-tools-for-stm32.10.3-2021.10.linux64_1.0.100.202210260954/tools/bin/../lib/gcc/arm-none-eabi/10.3.1/../../../../arm-none-eabi/lib/thumb/v7e-m+fp/hard/libc.a(lib_a-fstatr.o)
                0x0000000008009af4                _fstat_r
 .text._isatty_r
                0x0000000008009b18       0x20 /opt/st/stm32cubeide_1.11.0/plugins/com.st.stm32cube.ide.mcu.externaltools.gnu-tools-for-stm32.10.3-2021.10.linux64_1.0.100.202210260954/tools/bin/../lib/gcc/arm-none-eabi/10.3.1/../../../../arm-none-eabi/lib/thumb/v7e-m+fp/hard/libc.a(lib_a-isattyr.o)
                0x0000000008009b18                _isatty_r
 .text._raise_r
                0x0000000008009b38       0x52 /opt/st/stm32cubeide_1.11.0/plugins/com.st.stm32cube.ide.mcu.externaltools.gnu-tools-for-stm32.10.3-2021.10.linux64_1.0.100.202210260954/tools/bin/../lib/gcc/arm-none-eabi/10.3.1/../../../../arm-none-eabi/lib/thumb/v7e-m+fp/hard/libc.a(lib_a-signal.o)
                0x0000000008009b38                _raise_r
 *fill*         0x0000000008009b8a        0x2 
 .text.raise    0x0000000008009b8c       0x10 /opt/st/stm32cubeide_1.11.0/plugins/com.st.stm32cube.ide.mcu.externaltools.gnu-tools-for-stm32.10.3-2021.10.linux64_1.0.100.202210260954/tools/bin/../lib/gcc/arm-none-eabi/10.3.1/../../../../arm-none-eabi/lib/thumb/v7e-m+fp/hard/libc.a(lib_a-signal.o)
                0x0000000008009b8c                raise
 .text._kill_r  0x0000000008009b9c       0x24 /opt/st/stm32cubeide_1.11.0/plugins/com.st.stm32cube.ide.mcu.externaltools.gnu-tools-for-stm32.10.3-2021.10.linux64_1.0.100.202210260954/tools/bin/../lib/gcc/arm-none-eabi/10.3.1/../../../../arm-none-eabi/lib/thumb/v7e-m+fp/hard/libc.a(lib_a-signalr.o)
                0x0000000008009b9c                _kill_r
 .text._getpid_r
                0x0000000008009bc0        0x4 /opt/st/stm32cubeide_1.11.0/plugins/com.st.stm32cube.ide.mcu.externaltools.gnu-tools-for-stm32.10.3-2021.10.linux64_1.0.100.202210260954/tools/bin/../lib/gcc/arm-none-eabi/10.3.1/../../../../arm-none-eabi/lib/thumb/v7e-m+fp/hard/libc.a(lib_a-signalr.o)
                0x0000000008009bc0                _getpid_r
 .text.__swbuf_r
                0x0000000008009bc4       0x92 /opt/st/stm32cubeide_1.11.0/plugins/com.st.stm32cube.ide.mcu.externaltools.gnu-tools-for-stm32.10.3-2021.10.linux64_1.0.100.202210260954/tools/bin/../lib/gcc/arm-none-eabi/10.3.1/../../../../arm-none-eabi/lib/thumb/v7e-m+fp/hard/libc.a(lib_a-wbuf.o)
                0x0000000008009bc4                __swbuf_r
 *fill*         0x0000000008009c56        0x2 
 .text._wcrtomb_r
                0x0000000008009c58       0x2c /opt/st/stm32cubeide_1.11.0/plugins/com.st.stm32cube.ide.mcu.externaltools.gnu-tools-for-stm32.10.3-2021.10.linux64_1.0.100.202210260954/tools/bin/../lib/gcc/arm-none-eabi/10.3.1/../../../../arm-none-eabi/lib/thumb/v7e-m+fp/hard/libc.a(lib_a-wcrtomb.o)
                0x0000000008009c58                _wcrtomb_r
 .text._close   0x0000000008009c84       0x10 /opt/st/stm32cubeide_1.11.0/plugins/com.st.stm32cube.ide.mcu.externaltools.gnu-tools-for-stm32.10.3-2021.10.linux64_1.0.100.202210260954/tools/bin/../lib/gcc/arm-none-eabi/10.3.1/../../../../arm-none-eabi/lib/thumb/v7e-m+fp/hard/libnosys.a(close.o)
                0x0000000008009c84                _close
 .text._fstat   0x0000000008009c94       0x10 /opt/st/stm32cubeide_1.11.0/plugins/com.st.stm32cube.ide.mcu.externaltools.gnu-tools-for-stm32.10.3-2021.10.linux64_1.0.100.202210260954/tools/bin/../lib/gcc/arm-none-eabi/10.3.1/../../../../arm-none-eabi/lib/thumb/v7e-m+fp/hard/libnosys.a(fstat.o)
                0x0000000008009c94                _fstat
 .text._getpid  0x0000000008009ca4       0x10 /opt/st/stm32cubeide_1.11.0/plugins/com.st.stm32cube.ide.mcu.externaltools.gnu-tools-for-stm32.10.3-2021.10.linux64_1.0.100.202210260954/tools/bin/../lib/gcc/arm-none-eabi/10.3.1/../../../../arm-none-eabi/lib/thumb/v7e-m+fp/hard/libnosys.a(getpid.o)
                0x0000000008009ca4                _getpid
 .text._isatty  0x0000000008009cb4       0x10 /opt/st/stm32cubeide_1.11.0/plugins/com.st.stm32cube.ide.mcu.externaltools.gnu-tools-for-stm32.10.3-2021.10.linux64_1.0.100.202210260954/tools/bin/../lib/gcc/arm-none-eabi/10.3.1/../../../../arm-none-eabi/lib/thumb/v7e-m+fp/hard/libnosys.a(isatty.o)
                0x0000000008009cb4                _isatty
 .text._kill    0x0000000008009cc4       0x10 /opt/st/stm32cubeide_1.11.0/plugins/com.st.stm32cube.ide.mcu.externaltools.gnu-tools-for-stm32.10.3-2021.10.linux64_1.0.100.202210260954/tools/bin/../lib/gcc/arm-none-eabi/10.3.1/../../../../arm-none-eabi/lib/thumb/v7e-m+fp/hard/libnosys.a(kill.o)
                0x0000000008009cc4                _kill
 .text._lseek   0x0000000008009cd4       0x10 /opt/st/stm32cubeide_1.11.0/plugins/com.st.stm32cube.ide.mcu.externaltools.gnu-tools-for-stm32.10.3-2021.10.linux64_1.0.100.202210260954/tools/bin/../lib/gcc/arm-none-eabi/10.3.1/../../../../arm-none-eabi/lib/thumb/v7e-m+fp/hard/libnosys.a(lseek.o)
                0x0000000008009cd4                _lseek
 .text._read    0x0000000008009ce4       0x10 /opt/st/stm32cubeide_1.11.0/plugins/com.st.stm32cube.ide.mcu.externaltools.gnu-tools-for-stm32.10.3-2021.10.linux64_1.0.100.202210260954/tools/bin/../lib/gcc/arm-none-eabi/10.3.1/../../../../arm-none-eabi/lib/thumb/v7e-m+fp/hard/libnosys.a(read.o)
                0x0000000008009ce4                _read
 .text._write   0x0000000008009cf4       0x10 /opt/st/stm32cubeide_1.11.0/plugins/com.st.stm32cube.ide.mcu.externaltools.gnu-tools-for-stm32.10.3-2021.10.linux64_1.0.100.202210260954/tools/bin/../lib/gcc/arm-none-eabi/10.3.1/../../../../arm-none-eabi/lib/thumb/v7e-m+fp/hard/libnosys.a(write.o)
                0x0000000008009cf4                _write
 .text._exit    0x0000000008009d04        0x2 /opt/st/stm32cubeide_1.11.0/plugins/com.st.stm32cube.ide.mcu.externaltools.gnu-tools-for-stm32.10.3-2021.10.linux64_1.0.100.202210260954/tools/bin/../lib/gcc/arm-none-eabi/10.3.1/../../../../arm-none-eabi/lib/thumb/v7e-m+fp/hard/libnosys.a(_exit.o)
                0x0000000008009d04                _exit
 *(.glue_7)
 .glue_7        0x0000000008009d06        0x0 linker stubs
 *(.glue_7t)
 .glue_7t       0x0000000008009d06        0x0 linker stubs
 *(.eh_frame)
 *fill*         0x0000000008009d06        0x2 
 .eh_frame      0x0000000008009d08        0x0 /opt/st/stm32cubeide_1.11.0/plugins/com.st.stm32cube.ide.mcu.externaltools.gnu-tools-for-stm32.10.3-2021.10.linux64_1.0.100.202210260954/tools/bin/../lib/gcc/arm-none-eabi/10.3.1/thumb/v7e-m+fp/hard/crtbegin.o
 *(.init)
 .init          0x0000000008009d08        0x4 /opt/st/stm32cubeide_1.11.0/plugins/com.st.stm32cube.ide.mcu.externaltools.gnu-tools-for-stm32.10.3-2021.10.linux64_1.0.100.202210260954/tools/bin/../lib/gcc/arm-none-eabi/10.3.1/thumb/v7e-m+fp/hard/crti.o
                0x0000000008009d08                _init
 .init          0x0000000008009d0c        0x8 /opt/st/stm32cubeide_1.11.0/plugins/com.st.stm32cube.ide.mcu.externaltools.gnu-tools-for-stm32.10.3-2021.10.linux64_1.0.100.202210260954/tools/bin/../lib/gcc/arm-none-eabi/10.3.1/thumb/v7e-m+fp/hard/crtn.o
 *(.fini)
 .fini          0x0000000008009d14        0x4 /opt/st/stm32cubeide_1.11.0/plugins/com.st.stm32cube.ide.mcu.externaltools.gnu-tools-for-stm32.10.3-2021.10.linux64_1.0.100.202210260954/tools/bin/../lib/gcc/arm-none-eabi/10.3.1/thumb/v7e-m+fp/hard/crti.o
                0x0000000008009d14                _fini
 .fini          0x0000000008009d18        0x8 /opt/st/stm32cubeide_1.11.0/plugins/com.st.stm32cube.ide.mcu.externaltools.gnu-tools-for-stm32.10.3-2021.10.linux64_1.0.100.202210260954/tools/bin/../lib/gcc/arm-none-eabi/10.3.1/thumb/v7e-m+fp/hard/crtn.o
                0x0000000008009d20                . = ALIGN (0x4)
                0x0000000008009d20                _etext = .

.vfp11_veneer   0x0000000008009d20        0x0
 .vfp11_veneer  0x0000000008009d20        0x0 linker stubs

.v4_bx          0x0000000008009d20        0x0
 .v4_bx         0x0000000008009d20        0x0 linker stubs

.iplt           0x0000000008009d20        0x0
 .iplt          0x0000000008009d20        0x0 /opt/st/stm32cubeide_1.11.0/plugins/com.st.stm32cube.ide.mcu.externaltools.gnu-tools-for-stm32.10.3-2021.10.linux64_1.0.100.202210260954/tools/bin/../lib/gcc/arm-none-eabi/10.3.1/thumb/v7e-m+fp/hard/crtbegin.o

.rodata         0x0000000008009d20     0x4dc4
                0x0000000008009d20                . = ALIGN (0x4)
 *(.rodata)
 .rodata        0x0000000008009d20       0x10 ./X-CUBE-AI/App/network_data.o
 *(.rodata*)
 .rodata.aiInit.str1.4
                0x0000000008009d30       0x18 ./Core/Src/main.o
 .rodata.aiRun.str1.4
                0x0000000008009d48       0x1a ./Core/Src/main.o
 *fill*         0x0000000008009d62        0x2 
 .rodata.main.str1.4
                0x0000000008009d64       0x57 ./Core/Src/main.o
 *fill*         0x0000000008009dbb        0x1 
 .rodata.AHBPrescTable
                0x0000000008009dbc       0x10 ./Core/Src/system_stm32f4xx.o
                0x0000000008009dbc                AHBPrescTable
 .rodata.APBPrescTable
                0x0000000008009dcc        0x8 ./Core/Src/system_stm32f4xx.o
                0x0000000008009dcc                APBPrescTable
 .rodata.flagBitshiftOffset.0
                0x0000000008009dd4        0x8 ./Drivers/STM32F4xx_HAL_Driver/Src/stm32f4xx_hal_dma.o
 .rodata.dense_0_chain
                0x0000000008009ddc        0x8 ./X-CUBE-AI/App/network.o
 .rodata.dense_1_chain
                0x0000000008009de4        0x8 ./X-CUBE-AI/App/network.o
 .rodata.dense_2_chain
                0x0000000008009dec        0x8 ./X-CUBE-AI/App/network.o
 .rodata.nl_0_nl_chain
                0x0000000008009df4        0x8 ./X-CUBE-AI/App/network.o
 .rodata.nl_1_nl_chain
                0x0000000008009dfc        0x8 ./X-CUBE-AI/App/network.o
 .rodata.nl_3_chain
                0x0000000008009e04        0x8 ./X-CUBE-AI/App/network.o
 *fill*         0x0000000008009e0c       0x14 
 .rodata.s_network_weights_array_u64
                0x0000000008009e20     0x4918 ./X-CUBE-AI/App/network_data_params.o
                0x0000000008009e20                s_network_weights_array_u64
 .rodata.halF   0x000000000800e738        0x8 /opt/st/stm32cubeide_1.11.0/plugins/com.st.stm32cube.ide.mcu.externaltools.gnu-tools-for-stm32.10.3-2021.10.linux64_1.0.100.202210260954/tools/bin/../lib/gcc/arm-none-eabi/10.3.1/../../../../arm-none-eabi/lib/thumb/v7e-m+fp/hard/libm.a(lib_a-ef_exp.o)
 .rodata.ln2HI  0x000000000800e740        0x8 /opt/st/stm32cubeide_1.11.0/plugins/com.st.stm32cube.ide.mcu.externaltools.gnu-tools-for-stm32.10.3-2021.10.linux64_1.0.100.202210260954/tools/bin/../lib/gcc/arm-none-eabi/10.3.1/../../../../arm-none-eabi/lib/thumb/v7e-m+fp/hard/libm.a(lib_a-ef_exp.o)
 .rodata.ln2LO  0x000000000800e748        0x8 /opt/st/stm32cubeide_1.11.0/plugins/com.st.stm32cube.ide.mcu.externaltools.gnu-tools-for-stm32.10.3-2021.10.linux64_1.0.100.202210260954/tools/bin/../lib/gcc/arm-none-eabi/10.3.1/../../../../arm-none-eabi/lib/thumb/v7e-m+fp/hard/libm.a(lib_a-ef_exp.o)
 .rodata._global_impure_ptr
                0x000000000800e750        0x4 /opt/st/stm32cubeide_1.11.0/plugins/com.st.stm32cube.ide.mcu.externaltools.gnu-tools-for-stm32.10.3-2021.10.linux64_1.0.100.202210260954/tools/bin/../lib/gcc/arm-none-eabi/10.3.1/../../../../arm-none-eabi/lib/thumb/v7e-m+fp/hard/libc.a(lib_a-impure.o)
                0x000000000800e750                _global_impure_ptr
 .rodata._puts_r.str1.1
                0x000000000800e754        0x0 /opt/st/stm32cubeide_1.11.0/plugins/com.st.stm32cube.ide.mcu.externaltools.gnu-tools-for-stm32.10.3-2021.10.linux64_1.0.100.202210260954/tools/bin/../lib/gcc/arm-none-eabi/10.3.1/../../../../arm-none-eabi/lib/thumb/v7e-m+fp/hard/libc.a(lib_a-puts.o)
                                          0x2 (size before relaxing)
 .rodata._svfprintf_r.str1.1
                0x000000000800e754       0x34 /opt/st/stm32cubeide_1.11.0/plugins/com.st.stm32cube.ide.mcu.externaltools.gnu-tools-for-stm32.10.3-2021.10.linux64_1.0.100.202210260954/tools/bin/../lib/gcc/arm-none-eabi/10.3.1/../../../../arm-none-eabi/lib/thumb/v7e-m+fp/hard/libc.a(lib_a-svfprintf.o)
 .rodata.blanks.1
                0x000000000800e788       0x10 /opt/st/stm32cubeide_1.11.0/plugins/com.st.stm32cube.ide.mcu.externaltools.gnu-tools-for-stm32.10.3-2021.10.linux64_1.0.100.202210260954/tools/bin/../lib/gcc/arm-none-eabi/10.3.1/../../../../arm-none-eabi/lib/thumb/v7e-m+fp/hard/libc.a(lib_a-svfprintf.o)
 .rodata.zeroes.0
                0x000000000800e798       0x10 /opt/st/stm32cubeide_1.11.0/plugins/com.st.stm32cube.ide.mcu.externaltools.gnu-tools-for-stm32.10.3-2021.10.linux64_1.0.100.202210260954/tools/bin/../lib/gcc/arm-none-eabi/10.3.1/../../../../arm-none-eabi/lib/thumb/v7e-m+fp/hard/libc.a(lib_a-svfprintf.o)
 .rodata._dtoa_r.str1.1
                0x000000000800e7a8       0x79 /opt/st/stm32cubeide_1.11.0/plugins/com.st.stm32cube.ide.mcu.externaltools.gnu-tools-for-stm32.10.3-2021.10.linux64_1.0.100.202210260954/tools/bin/../lib/gcc/arm-none-eabi/10.3.1/../../../../arm-none-eabi/lib/thumb/v7e-m+fp/hard/libc.a(lib_a-dtoa.o)
                                         0x7b (size before relaxing)
 .rodata.__multadd.str1.1
                0x000000000800e821       0x5c /opt/st/stm32cubeide_1.11.0/plugins/com.st.stm32cube.ide.mcu.externaltools.gnu-tools-for-stm32.10.3-2021.10.linux64_1.0.100.202210260954/tools/bin/../lib/gcc/arm-none-eabi/10.3.1/../../../../arm-none-eabi/lib/thumb/v7e-m+fp/hard/libc.a(lib_a-mprec.o)
                                         0x6d (size before relaxing)
 *fill*         0x000000000800e87d        0x3 
 .rodata.__mprec_bigtens
                0x000000000800e880       0x28 /opt/st/stm32cubeide_1.11.0/plugins/com.st.stm32cube.ide.mcu.externaltools.gnu-tools-for-stm32.10.3-2021.10.linux64_1.0.100.202210260954/tools/bin/../lib/gcc/arm-none-eabi/10.3.1/../../../../arm-none-eabi/lib/thumb/v7e-m+fp/hard/libc.a(lib_a-mprec.o)
                0x000000000800e880                __mprec_bigtens
 .rodata.__mprec_tens
                0x000000000800e8a8       0xc8 /opt/st/stm32cubeide_1.11.0/plugins/com.st.stm32cube.ide.mcu.externaltools.gnu-tools-for-stm32.10.3-2021.10.linux64_1.0.100.202210260954/tools/bin/../lib/gcc/arm-none-eabi/10.3.1/../../../../arm-none-eabi/lib/thumb/v7e-m+fp/hard/libc.a(lib_a-mprec.o)
                0x000000000800e8a8                __mprec_tens
 .rodata.p05.0  0x000000000800e970        0xc /opt/st/stm32cubeide_1.11.0/plugins/com.st.stm32cube.ide.mcu.externaltools.gnu-tools-for-stm32.10.3-2021.10.linux64_1.0.100.202210260954/tools/bin/../lib/gcc/arm-none-eabi/10.3.1/../../../../arm-none-eabi/lib/thumb/v7e-m+fp/hard/libc.a(lib_a-mprec.o)
 .rodata.__assert_func.str1.1
                0x000000000800e97c       0x3c /opt/st/stm32cubeide_1.11.0/plugins/com.st.stm32cube.ide.mcu.externaltools.gnu-tools-for-stm32.10.3-2021.10.linux64_1.0.100.202210260954/tools/bin/../lib/gcc/arm-none-eabi/10.3.1/../../../../arm-none-eabi/lib/thumb/v7e-m+fp/hard/libc.a(lib_a-assert.o)
                                         0x3d (size before relaxing)
 .rodata._setlocale_r.str1.1
                0x000000000800e9b8        0x8 /opt/st/stm32cubeide_1.11.0/plugins/com.st.stm32cube.ide.mcu.externaltools.gnu-tools-for-stm32.10.3-2021.10.linux64_1.0.100.202210260954/tools/bin/../lib/gcc/arm-none-eabi/10.3.1/../../../../arm-none-eabi/lib/thumb/v7e-m+fp/hard/libc.a(lib_a-locale.o)
                                          0x9 (size before relaxing)
 .rodata.str1.1
                0x000000000800e9c0        0x2 /opt/st/stm32cubeide_1.11.0/plugins/com.st.stm32cube.ide.mcu.externaltools.gnu-tools-for-stm32.10.3-2021.10.linux64_1.0.100.202210260954/tools/bin/../lib/gcc/arm-none-eabi/10.3.1/../../../../arm-none-eabi/lib/thumb/v7e-m+fp/hard/libc.a(lib_a-locale.o)
 .rodata._vfiprintf_r.str1.1
                0x000000000800e9c2       0x22 /opt/st/stm32cubeide_1.11.0/plugins/com.st.stm32cube.ide.mcu.externaltools.gnu-tools-for-stm32.10.3-2021.10.linux64_1.0.100.202210260954/tools/bin/../lib/gcc/arm-none-eabi/10.3.1/../../../../arm-none-eabi/lib/thumb/v7e-m+fp/hard/libc.a(lib_a-vfiprintf.o)
 .rodata.blanks.1
                0x000000000800e9c2       0x10 /opt/st/stm32cubeide_1.11.0/plugins/com.st.stm32cube.ide.mcu.externaltools.gnu-tools-for-stm32.10.3-2021.10.linux64_1.0.100.202210260954/tools/bin/../lib/gcc/arm-none-eabi/10.3.1/../../../../arm-none-eabi/lib/thumb/v7e-m+fp/hard/libc.a(lib_a-vfiprintf.o)
 .rodata.zeroes.0
                0x000000000800e9d2       0x10 /opt/st/stm32cubeide_1.11.0/plugins/com.st.stm32cube.ide.mcu.externaltools.gnu-tools-for-stm32.10.3-2021.10.linux64_1.0.100.202210260954/tools/bin/../lib/gcc/arm-none-eabi/10.3.1/../../../../arm-none-eabi/lib/thumb/v7e-m+fp/hard/libc.a(lib_a-vfiprintf.o)
 .rodata._ctype_
                0x000000000800e9e2      0x101 /opt/st/stm32cubeide_1.11.0/plugins/com.st.stm32cube.ide.mcu.externaltools.gnu-tools-for-stm32.10.3-2021.10.linux64_1.0.100.202210260954/tools/bin/../lib/gcc/arm-none-eabi/10.3.1/../../../../arm-none-eabi/lib/thumb/v7e-m+fp/hard/libc.a(lib_a-ctype_.o)
                0x000000000800e9e2                _ctype_
                0x000000000800eae4                . = ALIGN (0x4)
 *fill*         0x000000000800eae3        0x1 

.ARM.extab      0x000000000800eae4        0x0
                0x000000000800eae4                . = ALIGN (0x4)
 *(.ARM.extab* .gnu.linkonce.armextab.*)
                0x000000000800eae4                . = ALIGN (0x4)

.ARM            0x000000000800eae4        0x8
                0x000000000800eae4                . = ALIGN (0x4)
                0x000000000800eae4                __exidx_start = .
 *(.ARM.exidx*)
 .ARM.exidx     0x000000000800eae4        0x8 /opt/st/stm32cubeide_1.11.0/plugins/com.st.stm32cube.ide.mcu.externaltools.gnu-tools-for-stm32.10.3-2021.10.linux64_1.0.100.202210260954/tools/bin/../lib/gcc/arm-none-eabi/10.3.1/thumb/v7e-m+fp/hard/libgcc.a(_udivmoddi4.o)
                0x000000000800eaec                __exidx_end = .
                0x000000000800eaec                . = ALIGN (0x4)

.rel.dyn        0x000000000800eaec        0x0
 .rel.iplt      0x000000000800eaec        0x0 /opt/st/stm32cubeide_1.11.0/plugins/com.st.stm32cube.ide.mcu.externaltools.gnu-tools-for-stm32.10.3-2021.10.linux64_1.0.100.202210260954/tools/bin/../lib/gcc/arm-none-eabi/10.3.1/thumb/v7e-m+fp/hard/crtbegin.o

.preinit_array  0x000000000800eaec        0x0
                0x000000000800eaec                . = ALIGN (0x4)
                0x000000000800eaec                PROVIDE (__preinit_array_start = .)
 *(.preinit_array*)
                0x000000000800eaec                PROVIDE (__preinit_array_end = .)
                0x000000000800eaec                . = ALIGN (0x4)

.init_array     0x000000000800eaec        0x8
                0x000000000800eaec                . = ALIGN (0x4)
                0x000000000800eaec                PROVIDE (__init_array_start = .)
 *(SORT_BY_NAME(.init_array.*))
 .init_array.00000
                0x000000000800eaec        0x4 /opt/st/stm32cubeide_1.11.0/plugins/com.st.stm32cube.ide.mcu.externaltools.gnu-tools-for-stm32.10.3-2021.10.linux64_1.0.100.202210260954/tools/bin/../lib/gcc/arm-none-eabi/10.3.1/../../../../arm-none-eabi/lib/thumb/v7e-m+fp/hard/libc.a(lib_a-__call_atexit.o)
 *(.init_array*)
 .init_array    0x000000000800eaf0        0x4 /opt/st/stm32cubeide_1.11.0/plugins/com.st.stm32cube.ide.mcu.externaltools.gnu-tools-for-stm32.10.3-2021.10.linux64_1.0.100.202210260954/tools/bin/../lib/gcc/arm-none-eabi/10.3.1/thumb/v7e-m+fp/hard/crtbegin.o
                0x000000000800eaf4                PROVIDE (__init_array_end = .)
                0x000000000800eaf4                . = ALIGN (0x4)

.fini_array     0x000000000800eaf4        0x4
                0x000000000800eaf4                . = ALIGN (0x4)
                0x000000000800eaf4                PROVIDE (__fini_array_start = .)
 *(SORT_BY_NAME(.fini_array.*))
 *(.fini_array*)
 .fini_array    0x000000000800eaf4        0x4 /opt/st/stm32cubeide_1.11.0/plugins/com.st.stm32cube.ide.mcu.externaltools.gnu-tools-for-stm32.10.3-2021.10.linux64_1.0.100.202210260954/tools/bin/../lib/gcc/arm-none-eabi/10.3.1/thumb/v7e-m+fp/hard/crtbegin.o
                0x000000000800eaf8                PROVIDE (__fini_array_end = .)
                0x000000000800eaf8                . = ALIGN (0x4)
                0x000000000800eaf8                _sidata = LOADADDR (.data)

.data           0x0000000020000000     0x10e8 load address 0x000000000800eaf8
                0x0000000020000000                . = ALIGN (0x4)
                0x0000000020000000                _sdata = .
 *(.data)
 *(.data*)
 .data.SystemCoreClock
                0x0000000020000000        0x4 ./Core/Src/system_stm32f4xx.o
                0x0000000020000000                SystemCoreClock
 .data.uwTickFreq
                0x0000000020000004        0x1 ./Drivers/STM32F4xx_HAL_Driver/Src/stm32f4xx_hal.o
                0x0000000020000004                uwTickFreq
 *fill*         0x0000000020000005        0x3 
 .data.uwTickPrio
                0x0000000020000008        0x4 ./Drivers/STM32F4xx_HAL_Driver/Src/stm32f4xx_hal.o
                0x0000000020000008                uwTickPrio
 .data.__compound_literal.0
                0x000000002000000c       0x10 ./X-CUBE-AI/App/network.o
 .data.__compound_literal.1
                0x000000002000001c       0x10 ./X-CUBE-AI/App/network.o
 .data.__compound_literal.10
                0x000000002000002c       0x10 ./X-CUBE-AI/App/network.o
 .data.__compound_literal.11
                0x000000002000003c       0x10 ./X-CUBE-AI/App/network.o
 .data.__compound_literal.12
                0x000000002000004c       0x10 ./X-CUBE-AI/App/network.o
 .data.__compound_literal.13
                0x000000002000005c       0x10 ./X-CUBE-AI/App/network.o
 .data.__compound_literal.14
                0x000000002000006c       0x10 ./X-CUBE-AI/App/network.o
 .data.__compound_literal.15
                0x000000002000007c       0x10 ./X-CUBE-AI/App/network.o
 .data.__compound_literal.16
                0x000000002000008c       0x10 ./X-CUBE-AI/App/network.o
 .data.__compound_literal.17
                0x000000002000009c       0x10 ./X-CUBE-AI/App/network.o
 .data.__compound_literal.18
                0x00000000200000ac       0x10 ./X-CUBE-AI/App/network.o
 .data.__compound_literal.19
                0x00000000200000bc       0x10 ./X-CUBE-AI/App/network.o
 .data.__compound_literal.2
                0x00000000200000cc       0x10 ./X-CUBE-AI/App/network.o
 .data.__compound_literal.20
                0x00000000200000dc       0x10 ./X-CUBE-AI/App/network.o
 .data.__compound_literal.21
                0x00000000200000ec       0x10 ./X-CUBE-AI/App/network.o
 .data.__compound_literal.22
                0x00000000200000fc       0x10 ./X-CUBE-AI/App/network.o
 .data.__compound_literal.23
                0x000000002000010c       0x10 ./X-CUBE-AI/App/network.o
 .data.__compound_literal.24
                0x000000002000011c       0x10 ./X-CUBE-AI/App/network.o
 .data.__compound_literal.25
                0x000000002000012c       0x10 ./X-CUBE-AI/App/network.o
 .data.__compound_literal.26
                0x000000002000013c        0x4 ./X-CUBE-AI/App/network.o
 .data.__compound_literal.27
                0x0000000020000140        0x4 ./X-CUBE-AI/App/network.o
 .data.__compound_literal.3
                0x0000000020000144       0x10 ./X-CUBE-AI/App/network.o
 .data.__compound_literal.30
                0x0000000020000154       0x30 ./X-CUBE-AI/App/network.o
 .data.__compound_literal.31
                0x0000000020000184        0x4 ./X-CUBE-AI/App/network.o
 .data.__compound_literal.32
                0x0000000020000188        0x4 ./X-CUBE-AI/App/network.o
 .data.__compound_literal.33
                0x000000002000018c        0x8 ./X-CUBE-AI/App/network.o
 .data.__compound_literal.35
                0x0000000020000194       0x30 ./X-CUBE-AI/App/network.o
 .data.__compound_literal.36
                0x00000000200001c4        0x4 ./X-CUBE-AI/App/network.o
 .data.__compound_literal.37
                0x00000000200001c8        0x4 ./X-CUBE-AI/App/network.o
 .data.__compound_literal.4
                0x00000000200001cc       0x10 ./X-CUBE-AI/App/network.o
 .data.__compound_literal.40
                0x00000000200001dc       0x30 ./X-CUBE-AI/App/network.o
 .data.__compound_literal.41